<?xml version="1.0"?>
<link_info>
   <banner>TI ARM Linker PC v5.2.4</banner>
   <copyright>Copyright (c) 1996-2015 Texas Instruments Incorporated</copyright>
   <link_time>0x55ca03dd</link_time>
   <link_errors>0x0</link_errors>
   <output_file>[RYA2015]CodeMau.out</output_file>
   <entry_point>
      <name>_c_int00</name>
      <address>0x760d</address>
   </entry_point>
   <input_file_list>
      <input_file id="fl-2">
         <path>.\</path>
         <kind>object</kind>
         <file>SystemConfig.obj</file>
         <name>SystemConfig.obj</name>
      </input_file>
      <input_file id="fl-3">
         <path>.\</path>
         <kind>object</kind>
         <file>main.obj</file>
         <name>main.obj</name>
      </input_file>
      <input_file id="fl-4">
         <path>.\</path>
         <kind>object</kind>
         <file>startup_ccs.obj</file>
         <name>startup_ccs.obj</name>
      </input_file>
      <input_file id="fl-5">
         <path>.\slashing\</path>
         <kind>object</kind>
         <file>slashing.obj</file>
         <name>slashing.obj</name>
      </input_file>
      <input_file id="fl-6">
         <path>.\WallFollow\</path>
         <kind>object</kind>
         <file>PID.obj</file>
         <name>PID.obj</name>
      </input_file>
      <input_file id="fl-7">
         <path>.\WallFollow\</path>
         <kind>object</kind>
         <file>WallFollow.obj</file>
         <name>WallFollow.obj</name>
      </input_file>
      <input_file id="fl-8">
         <path>.\Timer\</path>
         <kind>object</kind>
         <file>Timer.obj</file>
         <name>Timer.obj</name>
      </input_file>
      <input_file id="fl-9">
         <path>.\STR\</path>
         <kind>object</kind>
         <file>Control_initialize.obj</file>
         <name>Control_initialize.obj</name>
      </input_file>
      <input_file id="fl-a">
         <path>.\STR\</path>
         <kind>object</kind>
         <file>STR_Indirect.obj</file>
         <name>STR_Indirect.obj</name>
      </input_file>
      <input_file id="fl-b">
         <path>.\STR\</path>
         <kind>object</kind>
         <file>Uocluong.obj</file>
         <name>Uocluong.obj</name>
      </input_file>
      <input_file id="fl-c">
         <path>.\STR\</path>
         <kind>object</kind>
         <file>rtGetInf.obj</file>
         <name>rtGetInf.obj</name>
      </input_file>
      <input_file id="fl-d">
         <path>.\STR\</path>
         <kind>object</kind>
         <file>rtGetNaN.obj</file>
         <name>rtGetNaN.obj</name>
      </input_file>
      <input_file id="fl-e">
         <path>.\STR\</path>
         <kind>object</kind>
         <file>rt_nonfinite.obj</file>
         <name>rt_nonfinite.obj</name>
      </input_file>
      <input_file id="fl-f">
         <path>.\STR\</path>
         <kind>object</kind>
         <file>speed_control.obj</file>
         <name>speed_control.obj</name>
      </input_file>
      <input_file id="fl-10">
         <path>.\QEI\</path>
         <kind>object</kind>
         <file>qei.obj</file>
         <name>qei.obj</name>
      </input_file>
      <input_file id="fl-11">
         <path>.\IR\</path>
         <kind>object</kind>
         <file>IR.obj</file>
         <name>IR.obj</name>
      </input_file>
      <input_file id="fl-12">
         <path>.\HostComm\</path>
         <kind>object</kind>
         <file>hostcomm.obj</file>
         <name>hostcomm.obj</name>
      </input_file>
      <input_file id="fl-13">
         <path>.\Eeprom\</path>
         <kind>object</kind>
         <file>EEPROM.obj</file>
         <name>EEPROM.obj</name>
      </input_file>
      <input_file id="fl-14">
         <path>.\Buzzer\</path>
         <kind>object</kind>
         <file>Buzzer.obj</file>
         <name>Buzzer.obj</name>
      </input_file>
      <input_file id="fl-15">
         <path>.\Button\</path>
         <kind>object</kind>
         <file>Button.obj</file>
         <name>Button.obj</name>
      </input_file>
      <input_file id="fl-16">
         <path>.\Bluetooth\</path>
         <kind>object</kind>
         <file>Bluetooth.obj</file>
         <name>Bluetooth.obj</name>
      </input_file>
      <input_file id="fl-17">
         <path>.\Bluetooth\</path>
         <kind>object</kind>
         <file>uartstdio.obj</file>
         <name>uartstdio.obj</name>
      </input_file>
      <input_file id="fl-18">
         <path>.\Bluetooth\</path>
         <kind>object</kind>
         <file>ustdlib.obj</file>
         <name>ustdlib.obj</name>
      </input_file>
      <input_file id="fl-19">
         <path>.\Battery\</path>
         <kind>object</kind>
         <file>Bettery.obj</file>
         <name>Bettery.obj</name>
      </input_file>
      <input_file id="fl-140">
         <path>D:\TI\ccsv6\tools\compiler\ti-cgt-arm_5.2.4\lib\</path>
         <kind>archive</kind>
         <file>rtsv7M4_T_le_v4SPD16_eabi.lib</file>
         <name>boot.obj</name>
      </input_file>
      <input_file id="fl-141">
         <path>D:\TI\ccsv6\tools\compiler\ti-cgt-arm_5.2.4\lib\</path>
         <kind>archive</kind>
         <file>rtsv7M4_T_le_v4SPD16_eabi.lib</file>
         <name>copy_decompress_none.obj</name>
      </input_file>
      <input_file id="fl-142">
         <path>D:\TI\ccsv6\tools\compiler\ti-cgt-arm_5.2.4\lib\</path>
         <kind>archive</kind>
         <file>rtsv7M4_T_le_v4SPD16_eabi.lib</file>
         <name>copy_decompress_rle.obj</name>
      </input_file>
      <input_file id="fl-143">
         <path>D:\TI\ccsv6\tools\compiler\ti-cgt-arm_5.2.4\lib\</path>
         <kind>archive</kind>
         <file>rtsv7M4_T_le_v4SPD16_eabi.lib</file>
         <name>copy_zero_init.obj</name>
      </input_file>
      <input_file id="fl-144">
         <path>D:\TI\ccsv6\tools\compiler\ti-cgt-arm_5.2.4\lib\</path>
         <kind>archive</kind>
         <file>rtsv7M4_T_le_v4SPD16_eabi.lib</file>
         <name>exit.obj</name>
      </input_file>
      <input_file id="fl-145">
         <path>D:\TI\ccsv6\tools\compiler\ti-cgt-arm_5.2.4\lib\</path>
         <kind>archive</kind>
         <file>rtsv7M4_T_le_v4SPD16_eabi.lib</file>
         <name>fd_add_t2.obj</name>
      </input_file>
      <input_file id="fl-146">
         <path>D:\TI\ccsv6\tools\compiler\ti-cgt-arm_5.2.4\lib\</path>
         <kind>archive</kind>
         <file>rtsv7M4_T_le_v4SPD16_eabi.lib</file>
         <name>fd_cmp_t2.obj</name>
      </input_file>
      <input_file id="fl-147">
         <path>D:\TI\ccsv6\tools\compiler\ti-cgt-arm_5.2.4\lib\</path>
         <kind>archive</kind>
         <file>rtsv7M4_T_le_v4SPD16_eabi.lib</file>
         <name>fd_div_t2.obj</name>
      </input_file>
      <input_file id="fl-148">
         <path>D:\TI\ccsv6\tools\compiler\ti-cgt-arm_5.2.4\lib\</path>
         <kind>archive</kind>
         <file>rtsv7M4_T_le_v4SPD16_eabi.lib</file>
         <name>fd_mul_t2.obj</name>
      </input_file>
      <input_file id="fl-149">
         <path>D:\TI\ccsv6\tools\compiler\ti-cgt-arm_5.2.4\lib\</path>
         <kind>archive</kind>
         <file>rtsv7M4_T_le_v4SPD16_eabi.lib</file>
         <name>fd_toi_t2.obj</name>
      </input_file>
      <input_file id="fl-14a">
         <path>D:\TI\ccsv6\tools\compiler\ti-cgt-arm_5.2.4\lib\</path>
         <kind>archive</kind>
         <file>rtsv7M4_T_le_v4SPD16_eabi.lib</file>
         <name>fd_tos_t2.obj</name>
      </input_file>
      <input_file id="fl-14b">
         <path>D:\TI\ccsv6\tools\compiler\ti-cgt-arm_5.2.4\lib\</path>
         <kind>archive</kind>
         <file>rtsv7M4_T_le_v4SPD16_eabi.lib</file>
         <name>fs_tod_t2.obj</name>
      </input_file>
      <input_file id="fl-14c">
         <path>D:\TI\ccsv6\tools\compiler\ti-cgt-arm_5.2.4\lib\</path>
         <kind>archive</kind>
         <file>rtsv7M4_T_le_v4SPD16_eabi.lib</file>
         <name>i_tofd_t2.obj</name>
      </input_file>
      <input_file id="fl-14d">
         <path>D:\TI\ccsv6\tools\compiler\ti-cgt-arm_5.2.4\lib\</path>
         <kind>archive</kind>
         <file>rtsv7M4_T_le_v4SPD16_eabi.lib</file>
         <name>memcpy_t2.obj</name>
      </input_file>
      <input_file id="fl-14e">
         <path>D:\TI\ccsv6\tools\compiler\ti-cgt-arm_5.2.4\lib\</path>
         <kind>archive</kind>
         <file>rtsv7M4_T_le_v4SPD16_eabi.lib</file>
         <name>memset_t2.obj</name>
      </input_file>
      <input_file id="fl-14f">
         <path>D:\TI\ccsv6\tools\compiler\ti-cgt-arm_5.2.4\lib\</path>
         <kind>archive</kind>
         <file>rtsv7M4_T_le_v4SPD16_eabi.lib</file>
         <name>pre_init.obj</name>
      </input_file>
      <input_file id="fl-150">
         <path>D:\TI\ccsv6\tools\compiler\ti-cgt-arm_5.2.4\lib\</path>
         <kind>archive</kind>
         <file>rtsv7M4_T_le_v4SPD16_eabi.lib</file>
         <name>stkdepth_vars.obj</name>
      </input_file>
      <input_file id="fl-151">
         <path>D:\TI\ccsv6\tools\compiler\ti-cgt-arm_5.2.4\lib\</path>
         <kind>archive</kind>
         <file>rtsv7M4_T_le_v4SPD16_eabi.lib</file>
         <name>strlen.obj</name>
      </input_file>
      <input_file id="fl-152">
         <path>D:\TI\ccsv6\tools\compiler\ti-cgt-arm_5.2.4\lib\</path>
         <kind>archive</kind>
         <file>rtsv7M4_T_le_v4SPD16_eabi.lib</file>
         <name>u_divt2.obj</name>
      </input_file>
      <input_file id="fl-153">
         <path>D:\TI\ccsv6\tools\compiler\ti-cgt-arm_5.2.4\lib\</path>
         <kind>archive</kind>
         <file>rtsv7M4_T_le_v4SPD16_eabi.lib</file>
         <name>vsprintf.obj</name>
      </input_file>
      <input_file id="fl-154">
         <path>D:\TI\ccsv6\tools\compiler\ti-cgt-arm_5.2.4\lib\</path>
         <kind>archive</kind>
         <file>rtsv7M4_T_le_v4SPD16_eabi.lib</file>
         <name>_lock.obj</name>
      </input_file>
      <input_file id="fl-155">
         <path>D:\TI\ccsv6\tools\compiler\ti-cgt-arm_5.2.4\lib\</path>
         <kind>archive</kind>
         <file>rtsv7M4_T_le_v4SPD16_eabi.lib</file>
         <name>_printfi.obj</name>
      </input_file>
      <input_file id="fl-156">
         <path>D:\TI\ccsv6\tools\compiler\ti-cgt-arm_5.2.4\lib\</path>
         <kind>archive</kind>
         <file>rtsv7M4_T_le_v4SPD16_eabi.lib</file>
         <name>args_main.obj</name>
      </input_file>
      <input_file id="fl-157">
         <path>D:\TI\ccsv6\tools\compiler\ti-cgt-arm_5.2.4\lib\</path>
         <kind>archive</kind>
         <file>rtsv7M4_T_le_v4SPD16_eabi.lib</file>
         <name>atoi.obj</name>
      </input_file>
      <input_file id="fl-158">
         <path>D:\TI\ccsv6\tools\compiler\ti-cgt-arm_5.2.4\lib\</path>
         <kind>archive</kind>
         <file>rtsv7M4_T_le_v4SPD16_eabi.lib</file>
         <name>autoinit.obj</name>
      </input_file>
      <input_file id="fl-159">
         <path>D:\TI\ccsv6\tools\compiler\ti-cgt-arm_5.2.4\lib\</path>
         <kind>archive</kind>
         <file>rtsv7M4_T_le_v4SPD16_eabi.lib</file>
         <name>cpy_tbl.obj</name>
      </input_file>
      <input_file id="fl-15a">
         <path>D:\TI\ccsv6\tools\compiler\ti-cgt-arm_5.2.4\lib\</path>
         <kind>archive</kind>
         <file>rtsv7M4_T_le_v4SPD16_eabi.lib</file>
         <name>ctype.obj</name>
      </input_file>
      <input_file id="fl-15b">
         <path>D:\TI\ccsv6\tools\compiler\ti-cgt-arm_5.2.4\lib\</path>
         <kind>archive</kind>
         <file>rtsv7M4_T_le_v4SPD16_eabi.lib</file>
         <name>frexp.obj</name>
      </input_file>
      <input_file id="fl-15c">
         <path>D:\TI\ccsv6\tools\compiler\ti-cgt-arm_5.2.4\lib\</path>
         <kind>archive</kind>
         <file>rtsv7M4_T_le_v4SPD16_eabi.lib</file>
         <name>i_div0.obj</name>
      </input_file>
      <input_file id="fl-15d">
         <path>D:\TI\ccsv6\tools\compiler\ti-cgt-arm_5.2.4\lib\</path>
         <kind>archive</kind>
         <file>rtsv7M4_T_le_v4SPD16_eabi.lib</file>
         <name>ldexp.obj</name>
      </input_file>
      <input_file id="fl-15e">
         <path>D:\TI\ccsv6\tools\compiler\ti-cgt-arm_5.2.4\lib\</path>
         <kind>archive</kind>
         <file>rtsv7M4_T_le_v4SPD16_eabi.lib</file>
         <name>ltoa.obj</name>
      </input_file>
      <input_file id="fl-15f">
         <path>D:\TI\ccsv6\tools\compiler\ti-cgt-arm_5.2.4\lib\</path>
         <kind>archive</kind>
         <file>rtsv7M4_T_le_v4SPD16_eabi.lib</file>
         <name>memccpy.obj</name>
      </input_file>
      <input_file id="fl-160">
         <path>D:\TI\ccsv6\tools\compiler\ti-cgt-arm_5.2.4\lib\</path>
         <kind>archive</kind>
         <file>rtsv7M4_T_le_v4SPD16_eabi.lib</file>
         <name>strchr.obj</name>
      </input_file>
      <input_file id="fl-161">
         <path>D:\TI\ccsv6\tools\compiler\ti-cgt-arm_5.2.4\lib\</path>
         <kind>archive</kind>
         <file>rtsv7M4_T_le_v4SPD16_eabi.lib</file>
         <name>ull_div_t2.obj</name>
      </input_file>
      <input_file id="fl-162">
         <path>D:\TI\ccsv6\tools\compiler\ti-cgt-arm_5.2.4\lib\</path>
         <kind>archive</kind>
         <file>rtsv7M4_T_le_v4SPD16_eabi.lib</file>
         <name>xdclass.obj</name>
      </input_file>
      <input_file id="fl-163">
         <path>D:\TI\ccsv6\tools\compiler\ti-cgt-arm_5.2.4\lib\</path>
         <kind>archive</kind>
         <file>rtsv7M4_T_le_v4SPD16_eabi.lib</file>
         <name>xdscale.obj</name>
      </input_file>
      <input_file id="fl-164">
         <path>D:\TI\ccsv6\tools\compiler\ti-cgt-arm_5.2.4\lib\</path>
         <kind>archive</kind>
         <file>rtsv7M4_T_le_v4SPD16_eabi.lib</file>
         <name>xdunscal.obj</name>
      </input_file>
      <input_file id="fl-165">
         <path>D:\TI\ccsv6\tools\compiler\ti-cgt-arm_5.2.4\lib\</path>
         <kind>archive</kind>
         <file>rtsv7M4_T_le_v4SPD16_eabi.lib</file>
         <name>xferaise.obj</name>
      </input_file>
      <input_file id="fl-166">
         <path>D:\TI\ccsv6\tools\compiler\ti-cgt-arm_5.2.4\lib\</path>
         <kind>archive</kind>
         <file>rtsv7M4_T_le_v4SPD16_eabi.lib</file>
         <name>xvalues.obj</name>
      </input_file>
      <input_file id="fl-167">
         <path>D:\TI\ccsv6\tools\compiler\ti-cgt-arm_5.2.4\lib\</path>
         <kind>archive</kind>
         <file>rtsv7M4_T_le_v4SPD16_eabi.lib</file>
         <name>errno.obj</name>
      </input_file>
      <input_file id="fl-168">
         <path>D:\TI\ccsv6\tools\compiler\ti-cgt-arm_5.2.4\lib\</path>
         <kind>archive</kind>
         <file>rtsv7M4_T_le_v4SPD16_eabi.lib</file>
         <name>feraiseexcept.obj</name>
      </input_file>
      <input_file id="fl-169">
         <path>D:\TI\ccsv6\tools\compiler\ti-cgt-arm_5.2.4\lib\</path>
         <kind>archive</kind>
         <file>rtsv7M4_T_le_v4SPD16_eabi.lib</file>
         <name>raise.obj</name>
      </input_file>
      <input_file id="fl-16a">
         <path>D:\TI\ccsv6\tools\compiler\ti-cgt-arm_5.2.4\lib\</path>
         <kind>archive</kind>
         <file>rtsv7M4_T_le_v4SPD16_eabi.lib</file>
         <name>signal.obj</name>
      </input_file>
      <input_file id="fl-16b">
         <path>D:\TI\ccsv6\tools\compiler\ti-cgt-arm_5.2.4\lib\</path>
         <kind>archive</kind>
         <file>rtsv7M4_T_le_v4SPD16_eabi.lib</file>
         <name>xdnorm.obj</name>
      </input_file>
      <input_file id="fl-16c">
         <path>D:\TI\TivaWare\driverlib\ccs\Debug\</path>
         <kind>archive</kind>
         <file>driverlib.lib</file>
         <name>uart.obj</name>
      </input_file>
      <input_file id="fl-16d">
         <path>D:\TI\TivaWare\driverlib\ccs\Debug\</path>
         <kind>archive</kind>
         <file>driverlib.lib</file>
         <name>timer.obj</name>
      </input_file>
      <input_file id="fl-16e">
         <path>D:\TI\TivaWare\driverlib\ccs\Debug\</path>
         <kind>archive</kind>
         <file>driverlib.lib</file>
         <name>systick.obj</name>
      </input_file>
      <input_file id="fl-16f">
         <path>D:\TI\TivaWare\driverlib\ccs\Debug\</path>
         <kind>archive</kind>
         <file>driverlib.lib</file>
         <name>sysctl.obj</name>
      </input_file>
      <input_file id="fl-170">
         <path>D:\TI\TivaWare\driverlib\ccs\Debug\</path>
         <kind>archive</kind>
         <file>driverlib.lib</file>
         <name>qei.obj</name>
      </input_file>
      <input_file id="fl-171">
         <path>D:\TI\TivaWare\driverlib\ccs\Debug\</path>
         <kind>archive</kind>
         <file>driverlib.lib</file>
         <name>interrupt.obj</name>
      </input_file>
      <input_file id="fl-172">
         <path>D:\TI\TivaWare\driverlib\ccs\Debug\</path>
         <kind>archive</kind>
         <file>driverlib.lib</file>
         <name>gpio.obj</name>
      </input_file>
      <input_file id="fl-173">
         <path>D:\TI\TivaWare\driverlib\ccs\Debug\</path>
         <kind>archive</kind>
         <file>driverlib.lib</file>
         <name>eeprom.obj</name>
      </input_file>
      <input_file id="fl-174">
         <path>D:\TI\TivaWare\driverlib\ccs\Debug\</path>
         <kind>archive</kind>
         <file>driverlib.lib</file>
         <name>cpu.obj</name>
      </input_file>
      <input_file id="fl-175">
         <path>D:\TI\TivaWare\driverlib\ccs\Debug\</path>
         <kind>archive</kind>
         <file>driverlib.lib</file>
         <name>adc.obj</name>
      </input_file>
   </input_file_list>
   <object_component_list>
      <object_component id="oc-f">
         <name>.intvecs</name>
         <load_address>0x0</load_address>
         <run_address>0x0</run_address>
         <size>0x26c</size>
         <input_file_ref idref="fl-4"/>
      </object_component>
      <object_component id="oc-f4">
         <name>.text</name>
         <load_address>0x26c</load_address>
         <run_address>0x26c</run_address>
         <size>0x1778</size>
         <input_file_ref idref="fl-5"/>
      </object_component>
      <object_component id="oc-3ba">
         <name>.text</name>
         <load_address>0x19e4</load_address>
         <run_address>0x19e4</run_address>
         <size>0x10ba</size>
         <input_file_ref idref="fl-155"/>
      </object_component>
      <object_component id="oc-163">
         <name>.text</name>
         <load_address>0x2aa0</load_address>
         <run_address>0x2aa0</run_address>
         <size>0xac8</size>
         <input_file_ref idref="fl-b"/>
      </object_component>
      <object_component id="oc-ee">
         <name>.text</name>
         <load_address>0x3568</load_address>
         <run_address>0x3568</run_address>
         <size>0x6ac</size>
         <input_file_ref idref="fl-11"/>
      </object_component>
      <object_component id="oc-118">
         <name>.text</name>
         <load_address>0x3c14</load_address>
         <run_address>0x3c14</run_address>
         <size>0x6a4</size>
         <input_file_ref idref="fl-16"/>
      </object_component>
      <object_component id="oc-c9">
         <name>.text</name>
         <load_address>0x42b8</load_address>
         <run_address>0x42b8</run_address>
         <size>0x588</size>
         <input_file_ref idref="fl-f"/>
      </object_component>
      <object_component id="oc-9d">
         <name>.text</name>
         <load_address>0x4840</load_address>
         <run_address>0x4840</run_address>
         <size>0x388</size>
         <input_file_ref idref="fl-3"/>
      </object_component>
      <object_component id="oc-100">
         <name>.text</name>
         <load_address>0x4bc8</load_address>
         <run_address>0x4bc8</run_address>
         <size>0x344</size>
         <input_file_ref idref="fl-12"/>
      </object_component>
      <object_component id="oc-e8">
         <name>.text</name>
         <load_address>0x4f0c</load_address>
         <run_address>0x4f0c</run_address>
         <size>0x314</size>
         <input_file_ref idref="fl-10"/>
      </object_component>
      <object_component id="oc-153">
         <name>.text</name>
         <load_address>0x5220</load_address>
         <run_address>0x5220</run_address>
         <size>0x2e0</size>
         <input_file_ref idref="fl-a"/>
      </object_component>
      <object_component id="oc-d5">
         <name>.text</name>
         <load_address>0x5500</load_address>
         <run_address>0x5500</run_address>
         <size>0x2d0</size>
         <input_file_ref idref="fl-2"/>
      </object_component>
      <object_component id="oc-106">
         <name>.text</name>
         <load_address>0x57d0</load_address>
         <run_address>0x57d0</run_address>
         <size>0x2c8</size>
         <input_file_ref idref="fl-14"/>
      </object_component>
      <object_component id="oc-db">
         <name>.text</name>
         <load_address>0x5a98</load_address>
         <run_address>0x5a98</run_address>
         <size>0x2bc</size>
         <input_file_ref idref="fl-13"/>
      </object_component>
      <object_component id="oc-112">
         <name>.text</name>
         <load_address>0x5d54</load_address>
         <run_address>0x5d54</run_address>
         <size>0x1fc</size>
         <input_file_ref idref="fl-15"/>
      </object_component>
      <object_component id="oc-43d">
         <name>.text</name>
         <load_address>0x5f50</load_address>
         <run_address>0x5f50</run_address>
         <size>0x1f4</size>
         <input_file_ref idref="fl-161"/>
      </object_component>
      <object_component id="oc-10c">
         <name>.text</name>
         <load_address>0x6144</load_address>
         <run_address>0x6144</run_address>
         <size>0x1d8</size>
         <input_file_ref idref="fl-19"/>
      </object_component>
      <object_component id="oc-244">
         <name>.text</name>
         <load_address>0x631c</load_address>
         <run_address>0x631c</run_address>
         <size>0x1b6</size>
         <input_file_ref idref="fl-145"/>
      </object_component>
      <object_component id="oc-fa">
         <name>.text</name>
         <load_address>0x64d4</load_address>
         <run_address>0x64d4</run_address>
         <size>0x1b4</size>
         <input_file_ref idref="fl-8"/>
      </object_component>
      <object_component id="oc-3d7">
         <name>.text</name>
         <load_address>0x6688</load_address>
         <run_address>0x6688</run_address>
         <size>0x148</size>
         <input_file_ref idref="fl-c"/>
      </object_component>
      <object_component id="oc-1d3">
         <name>.text</name>
         <load_address>0x67d0</load_address>
         <run_address>0x67d0</run_address>
         <size>0x140</size>
         <input_file_ref idref="fl-6"/>
      </object_component>
      <object_component id="oc-1f9">
         <name>.text</name>
         <load_address>0x6910</load_address>
         <run_address>0x6910</run_address>
         <size>0x136</size>
         <input_file_ref idref="fl-147"/>
      </object_component>
      <object_component id="oc-392">
         <name>.text:GPIOPadConfigSet</name>
         <load_address>0x6a46</load_address>
         <run_address>0x6a46</run_address>
         <size>0x130</size>
         <input_file_ref idref="fl-172"/>
      </object_component>
      <object_component id="oc-e1">
         <name>.text:SysCtlClockGet</name>
         <load_address>0x6b78</load_address>
         <run_address>0x6b78</run_address>
         <size>0x118</size>
         <input_file_ref idref="fl-16f"/>
      </object_component>
      <object_component id="oc-2eb">
         <name>.text</name>
         <load_address>0x6c90</load_address>
         <run_address>0x6c90</run_address>
         <size>0x114</size>
         <input_file_ref idref="fl-e"/>
      </object_component>
      <object_component id="oc-4b0">
         <name>.text</name>
         <load_address>0x6da4</load_address>
         <run_address>0x6da4</run_address>
         <size>0x110</size>
         <input_file_ref idref="fl-163"/>
      </object_component>
      <object_component id="oc-198">
         <name>.text</name>
         <load_address>0x6eb4</load_address>
         <run_address>0x6eb4</run_address>
         <size>0xfc</size>
         <input_file_ref idref="fl-148"/>
      </object_component>
      <object_component id="oc-3d1">
         <name>.text</name>
         <load_address>0x6fb0</load_address>
         <run_address>0x6fb0</run_address>
         <size>0xe8</size>
         <input_file_ref idref="fl-d"/>
      </object_component>
      <object_component id="oc-4d6">
         <name>.text</name>
         <load_address>0x7098</load_address>
         <run_address>0x7098</run_address>
         <size>0xbe</size>
         <input_file_ref idref="fl-16b"/>
      </object_component>
      <object_component id="oc-33">
         <name>.text</name>
         <load_address>0x7156</load_address>
         <run_address>0x7156</run_address>
         <size>0x9c</size>
         <input_file_ref idref="fl-14d"/>
      </object_component>
      <object_component id="oc-2f3">
         <name>.text:__aeabi_cdcmple</name>
         <load_address>0x71f2</load_address>
         <run_address>0x71f2</run_address>
         <size>0x86</size>
         <input_file_ref idref="fl-146"/>
      </object_component>
      <object_component id="oc-1fe">
         <name>.text:__aeabi_cdrcmple</name>
         <load_address>0x7278</load_address>
         <run_address>0x7278</run_address>
         <size>0x86</size>
         <input_file_ref idref="fl-146"/>
      </object_component>
      <object_component id="oc-4c">
         <name>.text</name>
         <load_address>0x72fe</load_address>
         <run_address>0x72fe</run_address>
         <size>0x7a</size>
         <input_file_ref idref="fl-14e"/>
      </object_component>
      <object_component id="oc-5e">
         <name>.text</name>
         <load_address>0x7378</load_address>
         <run_address>0x7378</run_address>
         <size>0x6c</size>
         <input_file_ref idref="fl-158"/>
      </object_component>
      <object_component id="oc-3f">
         <name>.text</name>
         <load_address>0x73e4</load_address>
         <run_address>0x73e4</run_address>
         <size>0x6a</size>
         <input_file_ref idref="fl-142"/>
      </object_component>
      <object_component id="oc-4a8">
         <name>.text</name>
         <load_address>0x744e</load_address>
         <run_address>0x744e</run_address>
         <size>0x66</size>
         <input_file_ref idref="fl-164"/>
      </object_component>
      <object_component id="oc-284">
         <name>.text:IntEnable</name>
         <load_address>0x74b4</load_address>
         <run_address>0x74b4</run_address>
         <size>0x60</size>
         <input_file_ref idref="fl-171"/>
      </object_component>
      <object_component id="oc-442">
         <name>.text</name>
         <load_address>0x7514</load_address>
         <run_address>0x7514</run_address>
         <size>0x56</size>
         <input_file_ref idref="fl-15e"/>
      </object_component>
      <object_component id="oc-44e">
         <name>.text</name>
         <load_address>0x756a</load_address>
         <run_address>0x756a</run_address>
         <size>0x52</size>
         <input_file_ref idref="fl-15d"/>
      </object_component>
      <object_component id="oc-324">
         <name>.text:SysCtlPeripheralReset</name>
         <load_address>0x75bc</load_address>
         <run_address>0x75bc</run_address>
         <size>0x50</size>
         <input_file_ref idref="fl-16f"/>
      </object_component>
      <object_component id="oc-24">
         <name>.text</name>
         <load_address>0x760c</load_address>
         <run_address>0x760c</run_address>
         <size>0x50</size>
         <input_file_ref idref="fl-140"/>
      </object_component>
      <object_component id="oc-35a">
         <name>.text:_TimerIntNumberGet</name>
         <load_address>0x765c</load_address>
         <run_address>0x765c</run_address>
         <size>0x4c</size>
         <input_file_ref idref="fl-16d"/>
      </object_component>
      <object_component id="oc-466">
         <name>.text</name>
         <load_address>0x76a8</load_address>
         <run_address>0x76a8</run_address>
         <size>0x4c</size>
         <input_file_ref idref="fl-157"/>
      </object_component>
      <object_component id="oc-95">
         <name>.text</name>
         <load_address>0x76f4</load_address>
         <run_address>0x76f4</run_address>
         <size>0x4c</size>
         <input_file_ref idref="fl-159"/>
      </object_component>
      <object_component id="oc-159">
         <name>.text</name>
         <load_address>0x7740</load_address>
         <run_address>0x7740</run_address>
         <size>0x4a</size>
         <input_file_ref idref="fl-14a"/>
      </object_component>
      <object_component id="oc-26c">
         <name>.text:GPIOPinConfigure</name>
         <load_address>0x778c</load_address>
         <run_address>0x778c</run_address>
         <size>0x48</size>
         <input_file_ref idref="fl-172"/>
      </object_component>
      <object_component id="oc-331">
         <name>.text:_QEIIntNumberGet</name>
         <load_address>0x77d4</load_address>
         <run_address>0x77d4</run_address>
         <size>0x48</size>
         <input_file_ref idref="fl-170"/>
      </object_component>
      <object_component id="oc-19d">
         <name>.text</name>
         <load_address>0x781c</load_address>
         <run_address>0x781c</run_address>
         <size>0x48</size>
         <input_file_ref idref="fl-149"/>
      </object_component>
      <object_component id="oc-2b4">
         <name>.text</name>
         <load_address>0x7864</load_address>
         <run_address>0x7864</run_address>
         <size>0x48</size>
         <input_file_ref idref="fl-153"/>
      </object_component>
      <object_component id="oc-33d">
         <name>.text:_ADCIntNumberGet</name>
         <load_address>0x78ac</load_address>
         <run_address>0x78ac</run_address>
         <size>0x44</size>
         <input_file_ref idref="fl-175"/>
      </object_component>
      <object_component id="oc-6a">
         <name>.text</name>
         <load_address>0x78f0</load_address>
         <run_address>0x78f0</run_address>
         <size>0x44</size>
         <input_file_ref idref="fl-144"/>
      </object_component>
      <object_component id="oc-192">
         <name>.text:EEPROMInit</name>
         <load_address>0x7934</load_address>
         <run_address>0x7934</run_address>
         <size>0x40</size>
         <input_file_ref idref="fl-173"/>
      </object_component>
      <object_component id="oc-278">
         <name>.text:UARTConfigSetExpClk</name>
         <load_address>0x7974</load_address>
         <run_address>0x7974</run_address>
         <size>0x40</size>
         <input_file_ref idref="fl-16c"/>
      </object_component>
      <object_component id="oc-37b">
         <name>.text:_GPIOIntNumberGet</name>
         <load_address>0x79b4</load_address>
         <run_address>0x79b4</run_address>
         <size>0x40</size>
         <input_file_ref idref="fl-172"/>
      </object_component>
      <object_component id="oc-3a7">
         <name>.text:_UARTIntNumberGet</name>
         <load_address>0x79f4</load_address>
         <run_address>0x79f4</run_address>
         <size>0x40</size>
         <input_file_ref idref="fl-16c"/>
      </object_component>
      <object_component id="oc-51d">
         <name>.text</name>
         <load_address>0x7a34</load_address>
         <run_address>0x7a34</run_address>
         <size>0x40</size>
         <input_file_ref idref="fl-16a"/>
      </object_component>
      <object_component id="oc-15e">
         <name>.text</name>
         <load_address>0x7a74</load_address>
         <run_address>0x7a74</run_address>
         <size>0x38</size>
         <input_file_ref idref="fl-14b"/>
      </object_component>
      <object_component id="oc-30b">
         <name>.text:IntRegister</name>
         <load_address>0x7aac</load_address>
         <run_address>0x7aac</run_address>
         <size>0x34</size>
         <input_file_ref idref="fl-171"/>
      </object_component>
      <object_component id="oc-18c">
         <name>.text:SysCtlPeripheralEnable</name>
         <load_address>0x7ae0</load_address>
         <run_address>0x7ae0</run_address>
         <size>0x34</size>
         <input_file_ref idref="fl-16f"/>
      </object_component>
      <object_component id="oc-4e5">
         <name>.text</name>
         <load_address>0x7b14</load_address>
         <run_address>0x7b14</run_address>
         <size>0x34</size>
         <input_file_ref idref="fl-168"/>
      </object_component>
      <object_component id="oc-45a">
         <name>.text</name>
         <load_address>0x7b48</load_address>
         <run_address>0x7b48</run_address>
         <size>0x30</size>
         <input_file_ref idref="fl-162"/>
      </object_component>
      <object_component id="oc-4b6">
         <name>.text</name>
         <load_address>0x7b78</load_address>
         <run_address>0x7b78</run_address>
         <size>0x30</size>
         <input_file_ref idref="fl-165"/>
      </object_component>
      <object_component id="oc-14e">
         <name>.text</name>
         <load_address>0x7ba8</load_address>
         <run_address>0x7ba8</run_address>
         <size>0x2e</size>
         <input_file_ref idref="fl-14c"/>
      </object_component>
      <object_component id="oc-50d">
         <name>.text</name>
         <load_address>0x7bd6</load_address>
         <run_address>0x7bd6</run_address>
         <size>0x2e</size>
         <input_file_ref idref="fl-169"/>
      </object_component>
      <object_component id="oc-38c">
         <name>.text:GPIODirModeSet</name>
         <load_address>0x7c04</load_address>
         <run_address>0x7c04</run_address>
         <size>0x2a</size>
         <input_file_ref idref="fl-172"/>
      </object_component>
      <object_component id="oc-448">
         <name>.text</name>
         <load_address>0x7c2e</load_address>
         <run_address>0x7c2e</run_address>
         <size>0x2a</size>
         <input_file_ref idref="fl-15b"/>
      </object_component>
      <object_component id="oc-177">
         <name>.text:SysTickIntRegister</name>
         <load_address>0x7c58</load_address>
         <run_address>0x7c58</run_address>
         <size>0x1c</size>
         <input_file_ref idref="fl-16e"/>
      </object_component>
      <object_component id="oc-399">
         <name>.text:UARTDisable</name>
         <load_address>0x7c74</load_address>
         <run_address>0x7c74</run_address>
         <size>0x1c</size>
         <input_file_ref idref="fl-16c"/>
      </object_component>
      <object_component id="oc-460">
         <name>.text</name>
         <load_address>0x7c90</load_address>
         <run_address>0x7c90</run_address>
         <size>0x1c</size>
         <input_file_ref idref="fl-15f"/>
      </object_component>
      <object_component id="oc-1ba">
         <name>.text:ADCIntRegister</name>
         <load_address>0x7cac</load_address>
         <run_address>0x7cac</run_address>
         <size>0x18</size>
         <input_file_ref idref="fl-175"/>
      </object_component>
      <object_component id="oc-24d">
         <name>.text:GPIOIntRegister</name>
         <load_address>0x7cc4</load_address>
         <run_address>0x7cc4</run_address>
         <size>0x18</size>
         <input_file_ref idref="fl-172"/>
      </object_component>
      <object_component id="oc-1ad">
         <name>.text:QEIIntRegister</name>
         <load_address>0x7cdc</load_address>
         <run_address>0x7cdc</run_address>
         <size>0x18</size>
         <input_file_ref idref="fl-170"/>
      </object_component>
      <object_component id="oc-218">
         <name>.text:TimerIntRegister</name>
         <load_address>0x7cf4</load_address>
         <run_address>0x7cf4</run_address>
         <size>0x18</size>
         <input_file_ref idref="fl-16d"/>
      </object_component>
      <object_component id="oc-27e">
         <name>.text:UARTIntRegister</name>
         <load_address>0x7d0c</load_address>
         <run_address>0x7d0c</run_address>
         <size>0x18</size>
         <input_file_ref idref="fl-16c"/>
      </object_component>
      <object_component id="oc-64">
         <name>.text</name>
         <load_address>0x7d24</load_address>
         <run_address>0x7d24</run_address>
         <size>0x18</size>
         <input_file_ref idref="fl-156"/>
      </object_component>
      <object_component id="oc-454">
         <name>.text</name>
         <load_address>0x7d3c</load_address>
         <run_address>0x7d3c</run_address>
         <size>0x16</size>
         <input_file_ref idref="fl-160"/>
      </object_component>
      <object_component id="oc-39f">
         <name>.text:UARTEnable</name>
         <load_address>0x7d52</load_address>
         <run_address>0x7d52</run_address>
         <size>0x14</size>
         <input_file_ref idref="fl-16c"/>
      </object_component>
      <object_component id="oc-12c">
         <name>.text</name>
         <load_address>0x7d68</load_address>
         <run_address>0x7d68</run_address>
         <size>0x14</size>
         <input_file_ref idref="fl-154"/>
      </object_component>
      <object_component id="oc-2ba">
         <name>.text</name>
         <load_address>0x7d7c</load_address>
         <run_address>0x7d7c</run_address>
         <size>0x14</size>
         <input_file_ref idref="fl-151"/>
      </object_component>
      <object_component id="oc-272">
         <name>.text:GPIOPinTypeUART</name>
         <load_address>0x7d90</load_address>
         <run_address>0x7d90</run_address>
         <size>0x12</size>
         <input_file_ref idref="fl-172"/>
      </object_component>
      <object_component id="oc-31e">
         <name>.text:_EEPROMWaitForDone</name>
         <load_address>0x7da4</load_address>
         <run_address>0x7da4</run_address>
         <size>0x10</size>
         <input_file_ref idref="fl-173"/>
      </object_component>
      <object_component id="oc-259">
         <name>.text:GPIOIntStatus</name>
         <load_address>0x7db4</load_address>
         <run_address>0x7db4</run_address>
         <size>0xe</size>
         <input_file_ref idref="fl-172"/>
      </object_component>
      <object_component id="oc-2a2">
         <name>.text:UARTCharPutNonBlocking</name>
         <load_address>0x7dc2</load_address>
         <run_address>0x7dc2</run_address>
         <size>0xe</size>
         <input_file_ref idref="fl-16c"/>
      </object_component>
      <object_component id="oc-12">
         <name>.text:decompress:none</name>
         <load_address>0x7dd0</load_address>
         <run_address>0x7dd0</run_address>
         <size>0xe</size>
         <input_file_ref idref="fl-141"/>
      </object_component>
      <object_component id="oc-313">
         <name>.text:CPUcpsid</name>
         <load_address>0x7dde</load_address>
         <run_address>0x7dde</run_address>
         <size>0xc</size>
         <input_file_ref idref="fl-174"/>
      </object_component>
      <object_component id="oc-253">
         <name>.text:GPIOIntEnable</name>
         <load_address>0x7dea</load_address>
         <run_address>0x7dea</run_address>
         <size>0xc</size>
         <input_file_ref idref="fl-172"/>
      </object_component>
      <object_component id="oc-2ae">
         <name>.text:UARTCharsAvail</name>
         <load_address>0x7df6</load_address>
         <run_address>0x7df6</run_address>
         <size>0xc</size>
         <input_file_ref idref="fl-16c"/>
      </object_component>
      <object_component id="oc-290">
         <name>.text:UARTTxIntModeSet</name>
         <load_address>0x7e02</load_address>
         <run_address>0x7e02</run_address>
         <size>0xc</size>
         <input_file_ref idref="fl-16c"/>
      </object_component>
      <object_component id="oc-1e">
         <name>.text:decompress:ZI</name>
         <load_address>0x7e0e</load_address>
         <run_address>0x7e0e</run_address>
         <size>0xc</size>
         <input_file_ref idref="fl-143"/>
      </object_component>
      <object_component id="oc-2a">
         <name>.text</name>
         <load_address>0x7e1a</load_address>
         <run_address>0x7e1a</run_address>
         <size>0xc</size>
         <input_file_ref idref="fl-4"/>
      </object_component>
      <object_component id="oc-148">
         <name>.text</name>
         <load_address>0x7e26</load_address>
         <run_address>0x7e26</run_address>
         <size>0xa</size>
         <input_file_ref idref="fl-9"/>
      </object_component>
      <object_component id="oc-17d">
         <name>.text:IntMasterDisable</name>
         <load_address>0x7e30</load_address>
         <run_address>0x7e30</run_address>
         <size>0xa</size>
         <input_file_ref idref="fl-171"/>
      </object_component>
      <object_component id="oc-2a8">
         <name>.text:UARTCharGet</name>
         <load_address>0x7e3a</load_address>
         <run_address>0x7e3a</run_address>
         <size>0xa</size>
         <input_file_ref idref="fl-16c"/>
      </object_component>
      <object_component id="oc-296">
         <name>.text:UARTIntStatus</name>
         <load_address>0x7e44</load_address>
         <run_address>0x7e44</run_address>
         <size>0xa</size>
         <input_file_ref idref="fl-16c"/>
      </object_component>
      <object_component id="oc-28a">
         <name>.text:UARTIntEnable</name>
         <load_address>0x7e4e</load_address>
         <run_address>0x7e4e</run_address>
         <size>0x8</size>
         <input_file_ref idref="fl-16c"/>
      </object_component>
      <object_component id="oc-c3">
         <name>.text:GPIOIntClear</name>
         <load_address>0x7e56</load_address>
         <run_address>0x7e56</run_address>
         <size>0x6</size>
         <input_file_ref idref="fl-172"/>
      </object_component>
      <object_component id="oc-cf">
         <name>.text:GPIOPinRead</name>
         <load_address>0x7e5c</load_address>
         <run_address>0x7e5c</run_address>
         <size>0x6</size>
         <input_file_ref idref="fl-172"/>
      </object_component>
      <object_component id="oc-e7">
         <name>.text:SysCtlDelay</name>
         <load_address>0x7e62</load_address>
         <run_address>0x7e62</run_address>
         <size>0x6</size>
         <input_file_ref idref="fl-16f"/>
      </object_component>
      <object_component id="oc-18">
         <name>.text:decompress:rle24</name>
         <load_address>0x7e68</load_address>
         <run_address>0x7e68</run_address>
         <size>0x6</size>
         <input_file_ref idref="fl-142"/>
      </object_component>
      <object_component id="oc-29c">
         <name>.text:UARTIntClear</name>
         <load_address>0x7e6e</load_address>
         <run_address>0x7e6e</run_address>
         <size>0x4</size>
         <input_file_ref idref="fl-16c"/>
      </object_component>
      <object_component id="oc-58">
         <name>.text</name>
         <load_address>0x7e72</load_address>
         <run_address>0x7e72</run_address>
         <size>0x4</size>
         <input_file_ref idref="fl-14f"/>
      </object_component>
      <object_component id="oc-4c4">
         <name>.const:.string:_ctypes_</name>
         <load_address>0x7e78</load_address>
         <run_address>0x7e78</run_address>
         <size>0x101</size>
         <input_file_ref idref="fl-15a"/>
      </object_component>
      <object_component id="oc-423">
         <name>.const:g_ppui32GPIOIntMapBlizzard</name>
         <load_address>0x7f7c</load_address>
         <run_address>0x7f7c</run_address>
         <size>0xc0</size>
         <input_file_ref idref="fl-172"/>
      </object_component>
      <object_component id="oc-426">
         <name>.const:g_ppui32GPIOIntMapSnowflake</name>
         <load_address>0x803c</load_address>
         <run_address>0x803c</run_address>
         <size>0xc0</size>
         <input_file_ref idref="fl-172"/>
      </object_component>
      <object_component id="oc-388">
         <name>.const:g_pui32GPIOBaseAddrs</name>
         <load_address>0x80fc</load_address>
         <run_address>0x80fc</run_address>
         <size>0x90</size>
         <input_file_ref idref="fl-172"/>
      </object_component>
      <object_component id="oc-3ae">
         <name>.const</name>
         <load_address>0x818c</load_address>
         <run_address>0x818c</run_address>
         <size>0x70</size>
         <input_file_ref idref="fl-171"/>
      </object_component>
      <object_component id="oc-1a9">
         <name>.const:g_pui32Xtals</name>
         <load_address>0x81fc</load_address>
         <run_address>0x81fc</run_address>
         <size>0x6c</size>
         <input_file_ref idref="fl-16f"/>
      </object_component>
      <object_component id="oc-40a">
         <name>.const:g_ppui32TimerIntMap</name>
         <load_address>0x8268</load_address>
         <run_address>0x8268</run_address>
         <size>0x60</size>
         <input_file_ref idref="fl-16d"/>
      </object_component>
      <object_component id="oc-40d">
         <name>.const:g_ppui32TimerIntMapSnowflake</name>
         <load_address>0x82c8</load_address>
         <run_address>0x82c8</run_address>
         <size>0x40</size>
         <input_file_ref idref="fl-16d"/>
      </object_component>
      <object_component id="oc-432">
         <name>.const:g_ppui32UARTIntMap</name>
         <load_address>0x8308</load_address>
         <run_address>0x8308</run_address>
         <size>0x40</size>
         <input_file_ref idref="fl-16c"/>
      </object_component>
      <object_component id="oc-435">
         <name>.const:g_ppui32UARTIntMapSnowflake</name>
         <load_address>0x8348</load_address>
         <run_address>0x8348</run_address>
         <size>0x40</size>
         <input_file_ref idref="fl-16c"/>
      </object_component>
      <object_component id="oc-23d">
         <name>.const</name>
         <load_address>0x8388</load_address>
         <run_address>0x8388</run_address>
         <size>0x20</size>
         <input_file_ref idref="fl-14"/>
      </object_component>
      <object_component id="oc-481">
         <name>.const</name>
         <load_address>0x83a8</load_address>
         <run_address>0x83a8</run_address>
         <size>0x4</size>
         <input_file_ref idref="fl-d"/>
      </object_component>
      <object_component id="oc-564">
         <name>.cinit..data.load</name>
         <load_address>0x83b0</load_address>
         <run_address>0x83b0</run_address>
         <size>0x11b</size>
      </object_component>
      <object_component id="oc-561">
         <name>__TI_handler_table</name>
         <load_address>0x84cc</load_address>
         <run_address>0x84cc</run_address>
         <size>0xc</size>
      </object_component>
      <object_component id="oc-565">
         <name>.cinit..bss.load</name>
         <load_address>0x84d8</load_address>
         <run_address>0x84d8</run_address>
         <size>0x8</size>
      </object_component>
      <object_component id="oc-563">
         <name>.cinit..vtable.load</name>
         <load_address>0x84e0</load_address>
         <run_address>0x84e0</run_address>
         <size>0x8</size>
      </object_component>
      <object_component id="oc-562">
         <name>__TI_cinit_table</name>
         <load_address>0x84e8</load_address>
         <run_address>0x84e8</run_address>
         <size>0x18</size>
      </object_component>
      <object_component id="oc-3f0">
         <name>.vtable</name>
         <uninitialized>true</uninitialized>
         <run_address>0x20000000</run_address>
         <size>0x26c</size>
         <input_file_ref idref="fl-171"/>
      </object_component>
      <object_component id="oc-29">
         <name>.stack</name>
         <uninitialized>true</uninitialized>
         <run_address>0x20001574</run_address>
         <size>0x0</size>
         <input_file_ref idref="fl-140"/>
      </object_component>
      <object_component id="oc-566">
         <name>.stack</name>
         <uninitialized>true</uninitialized>
         <run_address>0x20001574</run_address>
         <size>0x0</size>
      </object_component>
      <object_component id="oc-1dd">
         <name>.bss:SLNMatrixMaze</name>
         <uninitialized>true</uninitialized>
         <run_address>0x20001228</run_address>
         <size>0x16c</size>
         <input_file_ref idref="fl-5"/>
      </object_component>
      <object_component id="oc-21e">
         <name>.bss:timer_event_list</name>
         <uninitialized>true</uninitialized>
         <run_address>0x200013e4</run_address>
         <size>0x50</size>
         <input_file_ref idref="fl-8"/>
      </object_component>
      <object_component id="oc-226">
         <name>.bss:HostComm_RxBuf</name>
         <uninitialized>true</uninitialized>
         <run_address>0x20000e28</run_address>
         <size>0x400</size>
         <input_file_ref idref="fl-12"/>
      </object_component>
      <object_component id="oc-222">
         <name>.bss:hostcom_event_list</name>
         <uninitialized>true</uninitialized>
         <run_address>0x20001394</run_address>
         <size>0x50</size>
         <input_file_ref idref="fl-12"/>
      </object_component>
      <object_component id="oc-2cc">
         <name>.bss:rxBuffer</name>
         <uninitialized>true</uninitialized>
         <run_address>0x20000270</run_address>
         <size>0x5dc</size>
         <input_file_ref idref="fl-16"/>
      </object_component>
      <object_component id="oc-2c4">
         <name>.bss:txBuffer</name>
         <uninitialized>true</uninitialized>
         <run_address>0x2000084c</run_address>
         <size>0x5dc</size>
         <input_file_ref idref="fl-16"/>
      </object_component>
      <object_component id="oc-209">
         <name>.common:Counter</name>
         <uninitialized>true</uninitialized>
         <run_address>0x20001566</run_address>
         <size>0x1</size>
      </object_component>
      <object_component id="oc-20c">
         <name>.common:ForwardFlag</name>
         <uninitialized>true</uninitialized>
         <run_address>0x20001567</run_address>
         <size>0x1</size>
      </object_component>
      <object_component id="oc-20a">
         <name>.common:QEIRightMotor</name>
         <uninitialized>true</uninitialized>
         <run_address>0x200014f8</run_address>
         <size>0x4</size>
      </object_component>
      <object_component id="oc-20b">
         <name>.common:QEILeftMotor</name>
         <uninitialized>true</uninitialized>
         <run_address>0x200014f4</run_address>
         <size>0x4</size>
      </object_component>
      <object_component id="oc-1f3">
         <name>.common:leftError</name>
         <uninitialized>true</uninitialized>
         <run_address>0x20001518</run_address>
         <size>0x4</size>
      </object_component>
      <object_component id="oc-1f4">
         <name>.common:rightError</name>
         <uninitialized>true</uninitialized>
         <run_address>0x20001528</run_address>
         <size>0x4</size>
      </object_component>
      <object_component id="oc-1f1">
         <name>.common:avrSpeed</name>
         <uninitialized>true</uninitialized>
         <run_address>0x20001500</run_address>
         <size>0x4</size>
      </object_component>
      <object_component id="oc-205">
         <name>.common:avrSpeedTmp</name>
         <uninitialized>true</uninitialized>
         <run_address>0x20001504</run_address>
         <size>0x4</size>
      </object_component>
      <object_component id="oc-1f5">
         <name>.common:isWallLeft</name>
         <uninitialized>true</uninitialized>
         <run_address>0x20001571</run_address>
         <size>0x1</size>
      </object_component>
      <object_component id="oc-1f2">
         <name>.common:isWallRight</name>
         <uninitialized>true</uninitialized>
         <run_address>0x20001572</run_address>
         <size>0x1</size>
      </object_component>
      <object_component id="oc-1f7">
         <name>.common:isWallFrontLeft</name>
         <uninitialized>true</uninitialized>
         <run_address>0x2000156f</run_address>
         <size>0x1</size>
      </object_component>
      <object_component id="oc-1f6">
         <name>.common:isWallFrontRight</name>
         <uninitialized>true</uninitialized>
         <run_address>0x20001570</run_address>
         <size>0x1</size>
      </object_component>
      <object_component id="oc-1e8">
         <name>.common:fwdEnc</name>
         <uninitialized>true</uninitialized>
         <run_address>0x2000150c</run_address>
         <size>0x4</size>
      </object_component>
      <object_component id="oc-1e6">
         <name>.common:error$1</name>
         <uninitialized>true</uninitialized>
         <run_address>0x20001508</run_address>
         <size>0x4</size>
      </object_component>
      <object_component id="oc-1e7">
         <name>.common:u$2</name>
         <uninitialized>true</uninitialized>
         <run_address>0x20001548</run_address>
         <size>0x4</size>
      </object_component>
      <object_component id="oc-1e9">
         <name>.common:origLeft$4</name>
         <uninitialized>true</uninitialized>
         <run_address>0x2000151c</run_address>
         <size>0x4</size>
      </object_component>
      <object_component id="oc-1ea">
         <name>.common:origRight$5</name>
         <uninitialized>true</uninitialized>
         <run_address>0x20001520</run_address>
         <size>0x4</size>
      </object_component>
      <object_component id="oc-1f8">
         <name>.common:i$7</name>
         <uninitialized>true</uninitialized>
         <run_address>0x20001510</run_address>
         <size>0x4</size>
      </object_component>
      <object_component id="oc-203">
         <name>.common:vt$8</name>
         <uninitialized>true</uninitialized>
         <run_address>0x20001558</run_address>
         <size>0x4</size>
      </object_component>
      <object_component id="oc-204">
         <name>.common:vp$9</name>
         <uninitialized>true</uninitialized>
         <run_address>0x20001550</run_address>
         <size>0x4</size>
      </object_component>
      <object_component id="oc-206">
         <name>.common:vt$10</name>
         <uninitialized>true</uninitialized>
         <run_address>0x20001554</run_address>
         <size>0x4</size>
      </object_component>
      <object_component id="oc-207">
         <name>.common:vp$11</name>
         <uninitialized>true</uninitialized>
         <run_address>0x2000154c</run_address>
         <size>0x4</size>
      </object_component>
      <object_component id="oc-208">
         <name>.common:k$13</name>
         <uninitialized>true</uninitialized>
         <run_address>0x20001514</run_address>
         <size>0x4</size>
      </object_component>
      <object_component id="oc-1d9">
         <name>.common:SLNLocation</name>
         <uninitialized>true</uninitialized>
         <run_address>0x200014fc</run_address>
         <size>0x4</size>
      </object_component>
      <object_component id="oc-1dc">
         <name>.common:SLNDirStatus</name>
         <uninitialized>true</uninitialized>
         <run_address>0x20001568</run_address>
         <size>0x1</size>
      </object_component>
      <object_component id="oc-3e1">
         <name>.common:rtInf</name>
         <uninitialized>true</uninitialized>
         <run_address>0x200014d8</run_address>
         <size>0x8</size>
      </object_component>
      <object_component id="oc-3e3">
         <name>.common:rtMinusInf</name>
         <uninitialized>true</uninitialized>
         <run_address>0x200014e0</run_address>
         <size>0x8</size>
      </object_component>
      <object_component id="oc-3dd">
         <name>.common:rtNaN</name>
         <uninitialized>true</uninitialized>
         <run_address>0x200014e8</run_address>
         <size>0x8</size>
      </object_component>
      <object_component id="oc-3e2">
         <name>.common:rtInfF</name>
         <uninitialized>true</uninitialized>
         <run_address>0x2000152c</run_address>
         <size>0x4</size>
      </object_component>
      <object_component id="oc-3e4">
         <name>.common:rtMinusInfF</name>
         <uninitialized>true</uninitialized>
         <run_address>0x20001530</run_address>
         <size>0x4</size>
      </object_component>
      <object_component id="oc-3e0">
         <name>.common:rtNaNF</name>
         <uninitialized>true</uninitialized>
         <run_address>0x20001534</run_address>
         <size>0x4</size>
      </object_component>
      <object_component id="oc-16c">
         <name>.common:Theta</name>
         <uninitialized>true</uninitialized>
         <run_address>0x20001438</run_address>
         <size>0x20</size>
      </object_component>
      <object_component id="oc-16f">
         <name>.common:Theta2</name>
         <uninitialized>true</uninitialized>
         <run_address>0x20001458</run_address>
         <size>0x20</size>
      </object_component>
      <object_component id="oc-1b6">
         <name>.common:qei_velocity_timeout</name>
         <uninitialized>true</uninitialized>
         <run_address>0x20001524</run_address>
         <size>0x4</size>
      </object_component>
      <object_component id="oc-1c7">
         <name>.common:ir_calib_values</name>
         <uninitialized>true</uninitialized>
         <run_address>0x20001478</run_address>
         <size>0x20</size>
      </object_component>
      <object_component id="oc-1c3">
         <name>.common:IR_Result</name>
         <uninitialized>true</uninitialized>
         <run_address>0x200014ac</run_address>
         <size>0x10</size>
      </object_component>
      <object_component id="oc-1c6">
         <name>.common:IR_ResultTmp</name>
         <uninitialized>true</uninitialized>
         <run_address>0x200014bc</run_address>
         <size>0x10</size>
      </object_component>
      <object_component id="oc-22c">
         <name>.common:rxHead</name>
         <uninitialized>true</uninitialized>
         <run_address>0x20001540</run_address>
         <size>0x4</size>
      </object_component>
      <object_component id="oc-229">
         <name>.common:rxTail</name>
         <uninitialized>true</uninitialized>
         <run_address>0x20001544</run_address>
         <size>0x4</size>
      </object_component>
      <object_component id="oc-22d">
         <name>.common:rxFrameStart</name>
         <uninitialized>true</uninitialized>
         <run_address>0x2000153c</run_address>
         <size>0x4</size>
      </object_component>
      <object_component id="oc-22e">
         <name>.common:rxFrameEnd</name>
         <uninitialized>true</uninitialized>
         <run_address>0x20001538</run_address>
         <size>0x4</size>
      </object_component>
      <object_component id="oc-225">
         <name>.common:datalen$1</name>
         <uninitialized>true</uninitialized>
         <run_address>0x2000155c</run_address>
         <size>0x2</size>
      </object_component>
      <object_component id="oc-25f">
         <name>.common:Button_right_callback</name>
         <uninitialized>true</uninitialized>
         <run_address>0x200014f0</run_address>
         <size>0x4</size>
      </object_component>
      <object_component id="oc-262">
         <name>.common:Button_left_callback</name>
         <uninitialized>true</uninitialized>
         <run_address>0x20001434</run_address>
         <size>0x4</size>
      </object_component>
      <object_component id="oc-2ca">
         <name>.common:rxHead</name>
         <uninitialized>true</uninitialized>
         <run_address>0x2000155e</run_address>
         <size>0x2</size>
      </object_component>
      <object_component id="oc-2cb">
         <name>.common:rxTail</name>
         <uninitialized>true</uninitialized>
         <run_address>0x20001560</run_address>
         <size>0x2</size>
      </object_component>
      <object_component id="oc-2c3">
         <name>.common:txHead</name>
         <uninitialized>true</uninitialized>
         <run_address>0x20001562</run_address>
         <size>0x2</size>
      </object_component>
      <object_component id="oc-2c0">
         <name>.common:txTail</name>
         <uninitialized>true</uninitialized>
         <run_address>0x20001564</run_address>
         <size>0x2</size>
      </object_component>
      <object_component id="oc-2d0">
         <name>.common:hc05_SystemInfoType</name>
         <uninitialized>true</uninitialized>
         <run_address>0x2000156b</run_address>
         <size>0x1</size>
      </object_component>
      <object_component id="oc-2d1">
         <name>.common:hc05_SystemInfoID</name>
         <uninitialized>true</uninitialized>
         <run_address>0x2000156a</run_address>
         <size>0x1</size>
      </object_component>
      <object_component id="oc-2d6">
         <name>.common:hc05_Timer_ID</name>
         <uninitialized>true</uninitialized>
         <run_address>0x2000156c</run_address>
         <size>0x1</size>
      </object_component>
      <object_component id="oc-2d5">
         <name>.common:hc05_EvtQueue</name>
         <uninitialized>true</uninitialized>
         <run_address>0x200014cc</run_address>
         <size>0xc</size>
      </object_component>
      <object_component id="oc-2d4">
         <name>.common:hc05_evt_w_index</name>
         <uninitialized>true</uninitialized>
         <run_address>0x2000156e</run_address>
         <size>0x1</size>
      </object_component>
      <object_component id="oc-2d3">
         <name>.common:hc05_evt_r_index</name>
         <uninitialized>true</uninitialized>
         <run_address>0x2000156d</run_address>
         <size>0x1</size>
      </object_component>
      <object_component id="oc-2d2">
         <name>.common:hc05_IsEvtQueueFull</name>
         <uninitialized>true</uninitialized>
         <run_address>0x20001569</run_address>
         <size>0x1</size>
      </object_component>
      <object_component id="oc-2cf">
         <name>.common:HC05_Notify_Callbacks</name>
         <uninitialized>true</uninitialized>
         <run_address>0x20001498</run_address>
         <size>0x14</size>
      </object_component>
      <object_component id="oc-183">
         <name>.data</name>
         <load_address>0x2000293c</load_address>
         <run_address>0x2000293c</run_address>
         <size>0xc</size>
         <input_file_ref idref="fl-2"/>
      </object_component>
      <object_component id="oc-121">
         <name>.data:pidWallParam</name>
         <load_address>0x2000289c</load_address>
         <run_address>0x2000289c</run_address>
         <size>0x28</size>
         <input_file_ref idref="fl-3"/>
      </object_component>
      <object_component id="oc-11e">
         <name>.data</name>
         <load_address>0x2000289b</load_address>
         <run_address>0x2000289b</run_address>
         <size>0x1</size>
         <input_file_ref idref="fl-3"/>
      </object_component>
      <object_component id="oc-1e0">
         <name>.data</name>
         <load_address>0x20002870</load_address>
         <run_address>0x20002870</run_address>
         <size>0x2b</size>
         <input_file_ref idref="fl-5"/>
      </object_component>
      <object_component id="oc-1e3">
         <name>.data:pid_wall</name>
         <load_address>0x20002914</load_address>
         <run_address>0x20002914</run_address>
         <size>0x28</size>
         <input_file_ref idref="fl-7"/>
      </object_component>
      <object_component id="oc-1eb">
         <name>.data:pid_posLeft</name>
         <load_address>0x200028c4</load_address>
         <run_address>0x200028c4</run_address>
         <size>0x28</size>
         <input_file_ref idref="fl-7"/>
      </object_component>
      <object_component id="oc-1ee">
         <name>.data:pid_posRight</name>
         <load_address>0x200028ec</load_address>
         <run_address>0x200028ec</run_address>
         <size>0x28</size>
         <input_file_ref idref="fl-7"/>
      </object_component>
      <object_component id="oc-2f8">
         <name>.data</name>
         <load_address>0x20002840</load_address>
         <run_address>0x20002840</run_address>
         <size>0x30</size>
         <input_file_ref idref="fl-a"/>
      </object_component>
      <object_component id="oc-302">
         <name>.data</name>
         <load_address>0x20002800</load_address>
         <run_address>0x20002800</run_address>
         <size>0x40</size>
         <input_file_ref idref="fl-b"/>
      </object_component>
      <object_component id="oc-303">
         <name>.data:P_$3</name>
         <load_address>0x20002628</load_address>
         <run_address>0x20002628</run_address>
         <size>0x80</size>
         <input_file_ref idref="fl-b"/>
      </object_component>
      <object_component id="oc-304">
         <name>.data:P_$6</name>
         <load_address>0x200026a8</load_address>
         <run_address>0x200026a8</run_address>
         <size>0x80</size>
         <input_file_ref idref="fl-b"/>
      </object_component>
      <object_component id="oc-169">
         <name>.data</name>
         <load_address>0x200027a8</load_address>
         <run_address>0x200027a8</run_address>
         <size>0x55</size>
         <input_file_ref idref="fl-f"/>
      </object_component>
      <object_component id="oc-1b3">
         <name>.data</name>
         <load_address>0x20002948</load_address>
         <run_address>0x20002948</run_address>
         <size>0x8</size>
         <input_file_ref idref="fl-10"/>
      </object_component>
      <object_component id="oc-1c0">
         <name>.data</name>
         <load_address>0x20002976</load_address>
         <run_address>0x20002976</run_address>
         <size>0x2</size>
         <input_file_ref idref="fl-11"/>
      </object_component>
      <object_component id="oc-22f">
         <name>.data</name>
         <load_address>0x200027ff</load_address>
         <run_address>0x200027ff</run_address>
         <size>0x1</size>
         <input_file_ref idref="fl-12"/>
      </object_component>
      <object_component id="oc-240">
         <name>.data</name>
         <load_address>0x2000296d</load_address>
         <run_address>0x2000296d</run_address>
         <size>0x5</size>
         <input_file_ref idref="fl-14"/>
      </object_component>
      <object_component id="oc-263">
         <name>.data</name>
         <load_address>0x200027fd</load_address>
         <run_address>0x200027fd</run_address>
         <size>0x2</size>
         <input_file_ref idref="fl-15"/>
      </object_component>
      <object_component id="oc-2c7">
         <name>.data</name>
         <load_address>0x20002972</load_address>
         <run_address>0x20002972</run_address>
         <size>0x4</size>
         <input_file_ref idref="fl-16"/>
      </object_component>
      <object_component id="oc-249">
         <name>.data</name>
         <load_address>0x20002968</load_address>
         <run_address>0x20002968</run_address>
         <size>0x5</size>
         <input_file_ref idref="fl-19"/>
      </object_component>
      <object_component id="oc-a8">
         <name>.data</name>
         <load_address>0x20002958</load_address>
         <run_address>0x20002958</run_address>
         <size>0x8</size>
         <input_file_ref idref="fl-144"/>
      </object_component>
      <object_component id="oc-70">
         <name>.data</name>
         <load_address>0x2000297c</load_address>
         <run_address>0x2000297c</run_address>
         <size>0x4</size>
         <input_file_ref idref="fl-150"/>
      </object_component>
      <object_component id="oc-a5">
         <name>.data</name>
         <load_address>0x20002950</load_address>
         <run_address>0x20002950</run_address>
         <size>0x8</size>
         <input_file_ref idref="fl-154"/>
      </object_component>
      <object_component id="oc-4e0">
         <name>.data</name>
         <load_address>0x20002728</load_address>
         <run_address>0x20002728</run_address>
         <size>0x80</size>
         <input_file_ref idref="fl-166"/>
      </object_component>
      <object_component id="oc-4eb">
         <name>.data</name>
         <load_address>0x20002978</load_address>
         <run_address>0x20002978</run_address>
         <size>0x4</size>
         <input_file_ref idref="fl-167"/>
      </object_component>
      <object_component id="oc-513">
         <name>.data</name>
         <load_address>0x20002960</load_address>
         <run_address>0x20002960</run_address>
         <size>0x8</size>
         <input_file_ref idref="fl-168"/>
      </object_component>
      <object_component id="oc-52e">
         <name>.data:sigtable</name>
         <load_address>0x20002578</load_address>
         <run_address>0x20002578</run_address>
         <size>0xb0</size>
         <input_file_ref idref="fl-16a"/>
      </object_component>
      <object_component id="oc-349">
         <name>.debug_info</name>
         <load_address>0x0</load_address>
         <run_address>0x0</run_address>
         <size>0x279</size>
         <input_file_ref idref="fl-2"/>
      </object_component>
      <object_component id="oc-184">
         <name>.debug_info</name>
         <load_address>0x279</load_address>
         <run_address>0x279</run_address>
         <size>0x121</size>
         <input_file_ref idref="fl-2"/>
      </object_component>
      <object_component id="oc-d6">
         <name>.debug_info</name>
         <load_address>0x39a</load_address>
         <run_address>0x39a</run_address>
         <size>0x6f6</size>
         <input_file_ref idref="fl-2"/>
      </object_component>
      <object_component id="oc-187">
         <name>.debug_info</name>
         <load_address>0xa90</load_address>
         <run_address>0xa90</run_address>
         <size>0x99</size>
         <input_file_ref idref="fl-2"/>
      </object_component>
      <object_component id="oc-1c9">
         <name>.debug_info</name>
         <load_address>0xb29</load_address>
         <run_address>0xb29</run_address>
         <size>0x147</size>
         <input_file_ref idref="fl-2"/>
      </object_component>
      <object_component id="oc-233">
         <name>.debug_info</name>
         <load_address>0xc70</load_address>
         <run_address>0xc70</run_address>
         <size>0x14a</size>
         <input_file_ref idref="fl-2"/>
      </object_component>
      <object_component id="oc-267">
         <name>.debug_info</name>
         <load_address>0xdba</load_address>
         <run_address>0xdba</run_address>
         <size>0x51</size>
         <input_file_ref idref="fl-2"/>
      </object_component>
      <object_component id="oc-171">
         <name>.debug_info</name>
         <load_address>0xe0b</load_address>
         <run_address>0xe0b</run_address>
         <size>0x48</size>
         <input_file_ref idref="fl-2"/>
      </object_component>
      <object_component id="oc-238">
         <name>.debug_info</name>
         <load_address>0xe53</load_address>
         <run_address>0xe53</run_address>
         <size>0x158</size>
         <input_file_ref idref="fl-2"/>
      </object_component>
      <object_component id="oc-20e">
         <name>.debug_info</name>
         <load_address>0xfab</load_address>
         <run_address>0xfab</run_address>
         <size>0x17c</size>
         <input_file_ref idref="fl-2"/>
      </object_component>
      <object_component id="oc-2fa">
         <name>.debug_info</name>
         <load_address>0x1127</load_address>
         <run_address>0x1127</run_address>
         <size>0x326</size>
         <input_file_ref idref="fl-2"/>
      </object_component>
      <object_component id="oc-48a">
         <name>.debug_info</name>
         <load_address>0x144d</load_address>
         <run_address>0x144d</run_address>
         <size>0x136</size>
         <input_file_ref idref="fl-2"/>
      </object_component>
      <object_component id="oc-213">
         <name>.debug_info</name>
         <load_address>0x1583</load_address>
         <run_address>0x1583</run_address>
         <size>0xfe</size>
         <input_file_ref idref="fl-2"/>
      </object_component>
      <object_component id="oc-41c">
         <name>.debug_info</name>
         <load_address>0x1681</load_address>
         <run_address>0x1681</run_address>
         <size>0x5e</size>
         <input_file_ref idref="fl-2"/>
      </object_component>
      <object_component id="oc-b0">
         <name>.debug_info</name>
         <load_address>0x16df</load_address>
         <run_address>0x16df</run_address>
         <size>0x8b</size>
         <input_file_ref idref="fl-2"/>
      </object_component>
      <object_component id="oc-1ce">
         <name>.debug_info</name>
         <load_address>0x176a</load_address>
         <run_address>0x176a</run_address>
         <size>0x39</size>
         <input_file_ref idref="fl-2"/>
      </object_component>
      <object_component id="oc-7c">
         <name>.debug_info</name>
         <load_address>0x17a3</load_address>
         <run_address>0x17a3</run_address>
         <size>0x18b</size>
         <input_file_ref idref="fl-2"/>
      </object_component>
      <object_component id="oc-8c">
         <name>.debug_info</name>
         <load_address>0x192e</load_address>
         <run_address>0x192e</run_address>
         <size>0x2c</size>
         <input_file_ref idref="fl-2"/>
      </object_component>
      <object_component id="oc-2d8">
         <name>.debug_info</name>
         <load_address>0x195a</load_address>
         <run_address>0x195a</run_address>
         <size>0x4e</size>
         <input_file_ref idref="fl-2"/>
      </object_component>
      <object_component id="oc-122">
         <name>.debug_info</name>
         <load_address>0x19a8</load_address>
         <run_address>0x19a8</run_address>
         <size>0xca</size>
         <input_file_ref idref="fl-3"/>
      </object_component>
      <object_component id="oc-11f">
         <name>.debug_info</name>
         <load_address>0x1a72</load_address>
         <run_address>0x1a72</run_address>
         <size>0xcc</size>
         <input_file_ref idref="fl-3"/>
      </object_component>
      <object_component id="oc-9e">
         <name>.debug_info</name>
         <load_address>0x1b3e</load_address>
         <run_address>0x1b3e</run_address>
         <size>0x717</size>
         <input_file_ref idref="fl-3"/>
      </object_component>
      <object_component id="oc-32">
         <name>.debug_info</name>
         <load_address>0x2255</load_address>
         <run_address>0x2255</run_address>
         <size>0xec</size>
         <input_file_ref idref="fl-4"/>
      </object_component>
      <object_component id="oc-10">
         <name>.debug_info</name>
         <load_address>0x2341</load_address>
         <run_address>0x2341</run_address>
         <size>0xd1</size>
         <input_file_ref idref="fl-4"/>
      </object_component>
      <object_component id="oc-2b">
         <name>.debug_info</name>
         <load_address>0x2412</load_address>
         <run_address>0x2412</run_address>
         <size>0x1e5</size>
         <input_file_ref idref="fl-4"/>
      </object_component>
      <object_component id="oc-77">
         <name>.debug_info</name>
         <load_address>0x25f7</load_address>
         <run_address>0x25f7</run_address>
         <size>0x84</size>
         <input_file_ref idref="fl-4"/>
      </object_component>
      <object_component id="oc-1da">
         <name>.debug_info</name>
         <load_address>0x267b</load_address>
         <run_address>0x267b</run_address>
         <size>0x750</size>
         <input_file_ref idref="fl-5"/>
      </object_component>
      <object_component id="oc-1de">
         <name>.debug_info</name>
         <load_address>0x2dcb</load_address>
         <run_address>0x2dcb</run_address>
         <size>0xd9</size>
         <input_file_ref idref="fl-5"/>
      </object_component>
      <object_component id="oc-1e1">
         <name>.debug_info</name>
         <load_address>0x2ea4</load_address>
         <run_address>0x2ea4</run_address>
         <size>0x324</size>
         <input_file_ref idref="fl-5"/>
      </object_component>
      <object_component id="oc-f5">
         <name>.debug_info</name>
         <load_address>0x31c8</load_address>
         <run_address>0x31c8</run_address>
         <size>0x2426</size>
         <input_file_ref idref="fl-5"/>
      </object_component>
      <object_component id="oc-34b">
         <name>.debug_info</name>
         <load_address>0x55ee</load_address>
         <run_address>0x55ee</run_address>
         <size>0x197</size>
         <input_file_ref idref="fl-6"/>
      </object_component>
      <object_component id="oc-1d4">
         <name>.debug_info</name>
         <load_address>0x5785</load_address>
         <run_address>0x5785</run_address>
         <size>0x325</size>
         <input_file_ref idref="fl-6"/>
      </object_component>
      <object_component id="oc-1e4">
         <name>.debug_info</name>
         <load_address>0x5aaa</load_address>
         <run_address>0x5aaa</run_address>
         <size>0xd3</size>
         <input_file_ref idref="fl-7"/>
      </object_component>
      <object_component id="oc-1ec">
         <name>.debug_info</name>
         <load_address>0x5b7d</load_address>
         <run_address>0x5b7d</run_address>
         <size>0xd9</size>
         <input_file_ref idref="fl-7"/>
      </object_component>
      <object_component id="oc-1ef">
         <name>.debug_info</name>
         <load_address>0x5c56</load_address>
         <run_address>0x5c56</run_address>
         <size>0xdb</size>
         <input_file_ref idref="fl-7"/>
      </object_component>
      <object_component id="oc-364">
         <name>.debug_info</name>
         <load_address>0x5d31</load_address>
         <run_address>0x5d31</run_address>
         <size>0x1d9</size>
         <input_file_ref idref="fl-8"/>
      </object_component>
      <object_component id="oc-21f">
         <name>.debug_info</name>
         <load_address>0x5f0a</load_address>
         <run_address>0x5f0a</run_address>
         <size>0xd8</size>
         <input_file_ref idref="fl-8"/>
      </object_component>
      <object_component id="oc-fb">
         <name>.debug_info</name>
         <load_address>0x5fe2</load_address>
         <run_address>0x5fe2</run_address>
         <size>0x33f</size>
         <input_file_ref idref="fl-8"/>
      </object_component>
      <object_component id="oc-415">
         <name>.debug_info</name>
         <load_address>0x6321</load_address>
         <run_address>0x6321</run_address>
         <size>0x6b</size>
         <input_file_ref idref="fl-8"/>
      </object_component>
      <object_component id="oc-149">
         <name>.debug_info</name>
         <load_address>0x638c</load_address>
         <run_address>0x638c</run_address>
         <size>0x14d</size>
         <input_file_ref idref="fl-9"/>
      </object_component>
      <object_component id="oc-3e6">
         <name>.debug_info</name>
         <load_address>0x64d9</load_address>
         <run_address>0x64d9</run_address>
         <size>0x46</size>
         <input_file_ref idref="fl-9"/>
      </object_component>
      <object_component id="oc-2ff">
         <name>.debug_info</name>
         <load_address>0x651f</load_address>
         <run_address>0x651f</run_address>
         <size>0x166</size>
         <input_file_ref idref="fl-a"/>
      </object_component>
      <object_component id="oc-154">
         <name>.debug_info</name>
         <load_address>0x6685</load_address>
         <run_address>0x6685</run_address>
         <size>0x583</size>
         <input_file_ref idref="fl-a"/>
      </object_component>
      <object_component id="oc-306">
         <name>.debug_info</name>
         <load_address>0x6c08</load_address>
         <run_address>0x6c08</run_address>
         <size>0x19f</size>
         <input_file_ref idref="fl-b"/>
      </object_component>
      <object_component id="oc-164">
         <name>.debug_info</name>
         <load_address>0x6da7</load_address>
         <run_address>0x6da7</run_address>
         <size>0x82d</size>
[...]
         <object_component_ref idref="oc-118"/>
      </symbol>
      <symbol id="sm-7aa">
         <name>HC05_UnregisterEvtNotify</name>
         <value>0x3fc9</value>
         <object_component_ref idref="oc-118"/>
      </symbol>
      <symbol id="sm-7ab">
         <name>bluetooth_send</name>
         <value>0x3e27</value>
         <object_component_ref idref="oc-118"/>
      </symbol>
      <symbol id="sm-7ac">
         <name>HC05_GetSystemInfoID</name>
         <value>0x4053</value>
         <object_component_ref idref="oc-118"/>
      </symbol>
      <symbol id="sm-7ad">
         <name>bluetooth_print</name>
         <value>0x3ebd</value>
         <object_component_ref idref="oc-118"/>
      </symbol>
      <symbol id="sm-7ae">
         <name>HC05_RunTimeout</name>
         <value>0x4277</value>
         <object_component_ref idref="oc-118"/>
      </symbol>
      <symbol id="sm-7af">
         <name>HC05_GetSystemInfoType</name>
         <value>0x404d</value>
         <object_component_ref idref="oc-118"/>
      </symbol>
      <symbol id="sm-7b0">
         <name>bluetooth_recv</name>
         <value>0x3d4d</value>
         <object_component_ref idref="oc-118"/>
      </symbol>
      <symbol id="sm-7b1">
         <name>HC05_NotifyUpperLayer</name>
         <value>0x4007</value>
         <object_component_ref idref="oc-118"/>
      </symbol>
      <symbol id="sm-7b2">
         <name>HC05_HandleTimeoutEvt</name>
         <value>0x426d</value>
         <object_component_ref idref="oc-118"/>
      </symbol>
      <symbol id="sm-7b3">
         <name>HC05_GetRxSize</name>
         <value>0x3f67</value>
         <object_component_ref idref="oc-118"/>
      </symbol>
      <symbol id="sm-7b4">
         <name>HC05_EventProcessing</name>
         <value>0x4059</value>
         <object_component_ref idref="oc-118"/>
      </symbol>
      <symbol id="sm-7b5">
         <name>HC05_ClearEvtQueue</name>
         <value>0x424d</value>
         <object_component_ref idref="oc-118"/>
      </symbol>
      <symbol id="sm-7b6">
         <name>bluetooth_init</name>
         <value>0x3c15</value>
         <object_component_ref idref="oc-118"/>
      </symbol>
      <symbol id="sm-7ea">
         <name>BatteryVoltage</name>
         <value>0x20002968</value>
         <object_component_ref idref="oc-249"/>
      </symbol>
      <symbol id="sm-7eb">
         <name>BattSenseTimerTimeout</name>
         <value>0x61d1</value>
         <object_component_ref idref="oc-10c"/>
      </symbol>
      <symbol id="sm-7ec">
         <name>BattSense_init</name>
         <value>0x6145</value>
         <object_component_ref idref="oc-10c"/>
      </symbol>
      <symbol id="sm-7ed">
         <name>BattSenseISR</name>
         <value>0x61e9</value>
         <object_component_ref idref="oc-10c"/>
      </symbol>
      <symbol id="sm-7ff">
         <name>_c_int00</name>
         <value>0x760d</value>
         <object_component_ref idref="oc-24"/>
      </symbol>
      <symbol id="sm-800">
         <name>__stack</name>
         <value>0x20001574</value>
         <object_component_ref idref="oc-29"/>
      </symbol>
      <symbol id="sm-817">
         <name>__TI_decompress_none</name>
         <value>0x7dd1</value>
         <object_component_ref idref="oc-12"/>
      </symbol>
      <symbol id="sm-83a">
         <name>__TI_decompress_rle24</name>
         <value>0x7e69</value>
         <object_component_ref idref="oc-18"/>
      </symbol>
      <symbol id="sm-84c">
         <name>__TI_zero_init</name>
         <value>0x7e0f</value>
         <object_component_ref idref="oc-1e"/>
      </symbol>
      <symbol id="sm-86b">
         <name>C$$EXIT</name>
         <value>0x78f1</value>
         <object_component_ref idref="oc-6a"/>
      </symbol>
      <symbol id="sm-86c">
         <name>abort</name>
         <value>0x78f5</value>
         <object_component_ref idref="oc-6a"/>
      </symbol>
      <symbol id="sm-86d">
         <name>exit</name>
         <value>0x78fd</value>
         <object_component_ref idref="oc-6a"/>
      </symbol>
      <symbol id="sm-86e">
         <name>__TI_dtors_ptr</name>
         <value>0x2000295c</value>
         <object_component_ref idref="oc-a8"/>
      </symbol>
      <symbol id="sm-86f">
         <name>__TI_cleanup_ptr</name>
         <value>0x20002958</value>
         <object_component_ref idref="oc-a8"/>
      </symbol>
      <symbol id="sm-893">
         <name>__aeabi_dsub</name>
         <value>0x631d</value>
         <object_component_ref idref="oc-244"/>
      </symbol>
      <symbol id="sm-894">
         <name>__aeabi_dadd</name>
         <value>0x6327</value>
         <object_component_ref idref="oc-244"/>
      </symbol>
      <symbol id="sm-8bb">
         <name>__aeabi_cdcmpeq</name>
         <value>0x71f3</value>
         <object_component_ref idref="oc-2f3"/>
      </symbol>
      <symbol id="sm-8bc">
         <name>__aeabi_cdcmple</name>
         <value>0x71f3</value>
         <object_component_ref idref="oc-2f3"/>
      </symbol>
      <symbol id="sm-8bd">
         <name>__aeabi_cdrcmple</name>
         <value>0x7279</value>
         <object_component_ref idref="oc-1fe"/>
      </symbol>
      <symbol id="sm-8dd">
         <name>__aeabi_ddiv</name>
         <value>0x6911</value>
         <object_component_ref idref="oc-1f9"/>
      </symbol>
      <symbol id="sm-8f4">
         <name>__aeabi_dmul</name>
         <value>0x6eb5</value>
         <object_component_ref idref="oc-198"/>
      </symbol>
      <symbol id="sm-902">
         <name>__aeabi_d2iz</name>
         <value>0x781d</value>
         <object_component_ref idref="oc-19d"/>
      </symbol>
      <symbol id="sm-90e">
         <name>__aeabi_d2f</name>
         <value>0x7741</value>
         <object_component_ref idref="oc-159"/>
      </symbol>
      <symbol id="sm-91c">
         <name>__aeabi_f2d</name>
         <value>0x7a75</value>
         <object_component_ref idref="oc-15e"/>
      </symbol>
      <symbol id="sm-928">
         <name>__aeabi_i2d</name>
         <value>0x7ba9</value>
         <object_component_ref idref="oc-14e"/>
      </symbol>
      <symbol id="sm-943">
         <name>memcpy</name>
         <value>0x7157</value>
         <object_component_ref idref="oc-33"/>
      </symbol>
      <symbol id="sm-944">
         <name>__aeabi_memcpy</name>
         <value>0x7157</value>
         <object_component_ref idref="oc-33"/>
      </symbol>
      <symbol id="sm-945">
         <name>__aeabi_memcpy8</name>
         <value>0x7157</value>
         <object_component_ref idref="oc-33"/>
      </symbol>
      <symbol id="sm-946">
         <name>__aeabi_memcpy4</name>
         <value>0x7157</value>
         <object_component_ref idref="oc-33"/>
      </symbol>
      <symbol id="sm-955">
         <name>__aeabi_memset</name>
         <value>0x7301</value>
         <object_component_ref idref="oc-4c"/>
      </symbol>
      <symbol id="sm-956">
         <name>memset</name>
         <value>0x7307</value>
         <object_component_ref idref="oc-4c"/>
      </symbol>
      <symbol id="sm-957">
         <name>__aeabi_memset8</name>
         <value>0x7301</value>
         <object_component_ref idref="oc-4c"/>
      </symbol>
      <symbol id="sm-958">
         <name>__aeabi_memset4</name>
         <value>0x7301</value>
         <object_component_ref idref="oc-4c"/>
      </symbol>
      <symbol id="sm-959">
         <name>__aeabi_memclr8</name>
         <value>0x72ff</value>
         <object_component_ref idref="oc-4c"/>
      </symbol>
      <symbol id="sm-95a">
         <name>__aeabi_memclr4</name>
         <value>0x72ff</value>
         <object_component_ref idref="oc-4c"/>
      </symbol>
      <symbol id="sm-95b">
         <name>__aeabi_memclr</name>
         <value>0x72ff</value>
         <object_component_ref idref="oc-4c"/>
      </symbol>
      <symbol id="sm-965">
         <name>_system_pre_init</name>
         <value>0x7e73</value>
         <object_component_ref idref="oc-58"/>
      </symbol>
      <symbol id="sm-96d">
         <name>main_func_sp</name>
         <value>0x2000297c</value>
         <object_component_ref idref="oc-70"/>
      </symbol>
      <symbol id="sm-97b">
         <name>strlen</name>
         <value>0x7d7d</value>
         <object_component_ref idref="oc-2ba"/>
      </symbol>
      <symbol id="sm-998">
         <name>vsprintf</name>
         <value>0x7865</value>
         <object_component_ref idref="oc-2b4"/>
      </symbol>
      <symbol id="sm-9b1">
         <name>_nop</name>
         <value>0x7d77</value>
         <object_component_ref idref="oc-12c"/>
      </symbol>
      <symbol id="sm-9b2">
         <name>_lock</name>
         <value>0x20002950</value>
         <object_component_ref idref="oc-a5"/>
      </symbol>
      <symbol id="sm-9b3">
         <name>_unlock</name>
         <value>0x20002954</value>
         <object_component_ref idref="oc-a5"/>
      </symbol>
      <symbol id="sm-9b4">
         <name>_register_lock</name>
         <value>0x7d6f</value>
         <object_component_ref idref="oc-12c"/>
      </symbol>
      <symbol id="sm-9b5">
         <name>_register_unlock</name>
         <value>0x7d69</value>
         <object_component_ref idref="oc-12c"/>
      </symbol>
      <symbol id="sm-aba">
         <name>__TI_printfi</name>
         <value>0x2799</value>
         <object_component_ref idref="oc-3ba"/>
      </symbol>
      <symbol id="sm-acf">
         <name>_args_main</name>
         <value>0x7d25</value>
         <object_component_ref idref="oc-64"/>
      </symbol>
      <symbol id="sm-ae5">
         <name>atoi</name>
         <value>0x76a9</value>
         <object_component_ref idref="oc-466"/>
      </symbol>
      <symbol id="sm-b0b">
         <name>__TI_auto_init</name>
         <value>0x7379</value>
         <object_component_ref idref="oc-5e"/>
      </symbol>
      <symbol id="sm-b25">
         <name>copy_in</name>
         <value>0x76f5</value>
         <object_component_ref idref="oc-95"/>
      </symbol>
      <symbol id="sm-b30">
         <name>_ctypes_</name>
         <value>0x7e78</value>
         <object_component_ref idref="oc-4c4"/>
      </symbol>
      <symbol id="sm-b3d">
         <name>frexp</name>
         <value>0x7c2f</value>
         <object_component_ref idref="oc-448"/>
      </symbol>
      <symbol id="sm-b4f">
         <name>ldexp</name>
         <value>0x756b</value>
         <object_component_ref idref="oc-44e"/>
      </symbol>
      <symbol id="sm-b5e">
         <name>ltoa</name>
         <value>0x7515</value>
         <object_component_ref idref="oc-442"/>
      </symbol>
      <symbol id="sm-b6e">
         <name>memccpy</name>
         <value>0x7c91</value>
         <object_component_ref idref="oc-460"/>
      </symbol>
      <symbol id="sm-b7e">
         <name>strchr</name>
         <value>0x7d3d</value>
         <object_component_ref idref="oc-454"/>
      </symbol>
      <symbol id="sm-ba8">
         <name>__aeabi_uldivmod</name>
         <value>0x5f51</value>
         <object_component_ref idref="oc-43d"/>
      </symbol>
      <symbol id="sm-bb6">
         <name>_Dclass</name>
         <value>0x7b49</value>
         <object_component_ref idref="oc-45a"/>
      </symbol>
      <symbol id="sm-bd7">
         <name>_Dscale</name>
         <value>0x6da5</value>
         <object_component_ref idref="oc-4b0"/>
      </symbol>
      <symbol id="sm-beb">
         <name>_Dunscale</name>
         <value>0x744f</value>
         <object_component_ref idref="oc-4a8"/>
      </symbol>
      <symbol id="sm-bfa">
         <name>_Feraise</name>
         <value>0x7b79</value>
         <object_component_ref idref="oc-4b6"/>
      </symbol>
      <symbol id="sm-c0a">
         <name>_Rteps</name>
         <value>0x20002788</value>
         <object_component_ref idref="oc-4e0"/>
      </symbol>
      <symbol id="sm-c0b">
         <name>_Zero</name>
         <value>0x200027a0</value>
         <object_component_ref idref="oc-4e0"/>
      </symbol>
      <symbol id="sm-c0c">
         <name>_Hugeval</name>
         <value>0x20002748</value>
         <object_component_ref idref="oc-4e0"/>
      </symbol>
      <symbol id="sm-c0d">
         <name>_Snan</name>
         <value>0x20002778</value>
         <object_component_ref idref="oc-4e0"/>
      </symbol>
      <symbol id="sm-c0e">
         <name>_Nan</name>
         <value>0x20002768</value>
         <object_component_ref idref="oc-4e0"/>
      </symbol>
      <symbol id="sm-c0f">
         <name>_Inf</name>
         <value>0x20002758</value>
         <object_component_ref idref="oc-4e0"/>
      </symbol>
      <symbol id="sm-c10">
         <name>_Xbig</name>
         <value>0x20002798</value>
         <object_component_ref idref="oc-4e0"/>
      </symbol>
      <symbol id="sm-c11">
         <name>_Eps</name>
         <value>0x20002738</value>
         <object_component_ref idref="oc-4e0"/>
      </symbol>
      <symbol id="sm-c12">
         <name>_Denorm</name>
         <value>0x20002728</value>
         <object_component_ref idref="oc-4e0"/>
      </symbol>
      <symbol id="sm-c1a">
         <name>_Errno</name>
         <value>0x20002978</value>
         <object_component_ref idref="oc-4eb"/>
      </symbol>
      <symbol id="sm-c38">
         <name>feraiseexcept</name>
         <value>0x7b15</value>
         <object_component_ref idref="oc-4e5"/>
      </symbol>
      <symbol id="sm-c39">
         <name>_Tls_setup__Fenv</name>
         <value>0x20002964</value>
         <object_component_ref idref="oc-513"/>
      </symbol>
      <symbol id="sm-c3a">
         <name>_Fenv</name>
         <value>0x20002960</value>
         <object_component_ref idref="oc-513"/>
      </symbol>
      <symbol id="sm-c4e">
         <name>raise</name>
         <value>0x7bd7</value>
         <object_component_ref idref="oc-50d"/>
      </symbol>
      <symbol id="sm-c68">
         <name>signal</name>
         <value>0x7a35</value>
         <object_component_ref idref="oc-51d"/>
      </symbol>
      <symbol id="sm-c7d">
         <name>_Dnorm</name>
         <value>0x7099</value>
         <object_component_ref idref="oc-4d6"/>
      </symbol>
      <symbol id="sm-d10">
         <name>UARTCharPutNonBlocking</name>
         <value>0x7dc3</value>
         <object_component_ref idref="oc-2a2"/>
      </symbol>
      <symbol id="sm-d11">
         <name>UARTTxIntModeSet</name>
         <value>0x7e03</value>
         <object_component_ref idref="oc-290"/>
      </symbol>
      <symbol id="sm-d12">
         <name>UARTConfigSetExpClk</name>
         <value>0x7975</value>
         <object_component_ref idref="oc-278"/>
      </symbol>
      <symbol id="sm-d13">
         <name>UARTDisable</name>
         <value>0x7c75</value>
         <object_component_ref idref="oc-399"/>
      </symbol>
      <symbol id="sm-d14">
         <name>UARTIntEnable</name>
         <value>0x7e4f</value>
         <object_component_ref idref="oc-28a"/>
      </symbol>
      <symbol id="sm-d15">
         <name>UARTCharsAvail</name>
         <value>0x7df7</value>
         <object_component_ref idref="oc-2ae"/>
      </symbol>
      <symbol id="sm-d16">
         <name>UARTEnable</name>
         <value>0x7d53</value>
         <object_component_ref idref="oc-39f"/>
      </symbol>
      <symbol id="sm-d17">
         <name>UARTIntClear</name>
         <value>0x7e6f</value>
         <object_component_ref idref="oc-29c"/>
      </symbol>
      <symbol id="sm-d18">
         <name>UARTIntStatus</name>
         <value>0x7e45</value>
         <object_component_ref idref="oc-296"/>
      </symbol>
      <symbol id="sm-d19">
         <name>UARTCharGet</name>
         <value>0x7e3b</value>
         <object_component_ref idref="oc-2a8"/>
      </symbol>
      <symbol id="sm-d1a">
         <name>UARTIntRegister</name>
         <value>0x7d0d</value>
         <object_component_ref idref="oc-27e"/>
      </symbol>
      <symbol id="sm-d4a">
         <name>TimerIntRegister</name>
         <value>0x7cf5</value>
         <object_component_ref idref="oc-218"/>
      </symbol>
      <symbol id="sm-d59">
         <name>SysTickIntRegister</name>
         <value>0x7c59</value>
         <object_component_ref idref="oc-177"/>
      </symbol>
      <symbol id="sm-da4">
         <name>SysCtlDelay</name>
         <value>0x7e63</value>
         <object_component_ref idref="oc-e7"/>
      </symbol>
      <symbol id="sm-da5">
         <name>SysCtlPeripheralEnable</name>
         <value>0x7ae1</value>
         <object_component_ref idref="oc-18c"/>
      </symbol>
      <symbol id="sm-da6">
         <name>SysCtlClockGet</name>
         <value>0x6b79</value>
         <object_component_ref idref="oc-e1"/>
      </symbol>
      <symbol id="sm-da7">
         <name>SysCtlPeripheralReset</name>
         <value>0x75bd</value>
         <object_component_ref idref="oc-324"/>
      </symbol>
      <symbol id="sm-dc6">
         <name>QEIIntRegister</name>
         <value>0x7cdd</value>
         <object_component_ref idref="oc-1ad"/>
      </symbol>
      <symbol id="sm-e08">
         <name>IntEnable</name>
         <value>0x74b5</value>
         <object_component_ref idref="oc-284"/>
      </symbol>
      <symbol id="sm-e09">
         <name>IntRegister</name>
         <value>0x7aad</value>
         <object_component_ref idref="oc-30b"/>
      </symbol>
      <symbol id="sm-e0a">
         <name>IntMasterDisable</name>
         <value>0x7e31</value>
         <object_component_ref idref="oc-17d"/>
      </symbol>
      <symbol id="sm-e0b">
         <name>g_pfnRAMVectors</name>
         <value>0x20000000</value>
         <object_component_ref idref="oc-3f0"/>
      </symbol>
      <symbol id="sm-e8e">
         <name>GPIOIntRegister</name>
         <value>0x7cc5</value>
         <object_component_ref idref="oc-24d"/>
      </symbol>
      <symbol id="sm-e8f">
         <name>GPIOPinConfigure</name>
         <value>0x778d</value>
         <object_component_ref idref="oc-26c"/>
      </symbol>
      <symbol id="sm-e90">
         <name>GPIOIntEnable</name>
         <value>0x7deb</value>
         <object_component_ref idref="oc-253"/>
      </symbol>
      <symbol id="sm-e91">
         <name>GPIOIntClear</name>
         <value>0x7e57</value>
         <object_component_ref idref="oc-c3"/>
      </symbol>
      <symbol id="sm-e92">
         <name>GPIOPinTypeUART</name>
         <value>0x7d91</value>
         <object_component_ref idref="oc-272"/>
      </symbol>
      <symbol id="sm-e93">
         <name>GPIOIntStatus</name>
         <value>0x7db5</value>
         <object_component_ref idref="oc-259"/>
      </symbol>
      <symbol id="sm-e94">
         <name>GPIOPinRead</name>
         <value>0x7e5d</value>
         <object_component_ref idref="oc-cf"/>
      </symbol>
      <symbol id="sm-e95">
         <name>GPIODirModeSet</name>
         <value>0x7c05</value>
         <object_component_ref idref="oc-38c"/>
      </symbol>
      <symbol id="sm-e96">
         <name>GPIOPadConfigSet</name>
         <value>0x6a47</value>
         <object_component_ref idref="oc-392"/>
      </symbol>
      <symbol id="sm-eb3">
         <name>EEPROMInit</name>
         <value>0x7935</value>
         <object_component_ref idref="oc-192"/>
      </symbol>
      <symbol id="sm-ebd">
         <name>CPUcpsid</name>
         <value>0x7ddf</value>
         <object_component_ref idref="oc-313"/>
      </symbol>
      <symbol id="sm-edb">
         <name>ADCIntRegister</name>
         <value>0x7cad</value>
         <object_component_ref idref="oc-1ba"/>
      </symbol>
      <symbol id="sm-edc">
         <name>__TI_static_base__</name>
         <value>0x0</value>
      </symbol>
      <symbol id="sm-edf">
         <name>SHT$$INIT_ARRAY$$Limit</name>
         <value>0x0</value>
      </symbol>
      <symbol id="sm-ee0">
         <name>SHT$$INIT_ARRAY$$Base</name>
         <value>0x0</value>
      </symbol>
   </symbol_table>
   <title>Link successful</title>
</link_info>
