<?xml version="1.0"?>
<link_info>
   <banner>TI ARM Linker PC v5.2.4</banner>
   <copyright>Copyright (c) 1996-2015 Texas Instruments Incorporated</copyright>
   <link_time>0x55d5b3b0</link_time>
   <link_errors>0x0</link_errors>
   <output_file>[RYA2015]CodeXin_AddedSLN.out</output_file>
   <entry_point>
      <name>_c_int00</name>
      <address>0x7fe1</address>
   </entry_point>
   <input_file_list>
      <input_file id="fl-2">
         <path>.\</path>
         <kind>object</kind>
         <file>SystemConfig.obj</file>
         <name>SystemConfig.obj</name>
      </input_file>
      <input_file id="fl-3">
         <path>.\</path>
         <kind>object</kind>
         <file>main.obj</file>
         <name>main.obj</name>
      </input_file>
      <input_file id="fl-4">
         <path>.\</path>
         <kind>object</kind>
         <file>startup_ccs.obj</file>
         <name>startup_ccs.obj</name>
      </input_file>
      <input_file id="fl-5">
         <path>.\WallFollow\</path>
         <kind>object</kind>
         <file>PID.obj</file>
         <name>PID.obj</name>
      </input_file>
      <input_file id="fl-6">
         <path>.\WallFollow\</path>
         <kind>object</kind>
         <file>WallFollow.obj</file>
         <name>WallFollow.obj</name>
      </input_file>
      <input_file id="fl-7">
         <path>.\Timer\</path>
         <kind>object</kind>
         <file>Timer.obj</file>
         <name>Timer.obj</name>
      </input_file>
      <input_file id="fl-8">
         <path>.\STR\</path>
         <kind>object</kind>
         <file>Control_initialize.obj</file>
         <name>Control_initialize.obj</name>
      </input_file>
      <input_file id="fl-9">
         <path>.\STR\</path>
         <kind>object</kind>
         <file>STR_Indirect.obj</file>
         <name>STR_Indirect.obj</name>
      </input_file>
      <input_file id="fl-a">
         <path>.\STR\</path>
         <kind>object</kind>
         <file>Uocluong.obj</file>
         <name>Uocluong.obj</name>
      </input_file>
      <input_file id="fl-b">
         <path>.\STR\</path>
         <kind>object</kind>
         <file>rtGetInf.obj</file>
         <name>rtGetInf.obj</name>
      </input_file>
      <input_file id="fl-c">
         <path>.\STR\</path>
         <kind>object</kind>
         <file>rtGetNaN.obj</file>
         <name>rtGetNaN.obj</name>
      </input_file>
      <input_file id="fl-d">
         <path>.\STR\</path>
         <kind>object</kind>
         <file>rt_nonfinite.obj</file>
         <name>rt_nonfinite.obj</name>
      </input_file>
      <input_file id="fl-e">
         <path>.\STR\</path>
         <kind>object</kind>
         <file>speed_control.obj</file>
         <name>speed_control.obj</name>
      </input_file>
      <input_file id="fl-f">
         <path>.\QEI\</path>
         <kind>object</kind>
         <file>qei.obj</file>
         <name>qei.obj</name>
      </input_file>
      <input_file id="fl-10">
         <path>.\IR\</path>
         <kind>object</kind>
         <file>IR.obj</file>
         <name>IR.obj</name>
      </input_file>
      <input_file id="fl-11">
         <path>.\HostComm\</path>
         <kind>object</kind>
         <file>hostcomm.obj</file>
         <name>hostcomm.obj</name>
      </input_file>
      <input_file id="fl-12">
         <path>.\Eeprom\</path>
         <kind>object</kind>
         <file>EEPROM.obj</file>
         <name>EEPROM.obj</name>
      </input_file>
      <input_file id="fl-13">
         <path>.\Buzzer\</path>
         <kind>object</kind>
         <file>Buzzer.obj</file>
         <name>Buzzer.obj</name>
      </input_file>
      <input_file id="fl-14">
         <path>.\Button\</path>
         <kind>object</kind>
         <file>Button.obj</file>
         <name>Button.obj</name>
      </input_file>
      <input_file id="fl-15">
         <path>.\Bluetooth\</path>
         <kind>object</kind>
         <file>Bluetooth.obj</file>
         <name>Bluetooth.obj</name>
      </input_file>
      <input_file id="fl-16">
         <path>.\Bluetooth\</path>
         <kind>object</kind>
         <file>uartstdio.obj</file>
         <name>uartstdio.obj</name>
      </input_file>
      <input_file id="fl-17">
         <path>.\Bluetooth\</path>
         <kind>object</kind>
         <file>ustdlib.obj</file>
         <name>ustdlib.obj</name>
      </input_file>
      <input_file id="fl-18">
         <path>.\Battery\</path>
         <kind>object</kind>
         <file>Bettery.obj</file>
         <name>Bettery.obj</name>
      </input_file>
      <input_file id="fl-13f">
         <path>D:\TI\ccsv6\tools\compiler\ti-cgt-arm_5.2.4\lib\</path>
         <kind>archive</kind>
         <file>rtsv7M4_T_le_v4SPD16_eabi.lib</file>
         <name>boot.obj</name>
      </input_file>
      <input_file id="fl-140">
         <path>D:\TI\ccsv6\tools\compiler\ti-cgt-arm_5.2.4\lib\</path>
         <kind>archive</kind>
         <file>rtsv7M4_T_le_v4SPD16_eabi.lib</file>
         <name>copy_decompress_none.obj</name>
      </input_file>
      <input_file id="fl-141">
         <path>D:\TI\ccsv6\tools\compiler\ti-cgt-arm_5.2.4\lib\</path>
         <kind>archive</kind>
         <file>rtsv7M4_T_le_v4SPD16_eabi.lib</file>
         <name>copy_decompress_rle.obj</name>
      </input_file>
      <input_file id="fl-142">
         <path>D:\TI\ccsv6\tools\compiler\ti-cgt-arm_5.2.4\lib\</path>
         <kind>archive</kind>
         <file>rtsv7M4_T_le_v4SPD16_eabi.lib</file>
         <name>copy_zero_init.obj</name>
      </input_file>
      <input_file id="fl-143">
         <path>D:\TI\ccsv6\tools\compiler\ti-cgt-arm_5.2.4\lib\</path>
         <kind>archive</kind>
         <file>rtsv7M4_T_le_v4SPD16_eabi.lib</file>
         <name>exit.obj</name>
      </input_file>
      <input_file id="fl-144">
         <path>D:\TI\ccsv6\tools\compiler\ti-cgt-arm_5.2.4\lib\</path>
         <kind>archive</kind>
         <file>rtsv7M4_T_le_v4SPD16_eabi.lib</file>
         <name>fd_add_t2.obj</name>
      </input_file>
      <input_file id="fl-145">
         <path>D:\TI\ccsv6\tools\compiler\ti-cgt-arm_5.2.4\lib\</path>
         <kind>archive</kind>
         <file>rtsv7M4_T_le_v4SPD16_eabi.lib</file>
         <name>fd_cmp_t2.obj</name>
      </input_file>
      <input_file id="fl-146">
         <path>D:\TI\ccsv6\tools\compiler\ti-cgt-arm_5.2.4\lib\</path>
         <kind>archive</kind>
         <file>rtsv7M4_T_le_v4SPD16_eabi.lib</file>
         <name>fd_div_t2.obj</name>
      </input_file>
      <input_file id="fl-147">
         <path>D:\TI\ccsv6\tools\compiler\ti-cgt-arm_5.2.4\lib\</path>
         <kind>archive</kind>
         <file>rtsv7M4_T_le_v4SPD16_eabi.lib</file>
         <name>fd_mul_t2.obj</name>
      </input_file>
      <input_file id="fl-148">
         <path>D:\TI\ccsv6\tools\compiler\ti-cgt-arm_5.2.4\lib\</path>
         <kind>archive</kind>
         <file>rtsv7M4_T_le_v4SPD16_eabi.lib</file>
         <name>fd_toi_t2.obj</name>
      </input_file>
      <input_file id="fl-149">
         <path>D:\TI\ccsv6\tools\compiler\ti-cgt-arm_5.2.4\lib\</path>
         <kind>archive</kind>
         <file>rtsv7M4_T_le_v4SPD16_eabi.lib</file>
         <name>fd_tos_t2.obj</name>
      </input_file>
      <input_file id="fl-14a">
         <path>D:\TI\ccsv6\tools\compiler\ti-cgt-arm_5.2.4\lib\</path>
         <kind>archive</kind>
         <file>rtsv7M4_T_le_v4SPD16_eabi.lib</file>
         <name>fs_tod_t2.obj</name>
      </input_file>
      <input_file id="fl-14b">
         <path>D:\TI\ccsv6\tools\compiler\ti-cgt-arm_5.2.4\lib\</path>
         <kind>archive</kind>
         <file>rtsv7M4_T_le_v4SPD16_eabi.lib</file>
         <name>i_tofd_t2.obj</name>
      </input_file>
      <input_file id="fl-14c">
         <path>D:\TI\ccsv6\tools\compiler\ti-cgt-arm_5.2.4\lib\</path>
         <kind>archive</kind>
         <file>rtsv7M4_T_le_v4SPD16_eabi.lib</file>
         <name>memcpy_t2.obj</name>
      </input_file>
      <input_file id="fl-14d">
         <path>D:\TI\ccsv6\tools\compiler\ti-cgt-arm_5.2.4\lib\</path>
         <kind>archive</kind>
         <file>rtsv7M4_T_le_v4SPD16_eabi.lib</file>
         <name>memset_t2.obj</name>
      </input_file>
      <input_file id="fl-14e">
         <path>D:\TI\ccsv6\tools\compiler\ti-cgt-arm_5.2.4\lib\</path>
         <kind>archive</kind>
         <file>rtsv7M4_T_le_v4SPD16_eabi.lib</file>
         <name>pre_init.obj</name>
      </input_file>
      <input_file id="fl-14f">
         <path>D:\TI\ccsv6\tools\compiler\ti-cgt-arm_5.2.4\lib\</path>
         <kind>archive</kind>
         <file>rtsv7M4_T_le_v4SPD16_eabi.lib</file>
         <name>stkdepth_vars.obj</name>
      </input_file>
      <input_file id="fl-150">
         <path>D:\TI\ccsv6\tools\compiler\ti-cgt-arm_5.2.4\lib\</path>
         <kind>archive</kind>
         <file>rtsv7M4_T_le_v4SPD16_eabi.lib</file>
         <name>strlen.obj</name>
      </input_file>
      <input_file id="fl-151">
         <path>D:\TI\ccsv6\tools\compiler\ti-cgt-arm_5.2.4\lib\</path>
         <kind>archive</kind>
         <file>rtsv7M4_T_le_v4SPD16_eabi.lib</file>
         <name>u_divt2.obj</name>
      </input_file>
      <input_file id="fl-152">
         <path>D:\TI\ccsv6\tools\compiler\ti-cgt-arm_5.2.4\lib\</path>
         <kind>archive</kind>
         <file>rtsv7M4_T_le_v4SPD16_eabi.lib</file>
         <name>vsprintf.obj</name>
      </input_file>
      <input_file id="fl-153">
         <path>D:\TI\ccsv6\tools\compiler\ti-cgt-arm_5.2.4\lib\</path>
         <kind>archive</kind>
         <file>rtsv7M4_T_le_v4SPD16_eabi.lib</file>
         <name>_lock.obj</name>
      </input_file>
      <input_file id="fl-154">
         <path>D:\TI\ccsv6\tools\compiler\ti-cgt-arm_5.2.4\lib\</path>
         <kind>archive</kind>
         <file>rtsv7M4_T_le_v4SPD16_eabi.lib</file>
         <name>_printfi.obj</name>
      </input_file>
      <input_file id="fl-155">
         <path>D:\TI\ccsv6\tools\compiler\ti-cgt-arm_5.2.4\lib\</path>
         <kind>archive</kind>
         <file>rtsv7M4_T_le_v4SPD16_eabi.lib</file>
         <name>args_main.obj</name>
      </input_file>
      <input_file id="fl-156">
         <path>D:\TI\ccsv6\tools\compiler\ti-cgt-arm_5.2.4\lib\</path>
         <kind>archive</kind>
         <file>rtsv7M4_T_le_v4SPD16_eabi.lib</file>
         <name>atoi.obj</name>
      </input_file>
      <input_file id="fl-157">
         <path>D:\TI\ccsv6\tools\compiler\ti-cgt-arm_5.2.4\lib\</path>
         <kind>archive</kind>
         <file>rtsv7M4_T_le_v4SPD16_eabi.lib</file>
         <name>autoinit.obj</name>
      </input_file>
      <input_file id="fl-158">
         <path>D:\TI\ccsv6\tools\compiler\ti-cgt-arm_5.2.4\lib\</path>
         <kind>archive</kind>
         <file>rtsv7M4_T_le_v4SPD16_eabi.lib</file>
         <name>cpy_tbl.obj</name>
      </input_file>
      <input_file id="fl-159">
         <path>D:\TI\ccsv6\tools\compiler\ti-cgt-arm_5.2.4\lib\</path>
         <kind>archive</kind>
         <file>rtsv7M4_T_le_v4SPD16_eabi.lib</file>
         <name>ctype.obj</name>
      </input_file>
      <input_file id="fl-15a">
         <path>D:\TI\ccsv6\tools\compiler\ti-cgt-arm_5.2.4\lib\</path>
         <kind>archive</kind>
         <file>rtsv7M4_T_le_v4SPD16_eabi.lib</file>
         <name>frexp.obj</name>
      </input_file>
      <input_file id="fl-15b">
         <path>D:\TI\ccsv6\tools\compiler\ti-cgt-arm_5.2.4\lib\</path>
         <kind>archive</kind>
         <file>rtsv7M4_T_le_v4SPD16_eabi.lib</file>
         <name>i_div0.obj</name>
      </input_file>
      <input_file id="fl-15c">
         <path>D:\TI\ccsv6\tools\compiler\ti-cgt-arm_5.2.4\lib\</path>
         <kind>archive</kind>
         <file>rtsv7M4_T_le_v4SPD16_eabi.lib</file>
         <name>ldexp.obj</name>
      </input_file>
      <input_file id="fl-15d">
         <path>D:\TI\ccsv6\tools\compiler\ti-cgt-arm_5.2.4\lib\</path>
         <kind>archive</kind>
         <file>rtsv7M4_T_le_v4SPD16_eabi.lib</file>
         <name>ltoa.obj</name>
      </input_file>
      <input_file id="fl-15e">
         <path>D:\TI\ccsv6\tools\compiler\ti-cgt-arm_5.2.4\lib\</path>
         <kind>archive</kind>
         <file>rtsv7M4_T_le_v4SPD16_eabi.lib</file>
         <name>memccpy.obj</name>
      </input_file>
      <input_file id="fl-15f">
         <path>D:\TI\ccsv6\tools\compiler\ti-cgt-arm_5.2.4\lib\</path>
         <kind>archive</kind>
         <file>rtsv7M4_T_le_v4SPD16_eabi.lib</file>
         <name>strchr.obj</name>
      </input_file>
      <input_file id="fl-160">
         <path>D:\TI\ccsv6\tools\compiler\ti-cgt-arm_5.2.4\lib\</path>
         <kind>archive</kind>
         <file>rtsv7M4_T_le_v4SPD16_eabi.lib</file>
         <name>ull_div_t2.obj</name>
      </input_file>
      <input_file id="fl-161">
         <path>D:\TI\ccsv6\tools\compiler\ti-cgt-arm_5.2.4\lib\</path>
         <kind>archive</kind>
         <file>rtsv7M4_T_le_v4SPD16_eabi.lib</file>
         <name>xdclass.obj</name>
      </input_file>
      <input_file id="fl-162">
         <path>D:\TI\ccsv6\tools\compiler\ti-cgt-arm_5.2.4\lib\</path>
         <kind>archive</kind>
         <file>rtsv7M4_T_le_v4SPD16_eabi.lib</file>
         <name>xdscale.obj</name>
      </input_file>
      <input_file id="fl-163">
         <path>D:\TI\ccsv6\tools\compiler\ti-cgt-arm_5.2.4\lib\</path>
         <kind>archive</kind>
         <file>rtsv7M4_T_le_v4SPD16_eabi.lib</file>
         <name>xdunscal.obj</name>
      </input_file>
      <input_file id="fl-164">
         <path>D:\TI\ccsv6\tools\compiler\ti-cgt-arm_5.2.4\lib\</path>
         <kind>archive</kind>
         <file>rtsv7M4_T_le_v4SPD16_eabi.lib</file>
         <name>xferaise.obj</name>
      </input_file>
      <input_file id="fl-165">
         <path>D:\TI\ccsv6\tools\compiler\ti-cgt-arm_5.2.4\lib\</path>
         <kind>archive</kind>
         <file>rtsv7M4_T_le_v4SPD16_eabi.lib</file>
         <name>xvalues.obj</name>
      </input_file>
      <input_file id="fl-166">
         <path>D:\TI\ccsv6\tools\compiler\ti-cgt-arm_5.2.4\lib\</path>
         <kind>archive</kind>
         <file>rtsv7M4_T_le_v4SPD16_eabi.lib</file>
         <name>errno.obj</name>
      </input_file>
      <input_file id="fl-167">
         <path>D:\TI\ccsv6\tools\compiler\ti-cgt-arm_5.2.4\lib\</path>
         <kind>archive</kind>
         <file>rtsv7M4_T_le_v4SPD16_eabi.lib</file>
         <name>feraiseexcept.obj</name>
      </input_file>
      <input_file id="fl-168">
         <path>D:\TI\ccsv6\tools\compiler\ti-cgt-arm_5.2.4\lib\</path>
         <kind>archive</kind>
         <file>rtsv7M4_T_le_v4SPD16_eabi.lib</file>
         <name>raise.obj</name>
      </input_file>
      <input_file id="fl-169">
         <path>D:\TI\ccsv6\tools\compiler\ti-cgt-arm_5.2.4\lib\</path>
         <kind>archive</kind>
         <file>rtsv7M4_T_le_v4SPD16_eabi.lib</file>
         <name>signal.obj</name>
      </input_file>
      <input_file id="fl-16a">
         <path>D:\TI\ccsv6\tools\compiler\ti-cgt-arm_5.2.4\lib\</path>
         <kind>archive</kind>
         <file>rtsv7M4_T_le_v4SPD16_eabi.lib</file>
         <name>xdnorm.obj</name>
      </input_file>
      <input_file id="fl-16b">
         <path>D:\TI\TivaWare\driverlib\ccs\Debug\</path>
         <kind>archive</kind>
         <file>driverlib.lib</file>
         <name>uart.obj</name>
      </input_file>
      <input_file id="fl-16c">
         <path>D:\TI\TivaWare\driverlib\ccs\Debug\</path>
         <kind>archive</kind>
         <file>driverlib.lib</file>
         <name>timer.obj</name>
      </input_file>
      <input_file id="fl-16d">
         <path>D:\TI\TivaWare\driverlib\ccs\Debug\</path>
         <kind>archive</kind>
         <file>driverlib.lib</file>
         <name>systick.obj</name>
      </input_file>
      <input_file id="fl-16e">
         <path>D:\TI\TivaWare\driverlib\ccs\Debug\</path>
         <kind>archive</kind>
         <file>driverlib.lib</file>
         <name>sysctl.obj</name>
      </input_file>
      <input_file id="fl-16f">
         <path>D:\TI\TivaWare\driverlib\ccs\Debug\</path>
         <kind>archive</kind>
         <file>driverlib.lib</file>
         <name>qei.obj</name>
      </input_file>
      <input_file id="fl-170">
         <path>D:\TI\TivaWare\driverlib\ccs\Debug\</path>
         <kind>archive</kind>
         <file>driverlib.lib</file>
         <name>interrupt.obj</name>
      </input_file>
      <input_file id="fl-171">
         <path>D:\TI\TivaWare\driverlib\ccs\Debug\</path>
         <kind>archive</kind>
         <file>driverlib.lib</file>
         <name>gpio.obj</name>
      </input_file>
      <input_file id="fl-172">
         <path>D:\TI\TivaWare\driverlib\ccs\Debug\</path>
         <kind>archive</kind>
         <file>driverlib.lib</file>
         <name>eeprom.obj</name>
      </input_file>
      <input_file id="fl-173">
         <path>D:\TI\TivaWare\driverlib\ccs\Debug\</path>
         <kind>archive</kind>
         <file>driverlib.lib</file>
         <name>cpu.obj</name>
      </input_file>
      <input_file id="fl-174">
         <path>D:\TI\TivaWare\driverlib\ccs\Debug\</path>
         <kind>archive</kind>
         <file>driverlib.lib</file>
         <name>adc.obj</name>
      </input_file>
   </input_file_list>
   <object_component_list>
      <object_component id="oc-f">
         <name>.intvecs</name>
         <load_address>0x0</load_address>
         <run_address>0x0</run_address>
         <size>0x26c</size>
         <input_file_ref idref="fl-4"/>
      </object_component>
      <object_component id="oc-f4">
         <name>.text</name>
         <load_address>0x26c</load_address>
         <run_address>0x26c</run_address>
         <size>0x213c</size>
         <input_file_ref idref="fl-6"/>
      </object_component>
      <object_component id="oc-422">
         <name>.text</name>
         <load_address>0x23a8</load_address>
         <run_address>0x23a8</run_address>
         <size>0x10ba</size>
         <input_file_ref idref="fl-154"/>
      </object_component>
      <object_component id="oc-14d">
         <name>.text</name>
         <load_address>0x3464</load_address>
         <run_address>0x3464</run_address>
         <size>0xac8</size>
         <input_file_ref idref="fl-a"/>
      </object_component>
      <object_component id="oc-e8">
         <name>.text</name>
         <load_address>0x3f2c</load_address>
         <run_address>0x3f2c</run_address>
         <size>0x6b8</size>
         <input_file_ref idref="fl-10"/>
      </object_component>
      <object_component id="oc-1e1">
         <name>.text</name>
         <load_address>0x45e4</load_address>
         <run_address>0x45e4</run_address>
         <size>0x6a4</size>
         <input_file_ref idref="fl-15"/>
      </object_component>
      <object_component id="oc-c3">
         <name>.text</name>
         <load_address>0x4c88</load_address>
         <run_address>0x4c88</run_address>
         <size>0x580</size>
         <input_file_ref idref="fl-e"/>
      </object_component>
      <object_component id="oc-fa">
         <name>.text</name>
         <load_address>0x5208</load_address>
         <run_address>0x5208</run_address>
         <size>0x344</size>
         <input_file_ref idref="fl-11"/>
      </object_component>
      <object_component id="oc-9d">
         <name>.text</name>
         <load_address>0x554c</load_address>
         <run_address>0x554c</run_address>
         <size>0x334</size>
         <input_file_ref idref="fl-3"/>
      </object_component>
      <object_component id="oc-e2">
         <name>.text</name>
         <load_address>0x5880</load_address>
         <run_address>0x5880</run_address>
         <size>0x314</size>
         <input_file_ref idref="fl-f"/>
      </object_component>
      <object_component id="oc-13d">
         <name>.text</name>
         <load_address>0x5b94</load_address>
         <run_address>0x5b94</run_address>
         <size>0x2e0</size>
         <input_file_ref idref="fl-9"/>
      </object_component>
      <object_component id="oc-cf">
         <name>.text</name>
         <load_address>0x5e74</load_address>
         <run_address>0x5e74</run_address>
         <size>0x2d4</size>
         <input_file_ref idref="fl-2"/>
      </object_component>
      <object_component id="oc-100">
         <name>.text</name>
         <load_address>0x6148</load_address>
         <run_address>0x6148</run_address>
         <size>0x2c8</size>
         <input_file_ref idref="fl-13"/>
      </object_component>
      <object_component id="oc-d5">
         <name>.text</name>
         <load_address>0x6410</load_address>
         <run_address>0x6410</run_address>
         <size>0x2bc</size>
         <input_file_ref idref="fl-12"/>
      </object_component>
      <object_component id="oc-10c">
         <name>.text</name>
         <load_address>0x66cc</load_address>
         <run_address>0x66cc</run_address>
         <size>0x1fc</size>
         <input_file_ref idref="fl-14"/>
      </object_component>
      <object_component id="oc-47f">
         <name>.text</name>
         <load_address>0x68c8</load_address>
         <run_address>0x68c8</run_address>
         <size>0x1f4</size>
         <input_file_ref idref="fl-160"/>
      </object_component>
      <object_component id="oc-106">
         <name>.text</name>
         <load_address>0x6abc</load_address>
         <run_address>0x6abc</run_address>
         <size>0x1d8</size>
         <input_file_ref idref="fl-18"/>
      </object_component>
      <object_component id="oc-25f">
         <name>.text</name>
         <load_address>0x6c94</load_address>
         <run_address>0x6c94</run_address>
         <size>0x1b6</size>
         <input_file_ref idref="fl-144"/>
      </object_component>
      <object_component id="oc-ee">
         <name>.text</name>
         <load_address>0x6e4c</load_address>
         <run_address>0x6e4c</run_address>
         <size>0x1b4</size>
         <input_file_ref idref="fl-7"/>
      </object_component>
      <object_component id="oc-3b9">
         <name>.text</name>
         <load_address>0x7000</load_address>
         <run_address>0x7000</run_address>
         <size>0x148</size>
         <input_file_ref idref="fl-b"/>
      </object_component>
      <object_component id="oc-204">
         <name>.text</name>
         <load_address>0x7148</load_address>
         <run_address>0x7148</run_address>
         <size>0x140</size>
         <input_file_ref idref="fl-5"/>
      </object_component>
      <object_component id="oc-21d">
         <name>.text</name>
         <load_address>0x7288</load_address>
         <run_address>0x7288</run_address>
         <size>0x136</size>
         <input_file_ref idref="fl-146"/>
      </object_component>
      <object_component id="oc-3ff">
         <name>.text:GPIOPadConfigSet</name>
         <load_address>0x73be</load_address>
         <run_address>0x73be</run_address>
         <size>0x130</size>
         <input_file_ref idref="fl-171"/>
      </object_component>
      <object_component id="oc-db">
         <name>.text:SysCtlClockGet</name>
         <load_address>0x74f0</load_address>
         <run_address>0x74f0</run_address>
         <size>0x118</size>
         <input_file_ref idref="fl-16e"/>
      </object_component>
      <object_component id="oc-292">
         <name>.text</name>
         <load_address>0x7608</load_address>
         <run_address>0x7608</run_address>
         <size>0x114</size>
         <input_file_ref idref="fl-d"/>
      </object_component>
      <object_component id="oc-4da">
         <name>.text</name>
         <load_address>0x771c</load_address>
         <run_address>0x771c</run_address>
         <size>0x110</size>
         <input_file_ref idref="fl-162"/>
      </object_component>
      <object_component id="oc-188">
         <name>.text</name>
         <load_address>0x782c</load_address>
         <run_address>0x782c</run_address>
         <size>0xfc</size>
         <input_file_ref idref="fl-147"/>
      </object_component>
      <object_component id="oc-3b3">
         <name>.text</name>
         <load_address>0x7928</load_address>
         <run_address>0x7928</run_address>
         <size>0xe8</size>
         <input_file_ref idref="fl-c"/>
      </object_component>
      <object_component id="oc-500">
         <name>.text</name>
         <load_address>0x7a10</load_address>
         <run_address>0x7a10</run_address>
         <size>0xbe</size>
         <input_file_ref idref="fl-16a"/>
      </object_component>
      <object_component id="oc-33">
         <name>.text</name>
         <load_address>0x7ace</load_address>
         <run_address>0x7ace</run_address>
         <size>0x9c</size>
         <input_file_ref idref="fl-14c"/>
      </object_component>
      <object_component id="oc-29a">
         <name>.text:__aeabi_cdcmple</name>
         <load_address>0x7b6a</load_address>
         <run_address>0x7b6a</run_address>
         <size>0x86</size>
         <input_file_ref idref="fl-145"/>
      </object_component>
      <object_component id="oc-222">
         <name>.text:__aeabi_cdrcmple</name>
         <load_address>0x7bf0</load_address>
         <run_address>0x7bf0</run_address>
         <size>0x86</size>
         <input_file_ref idref="fl-145"/>
      </object_component>
      <object_component id="oc-4c">
         <name>.text</name>
         <load_address>0x7c76</load_address>
         <run_address>0x7c76</run_address>
         <size>0x7a</size>
         <input_file_ref idref="fl-14d"/>
      </object_component>
      <object_component id="oc-5e">
         <name>.text</name>
         <load_address>0x7cf0</load_address>
         <run_address>0x7cf0</run_address>
         <size>0x6c</size>
         <input_file_ref idref="fl-157"/>
      </object_component>
      <object_component id="oc-3f">
         <name>.text</name>
         <load_address>0x7d5c</load_address>
         <run_address>0x7d5c</run_address>
         <size>0x6a</size>
         <input_file_ref idref="fl-141"/>
      </object_component>
      <object_component id="oc-4d2">
         <name>.text</name>
         <load_address>0x7dc6</load_address>
         <run_address>0x7dc6</run_address>
         <size>0x66</size>
         <input_file_ref idref="fl-163"/>
      </object_component>
      <object_component id="oc-1c2">
         <name>.text:IntEnable</name>
         <load_address>0x7e2c</load_address>
         <run_address>0x7e2c</run_address>
         <size>0x60</size>
         <input_file_ref idref="fl-170"/>
      </object_component>
      <object_component id="oc-1b0">
         <name>.text:TimerConfigure</name>
         <load_address>0x7e8c</load_address>
         <run_address>0x7e8c</run_address>
         <size>0x5c</size>
         <input_file_ref idref="fl-16c"/>
      </object_component>
      <object_component id="oc-484">
         <name>.text</name>
         <load_address>0x7ee8</load_address>
         <run_address>0x7ee8</run_address>
         <size>0x56</size>
         <input_file_ref idref="fl-15d"/>
      </object_component>
      <object_component id="oc-490">
         <name>.text</name>
         <load_address>0x7f3e</load_address>
         <run_address>0x7f3e</run_address>
         <size>0x52</size>
         <input_file_ref idref="fl-15c"/>
      </object_component>
      <object_component id="oc-2d2">
         <name>.text:SysCtlPeripheralReset</name>
         <load_address>0x7f90</load_address>
         <run_address>0x7f90</run_address>
         <size>0x50</size>
         <input_file_ref idref="fl-16e"/>
      </object_component>
      <object_component id="oc-24">
         <name>.text</name>
         <load_address>0x7fe0</load_address>
         <run_address>0x7fe0</run_address>
         <size>0x50</size>
         <input_file_ref idref="fl-13f"/>
      </object_component>
      <object_component id="oc-2f6">
         <name>.text:_TimerIntNumberGet</name>
         <load_address>0x8030</load_address>
         <run_address>0x8030</run_address>
         <size>0x4c</size>
         <input_file_ref idref="fl-16c"/>
      </object_component>
      <object_component id="oc-4a8">
         <name>.text</name>
         <load_address>0x807c</load_address>
         <run_address>0x807c</run_address>
         <size>0x4c</size>
         <input_file_ref idref="fl-156"/>
      </object_component>
      <object_component id="oc-95">
         <name>.text</name>
         <load_address>0x80c8</load_address>
         <run_address>0x80c8</run_address>
         <size>0x4c</size>
         <input_file_ref idref="fl-158"/>
      </object_component>
      <object_component id="oc-143">
         <name>.text</name>
         <load_address>0x8114</load_address>
         <run_address>0x8114</run_address>
         <size>0x4a</size>
         <input_file_ref idref="fl-149"/>
      </object_component>
      <object_component id="oc-309">
         <name>.text:GPIOPinConfigure</name>
         <load_address>0x8160</load_address>
         <run_address>0x8160</run_address>
         <size>0x48</size>
         <input_file_ref idref="fl-171"/>
      </object_component>
      <object_component id="oc-2df">
         <name>.text:_QEIIntNumberGet</name>
         <load_address>0x81a8</load_address>
         <run_address>0x81a8</run_address>
         <size>0x48</size>
         <input_file_ref idref="fl-16f"/>
      </object_component>
      <object_component id="oc-18d">
         <name>.text</name>
         <load_address>0x81f0</load_address>
         <run_address>0x81f0</run_address>
         <size>0x48</size>
         <input_file_ref idref="fl-148"/>
      </object_component>
      <object_component id="oc-34b">
         <name>.text</name>
         <load_address>0x8238</load_address>
         <run_address>0x8238</run_address>
         <size>0x48</size>
         <input_file_ref idref="fl-152"/>
      </object_component>
      <object_component id="oc-2eb">
         <name>.text:_ADCIntNumberGet</name>
         <load_address>0x8280</load_address>
         <run_address>0x8280</run_address>
         <size>0x44</size>
         <input_file_ref idref="fl-174"/>
      </object_component>
      <object_component id="oc-6a">
         <name>.text</name>
         <load_address>0x82c4</load_address>
         <run_address>0x82c4</run_address>
         <size>0x44</size>
         <input_file_ref idref="fl-143"/>
      </object_component>
      <object_component id="oc-182">
         <name>.text:EEPROMInit</name>
         <load_address>0x8308</load_address>
         <run_address>0x8308</run_address>
         <size>0x40</size>
         <input_file_ref idref="fl-172"/>
      </object_component>
      <object_component id="oc-315">
         <name>.text:UARTConfigSetExpClk</name>
         <load_address>0x8348</load_address>
         <run_address>0x8348</run_address>
         <size>0x40</size>
         <input_file_ref idref="fl-16b"/>
      </object_component>
      <object_component id="oc-3a5">
         <name>.text:_GPIOIntNumberGet</name>
         <load_address>0x8388</load_address>
         <run_address>0x8388</run_address>
         <size>0x40</size>
         <input_file_ref idref="fl-171"/>
      </object_component>
      <object_component id="oc-414">
         <name>.text:_UARTIntNumberGet</name>
         <load_address>0x83c8</load_address>
         <run_address>0x83c8</run_address>
         <size>0x40</size>
         <input_file_ref idref="fl-16b"/>
      </object_component>
      <object_component id="oc-543">
         <name>.text</name>
         <load_address>0x8408</load_address>
         <run_address>0x8408</run_address>
         <size>0x40</size>
         <input_file_ref idref="fl-169"/>
      </object_component>
      <object_component id="oc-148">
         <name>.text</name>
         <load_address>0x8448</load_address>
         <run_address>0x8448</run_address>
         <size>0x38</size>
         <input_file_ref idref="fl-14a"/>
      </object_component>
      <object_component id="oc-2b9">
         <name>.text:IntRegister</name>
         <load_address>0x8480</load_address>
         <run_address>0x8480</run_address>
         <size>0x34</size>
         <input_file_ref idref="fl-170"/>
      </object_component>
      <object_component id="oc-17c">
         <name>.text:SysCtlPeripheralEnable</name>
         <load_address>0x84b4</load_address>
         <run_address>0x84b4</run_address>
         <size>0x34</size>
         <input_file_ref idref="fl-16e"/>
      </object_component>
      <object_component id="oc-50f">
         <name>.text</name>
         <load_address>0x84e8</load_address>
         <run_address>0x84e8</run_address>
         <size>0x34</size>
         <input_file_ref idref="fl-167"/>
      </object_component>
      <object_component id="oc-49c">
         <name>.text</name>
         <load_address>0x851c</load_address>
         <run_address>0x851c</run_address>
         <size>0x30</size>
         <input_file_ref idref="fl-161"/>
      </object_component>
      <object_component id="oc-4e0">
         <name>.text</name>
         <load_address>0x854c</load_address>
         <run_address>0x854c</run_address>
         <size>0x30</size>
         <input_file_ref idref="fl-164"/>
      </object_component>
      <object_component id="oc-138">
         <name>.text</name>
         <load_address>0x857c</load_address>
         <run_address>0x857c</run_address>
         <size>0x2e</size>
         <input_file_ref idref="fl-14b"/>
      </object_component>
      <object_component id="oc-533">
         <name>.text</name>
         <load_address>0x85aa</load_address>
         <run_address>0x85aa</run_address>
         <size>0x2e</size>
         <input_file_ref idref="fl-168"/>
      </object_component>
      <object_component id="oc-3f9">
         <name>.text:GPIODirModeSet</name>
         <load_address>0x85d8</load_address>
         <run_address>0x85d8</run_address>
         <size>0x2a</size>
         <input_file_ref idref="fl-171"/>
      </object_component>
      <object_component id="oc-48a">
         <name>.text</name>
         <load_address>0x8602</load_address>
         <run_address>0x8602</run_address>
         <size>0x2a</size>
         <input_file_ref idref="fl-15a"/>
      </object_component>
      <object_component id="oc-167">
         <name>.text:SysTickIntRegister</name>
         <load_address>0x862c</load_address>
         <run_address>0x862c</run_address>
         <size>0x1c</size>
         <input_file_ref idref="fl-16d"/>
      </object_component>
      <object_component id="oc-406">
         <name>.text:UARTDisable</name>
         <load_address>0x8648</load_address>
         <run_address>0x8648</run_address>
         <size>0x1c</size>
         <input_file_ref idref="fl-16b"/>
      </object_component>
      <object_component id="oc-4a2">
         <name>.text</name>
         <load_address>0x8664</load_address>
         <run_address>0x8664</run_address>
         <size>0x1c</size>
         <input_file_ref idref="fl-15e"/>
      </object_component>
      <object_component id="oc-1aa">
         <name>.text:ADCIntRegister</name>
         <load_address>0x8680</load_address>
         <run_address>0x8680</run_address>
         <size>0x18</size>
         <input_file_ref idref="fl-174"/>
      </object_component>
      <object_component id="oc-268">
         <name>.text:GPIOIntRegister</name>
         <load_address>0x8698</load_address>
         <run_address>0x8698</run_address>
         <size>0x18</size>
         <input_file_ref idref="fl-171"/>
      </object_component>
      <object_component id="oc-19d">
         <name>.text:QEIIntRegister</name>
         <load_address>0x86b0</load_address>
         <run_address>0x86b0</run_address>
         <size>0x18</size>
         <input_file_ref idref="fl-16f"/>
      </object_component>
      <object_component id="oc-1bc">
         <name>.text:TimerIntRegister</name>
         <load_address>0x86c8</load_address>
         <run_address>0x86c8</run_address>
         <size>0x18</size>
         <input_file_ref idref="fl-16c"/>
      </object_component>
      <object_component id="oc-31b">
         <name>.text:UARTIntRegister</name>
         <load_address>0x86e0</load_address>
         <run_address>0x86e0</run_address>
         <size>0x18</size>
         <input_file_ref idref="fl-16b"/>
      </object_component>
      <object_component id="oc-64">
         <name>.text</name>
         <load_address>0x86f8</load_address>
         <run_address>0x86f8</run_address>
         <size>0x18</size>
         <input_file_ref idref="fl-155"/>
      </object_component>
      <object_component id="oc-496">
         <name>.text</name>
         <load_address>0x8710</load_address>
         <run_address>0x8710</run_address>
         <size>0x16</size>
         <input_file_ref idref="fl-15f"/>
      </object_component>
      <object_component id="oc-40c">
         <name>.text:UARTEnable</name>
         <load_address>0x8726</load_address>
         <run_address>0x8726</run_address>
         <size>0x14</size>
         <input_file_ref idref="fl-16b"/>
      </object_component>
      <object_component id="oc-11d">
         <name>.text</name>
         <load_address>0x873c</load_address>
         <run_address>0x873c</run_address>
         <size>0x14</size>
         <input_file_ref idref="fl-153"/>
      </object_component>
      <object_component id="oc-351">
         <name>.text</name>
         <load_address>0x8750</load_address>
         <run_address>0x8750</run_address>
         <size>0x14</size>
         <input_file_ref idref="fl-150"/>
      </object_component>
      <object_component id="oc-30f">
         <name>.text:GPIOPinTypeUART</name>
         <load_address>0x8764</load_address>
         <run_address>0x8764</run_address>
         <size>0x12</size>
         <input_file_ref idref="fl-171"/>
      </object_component>
      <object_component id="oc-1b6">
         <name>.text:TimerLoadSet</name>
         <load_address>0x8776</load_address>
         <run_address>0x8776</run_address>
         <size>0x12</size>
         <input_file_ref idref="fl-16c"/>
      </object_component>
      <object_component id="oc-2cc">
         <name>.text:_EEPROMWaitForDone</name>
         <load_address>0x8788</load_address>
         <run_address>0x8788</run_address>
         <size>0x10</size>
         <input_file_ref idref="fl-172"/>
      </object_component>
      <object_component id="oc-27a">
         <name>.text:GPIOIntStatus</name>
         <load_address>0x8798</load_address>
         <run_address>0x8798</run_address>
         <size>0xe</size>
         <input_file_ref idref="fl-171"/>
      </object_component>
      <object_component id="oc-1d4">
         <name>.text:TimerEnable</name>
         <load_address>0x87a6</load_address>
         <run_address>0x87a6</run_address>
         <size>0xe</size>
         <input_file_ref idref="fl-16c"/>
      </object_component>
      <object_component id="oc-339">
         <name>.text:UARTCharPutNonBlocking</name>
         <load_address>0x87b4</load_address>
         <run_address>0x87b4</run_address>
         <size>0xe</size>
         <input_file_ref idref="fl-16b"/>
      </object_component>
      <object_component id="oc-12">
         <name>.text:decompress:none</name>
         <load_address>0x87c2</load_address>
         <run_address>0x87c2</run_address>
         <size>0xe</size>
         <input_file_ref idref="fl-140"/>
      </object_component>
      <object_component id="oc-2c1">
         <name>.text:CPUcpsid</name>
         <load_address>0x87d0</load_address>
         <run_address>0x87d0</run_address>
         <size>0xc</size>
         <input_file_ref idref="fl-173"/>
      </object_component>
      <object_component id="oc-26e">
         <name>.text:GPIOIntEnable</name>
         <load_address>0x87dc</load_address>
         <run_address>0x87dc</run_address>
         <size>0xc</size>
         <input_file_ref idref="fl-171"/>
      </object_component>
      <object_component id="oc-345">
         <name>.text:UARTCharsAvail</name>
         <load_address>0x87e8</load_address>
         <run_address>0x87e8</run_address>
         <size>0xc</size>
         <input_file_ref idref="fl-16b"/>
      </object_component>
      <object_component id="oc-327">
         <name>.text:UARTTxIntModeSet</name>
         <load_address>0x87f4</load_address>
         <run_address>0x87f4</run_address>
         <size>0xc</size>
         <input_file_ref idref="fl-16b"/>
      </object_component>
      <object_component id="oc-1e">
         <name>.text:decompress:ZI</name>
         <load_address>0x8800</load_address>
         <run_address>0x8800</run_address>
         <size>0xc</size>
         <input_file_ref idref="fl-142"/>
      </object_component>
      <object_component id="oc-2a">
         <name>.text</name>
         <load_address>0x880c</load_address>
         <run_address>0x880c</run_address>
         <size>0xc</size>
         <input_file_ref idref="fl-4"/>
      </object_component>
      <object_component id="oc-132">
         <name>.text</name>
         <load_address>0x8818</load_address>
         <run_address>0x8818</run_address>
         <size>0xa</size>
         <input_file_ref idref="fl-8"/>
      </object_component>
      <object_component id="oc-16d">
         <name>.text:IntMasterDisable</name>
         <load_address>0x8822</load_address>
         <run_address>0x8822</run_address>
         <size>0xa</size>
         <input_file_ref idref="fl-170"/>
      </object_component>
      <object_component id="oc-33f">
         <name>.text:UARTCharGet</name>
         <load_address>0x882c</load_address>
         <run_address>0x882c</run_address>
         <size>0xa</size>
         <input_file_ref idref="fl-16b"/>
      </object_component>
      <object_component id="oc-32d">
         <name>.text:UARTIntStatus</name>
         <load_address>0x8836</load_address>
         <run_address>0x8836</run_address>
         <size>0xa</size>
         <input_file_ref idref="fl-16b"/>
      </object_component>
      <object_component id="oc-1c8">
         <name>.text:TimerIntEnable</name>
         <load_address>0x8840</load_address>
         <run_address>0x8840</run_address>
         <size>0x8</size>
         <input_file_ref idref="fl-16c"/>
      </object_component>
      <object_component id="oc-321">
         <name>.text:UARTIntEnable</name>
         <load_address>0x8848</load_address>
         <run_address>0x8848</run_address>
         <size>0x8</size>
         <input_file_ref idref="fl-16b"/>
      </object_component>
      <object_component id="oc-274">
         <name>.text:GPIOIntClear</name>
         <load_address>0x8850</load_address>
         <run_address>0x8850</run_address>
         <size>0x6</size>
         <input_file_ref idref="fl-171"/>
      </object_component>
      <object_component id="oc-c9">
         <name>.text:GPIOPinRead</name>
         <load_address>0x8856</load_address>
         <run_address>0x8856</run_address>
         <size>0x6</size>
         <input_file_ref idref="fl-171"/>
      </object_component>
      <object_component id="oc-e1">
         <name>.text:SysCtlDelay</name>
         <load_address>0x885c</load_address>
         <run_address>0x885c</run_address>
         <size>0x6</size>
         <input_file_ref idref="fl-16e"/>
      </object_component>
      <object_component id="oc-18">
         <name>.text:decompress:rle24</name>
         <load_address>0x8862</load_address>
         <run_address>0x8862</run_address>
         <size>0x6</size>
         <input_file_ref idref="fl-141"/>
      </object_component>
      <object_component id="oc-1ce">
         <name>.text:TimerIntClear</name>
         <load_address>0x8868</load_address>
         <run_address>0x8868</run_address>
         <size>0x4</size>
         <input_file_ref idref="fl-16c"/>
      </object_component>
      <object_component id="oc-333">
         <name>.text:UARTIntClear</name>
         <load_address>0x886c</load_address>
         <run_address>0x886c</run_address>
         <size>0x4</size>
         <input_file_ref idref="fl-16b"/>
      </object_component>
      <object_component id="oc-58">
         <name>.text</name>
         <load_address>0x8870</load_address>
         <run_address>0x8870</run_address>
         <size>0x4</size>
         <input_file_ref idref="fl-14e"/>
      </object_component>
      <object_component id="oc-4ee">
         <name>.const:.string:_ctypes_</name>
         <load_address>0x8874</load_address>
         <run_address>0x8874</run_address>
         <size>0x101</size>
         <input_file_ref idref="fl-159"/>
      </object_component>
      <object_component id="oc-44d">
         <name>.const:g_ppui32GPIOIntMapBlizzard</name>
         <load_address>0x8978</load_address>
         <run_address>0x8978</run_address>
         <size>0xc0</size>
         <input_file_ref idref="fl-171"/>
      </object_component>
      <object_component id="oc-450">
         <name>.const:g_ppui32GPIOIntMapSnowflake</name>
         <load_address>0x8a38</load_address>
         <run_address>0x8a38</run_address>
         <size>0xc0</size>
         <input_file_ref idref="fl-171"/>
      </object_component>
      <object_component id="oc-3f5">
         <name>.const:g_pui32GPIOBaseAddrs</name>
         <load_address>0x8af8</load_address>
         <run_address>0x8af8</run_address>
         <size>0x90</size>
         <input_file_ref idref="fl-171"/>
      </object_component>
      <object_component id="oc-2fd">
         <name>.const</name>
         <load_address>0x8b88</load_address>
         <run_address>0x8b88</run_address>
         <size>0x70</size>
         <input_file_ref idref="fl-170"/>
      </object_component>
      <object_component id="oc-199">
         <name>.const:g_pui32Xtals</name>
         <load_address>0x8bf8</load_address>
         <run_address>0x8bf8</run_address>
         <size>0x6c</size>
         <input_file_ref idref="fl-16e"/>
      </object_component>
      <object_component id="oc-3ea">
         <name>.const:g_ppui32TimerIntMap</name>
         <load_address>0x8c64</load_address>
         <run_address>0x8c64</run_address>
         <size>0x60</size>
         <input_file_ref idref="fl-16c"/>
      </object_component>
      <object_component id="oc-3ed">
         <name>.const:g_ppui32TimerIntMapSnowflake</name>
         <load_address>0x8cc4</load_address>
         <run_address>0x8cc4</run_address>
         <size>0x40</size>
         <input_file_ref idref="fl-16c"/>
      </object_component>
      <object_component id="oc-478">
         <name>.const:g_ppui32UARTIntMap</name>
         <load_address>0x8d04</load_address>
         <run_address>0x8d04</run_address>
         <size>0x40</size>
         <input_file_ref idref="fl-16b"/>
      </object_component>
      <object_component id="oc-47b">
         <name>.const:g_ppui32UARTIntMapSnowflake</name>
         <load_address>0x8d44</load_address>
         <run_address>0x8d44</run_address>
         <size>0x40</size>
         <input_file_ref idref="fl-16b"/>
      </object_component>
      <object_component id="oc-258">
         <name>.const</name>
         <load_address>0x8d84</load_address>
         <run_address>0x8d84</run_address>
         <size>0x20</size>
         <input_file_ref idref="fl-13"/>
      </object_component>
      <object_component id="oc-454">
         <name>.const</name>
         <load_address>0x8da4</load_address>
         <run_address>0x8da4</run_address>
         <size>0x4</size>
         <input_file_ref idref="fl-c"/>
      </object_component>
      <object_component id="oc-58a">
         <name>.cinit..data.load</name>
         <load_address>0x8da8</load_address>
         <run_address>0x8da8</run_address>
         <size>0x14d</size>
      </object_component>
      <object_component id="oc-587">
         <name>__TI_handler_table</name>
         <load_address>0x8ef8</load_address>
         <run_address>0x8ef8</run_address>
         <size>0xc</size>
      </object_component>
      <object_component id="oc-58b">
         <name>.cinit..bss.load</name>
         <load_address>0x8f08</load_address>
         <run_address>0x8f08</run_address>
         <size>0x8</size>
      </object_component>
      <object_component id="oc-589">
         <name>.cinit..vtable.load</name>
         <load_address>0x8f10</load_address>
         <run_address>0x8f10</run_address>
         <size>0x8</size>
      </object_component>
      <object_component id="oc-588">
         <name>__TI_cinit_table</name>
         <load_address>0x8f18</load_address>
         <run_address>0x8f18</run_address>
         <size>0x18</size>
      </object_component>
      <object_component id="oc-3d2">
         <name>.vtable</name>
         <uninitialized>true</uninitialized>
         <run_address>0x20000000</run_address>
         <size>0x26c</size>
         <input_file_ref idref="fl-170"/>
      </object_component>
      <object_component id="oc-29">
         <name>.stack</name>
         <uninitialized>true</uninitialized>
         <run_address>0x2000026c</run_address>
         <size>0x0</size>
         <input_file_ref idref="fl-13f"/>
      </object_component>
      <object_component id="oc-58c">
         <name>.stack</name>
         <uninitialized>true</uninitialized>
         <run_address>0x2000026c</run_address>
         <size>0x0</size>
      </object_component>
      <object_component id="oc-1ee">
         <name>.bss:timer_event_list</name>
         <uninitialized>true</uninitialized>
         <run_address>0x20003278</run_address>
         <size>0x50</size>
         <input_file_ref idref="fl-7"/>
      </object_component>
      <object_component id="oc-241">
         <name>.bss:HostComm_RxBuf</name>
         <uninitialized>true</uninitialized>
         <run_address>0x20002e28</run_address>
         <size>0x400</size>
         <input_file_ref idref="fl-11"/>
      </object_component>
      <object_component id="oc-23d">
         <name>.bss:hostcom_event_list</name>
         <uninitialized>true</uninitialized>
         <run_address>0x20003228</run_address>
         <size>0x50</size>
         <input_file_ref idref="fl-11"/>
      </object_component>
      <object_component id="oc-363">
         <name>.bss:rxBuffer</name>
         <uninitialized>true</uninitialized>
         <run_address>0x20002270</run_address>
         <size>0x5dc</size>
         <input_file_ref idref="fl-15"/>
      </object_component>
      <object_component id="oc-35b">
         <name>.bss:txBuffer</name>
         <uninitialized>true</uninitialized>
         <run_address>0x2000284c</run_address>
         <size>0x5dc</size>
         <input_file_ref idref="fl-15"/>
      </object_component>
      <object_component id="oc-200">
         <name>.common:SLNMatrixMaze</name>
         <uninitialized>true</uninitialized>
         <run_address>0x20003328</run_address>
         <size>0x1c</size>
      </object_component>
      <object_component id="oc-1fa">
         <name>.common:SLNLocation</name>
         <uninitialized>true</uninitialized>
         <run_address>0x200033b4</run_address>
         <size>0x4</size>
      </object_component>
      <object_component id="oc-236">
         <name>.common:Counter</name>
         <uninitialized>true</uninitialized>
         <run_address>0x2000341e</run_address>
         <size>0x1</size>
      </object_component>
      <object_component id="oc-1fe">
         <name>.common:Finish</name>
         <uninitialized>true</uninitialized>
         <run_address>0x200033a8</run_address>
         <size>0x4</size>
      </object_component>
      <object_component id="oc-1ff">
         <name>.common:End</name>
         <uninitialized>true</uninitialized>
         <run_address>0x200033a4</run_address>
         <size>0x4</size>
      </object_component>
      <object_component id="oc-1fd">
         <name>.common:SLNDirStatus</name>
         <uninitialized>true</uninitialized>
         <run_address>0x2000341f</run_address>
         <size>0x1</size>
      </object_component>
      <object_component id="oc-234">
         <name>.common:QEIRightMotor</name>
         <uninitialized>true</uninitialized>
         <run_address>0x200033b0</run_address>
         <size>0x4</size>
      </object_component>
      <object_component id="oc-233">
         <name>.common:QEILeftMotor</name>
         <uninitialized>true</uninitialized>
         <run_address>0x200033ac</run_address>
         <size>0x4</size>
      </object_component>
      <object_component id="oc-22c">
         <name>.common:leftError</name>
         <uninitialized>true</uninitialized>
         <run_address>0x200033d0</run_address>
         <size>0x4</size>
      </object_component>
      <object_component id="oc-22d">
         <name>.common:rightError</name>
         <uninitialized>true</uninitialized>
         <run_address>0x200033e0</run_address>
         <size>0x4</size>
      </object_component>
      <object_component id="oc-20a">
         <name>.common:avrSpeed</name>
         <uninitialized>true</uninitialized>
         <run_address>0x200033b8</run_address>
         <size>0x4</size>
      </object_component>
      <object_component id="oc-229">
         <name>.common:avrSpeedTmp</name>
         <uninitialized>true</uninitialized>
         <run_address>0x200033bc</run_address>
         <size>0x4</size>
      </object_component>
      <object_component id="oc-235">
         <name>.common:fwdPulse</name>
         <uninitialized>true</uninitialized>
         <run_address>0x200033c4</run_address>
         <size>0x4</size>
      </object_component>
      <object_component id="oc-211">
         <name>.common:isWallLeft</name>
         <uninitialized>true</uninitialized>
         <run_address>0x20003429</run_address>
         <size>0x1</size>
      </object_component>
      <object_component id="oc-210">
         <name>.common:isWallRight</name>
         <uninitialized>true</uninitialized>
         <run_address>0x2000342a</run_address>
         <size>0x1</size>
      </object_component>
      <object_component id="oc-22a">
         <name>.common:isWallFrontLeft</name>
         <uninitialized>true</uninitialized>
         <run_address>0x20003427</run_address>
         <size>0x1</size>
      </object_component>
      <object_component id="oc-22b">
         <name>.common:isWallFrontRight</name>
         <uninitialized>true</uninitialized>
         <run_address>0x20003428</run_address>
         <size>0x1</size>
      </object_component>
      <object_component id="oc-231">
         <name>.common:isWallFront</name>
         <uninitialized>true</uninitialized>
         <run_address>0x20003426</run_address>
         <size>0x1</size>
      </object_component>
      <object_component id="oc-20e">
         <name>.common:error$1</name>
         <uninitialized>true</uninitialized>
         <run_address>0x200033c0</run_address>
         <size>0x4</size>
      </object_component>
      <object_component id="oc-20f">
         <name>.common:u$2</name>
         <uninitialized>true</uninitialized>
         <run_address>0x20003400</run_address>
         <size>0x4</size>
      </object_component>
      <object_component id="oc-215">
         <name>.common:origLeft$5</name>
         <uninitialized>true</uninitialized>
         <run_address>0x200033d4</run_address>
         <size>0x4</size>
      </object_component>
      <object_component id="oc-216">
         <name>.common:origRight$6</name>
         <uninitialized>true</uninitialized>
         <run_address>0x200033d8</run_address>
         <size>0x4</size>
      </object_component>
      <object_component id="oc-227">
         <name>.common:vt$8</name>
         <uninitialized>true</uninitialized>
         <run_address>0x20003410</run_address>
         <size>0x4</size>
      </object_component>
      <object_component id="oc-228">
         <name>.common:vp$9</name>
         <uninitialized>true</uninitialized>
         <run_address>0x20003408</run_address>
         <size>0x4</size>
      </object_component>
      <object_component id="oc-22f">
         <name>.common:vt$10</name>
         <uninitialized>true</uninitialized>
         <run_address>0x2000340c</run_address>
         <size>0x4</size>
      </object_component>
      <object_component id="oc-22e">
         <name>.common:vp$11</name>
         <uninitialized>true</uninitialized>
         <run_address>0x20003404</run_address>
         <size>0x4</size>
      </object_component>
      <object_component id="oc-232">
         <name>.common:i$12</name>
         <uninitialized>true</uninitialized>
         <run_address>0x200033c8</run_address>
         <size>0x4</size>
      </object_component>
      <object_component id="oc-230">
         <name>.common:k$13</name>
         <uninitialized>true</uninitialized>
         <run_address>0x200033cc</run_address>
         <size>0x4</size>
      </object_component>
      <object_component id="oc-3c3">
         <name>.common:rtInf</name>
         <uninitialized>true</uninitialized>
         <run_address>0x20003388</run_address>
         <size>0x8</size>
      </object_component>
      <object_component id="oc-3c5">
         <name>.common:rtMinusInf</name>
         <uninitialized>true</uninitialized>
         <run_address>0x20003390</run_address>
         <size>0x8</size>
      </object_component>
      <object_component id="oc-3bf">
         <name>.common:rtNaN</name>
         <uninitialized>true</uninitialized>
         <run_address>0x20003398</run_address>
         <size>0x8</size>
      </object_component>
      <object_component id="oc-3c4">
         <name>.common:rtInfF</name>
         <uninitialized>true</uninitialized>
         <run_address>0x200033e4</run_address>
         <size>0x4</size>
      </object_component>
      <object_component id="oc-3c6">
         <name>.common:rtMinusInfF</name>
         <uninitialized>true</uninitialized>
         <run_address>0x200033e8</run_address>
         <size>0x4</size>
      </object_component>
      <object_component id="oc-3c2">
         <name>.common:rtNaNF</name>
         <uninitialized>true</uninitialized>
         <run_address>0x200033ec</run_address>
         <size>0x4</size>
      </object_component>
      <object_component id="oc-156">
         <name>.common:Theta</name>
         <uninitialized>true</uninitialized>
         <run_address>0x200032c8</run_address>
         <size>0x20</size>
      </object_component>
      <object_component id="oc-159">
         <name>.common:Theta2</name>
         <uninitialized>true</uninitialized>
         <run_address>0x200032e8</run_address>
         <size>0x20</size>
      </object_component>
      <object_component id="oc-1a6">
         <name>.common:qei_velocity_timeout</name>
         <uninitialized>true</uninitialized>
         <run_address>0x200033dc</run_address>
         <size>0x4</size>
      </object_component>
      <object_component id="oc-1e7">
         <name>.common:ir_calib_values</name>
         <uninitialized>true</uninitialized>
         <run_address>0x20003308</run_address>
         <size>0x20</size>
      </object_component>
      <object_component id="oc-1dd">
         <name>.common:IR_Result</name>
         <uninitialized>true</uninitialized>
         <run_address>0x20003358</run_address>
         <size>0x10</size>
      </object_component>
      <object_component id="oc-1e0">
         <name>.common:IR_ResultTmp</name>
         <uninitialized>true</uninitialized>
         <run_address>0x20003368</run_address>
         <size>0x10</size>
      </object_component>
      <object_component id="oc-247">
         <name>.common:rxHead</name>
         <uninitialized>true</uninitialized>
         <run_address>0x200033f8</run_address>
         <size>0x4</size>
      </object_component>
      <object_component id="oc-244">
         <name>.common:rxTail</name>
         <uninitialized>true</uninitialized>
         <run_address>0x200033fc</run_address>
         <size>0x4</size>
      </object_component>
      <object_component id="oc-248">
         <name>.common:rxFrameStart</name>
         <uninitialized>true</uninitialized>
         <run_address>0x200033f4</run_address>
         <size>0x4</size>
      </object_component>
      <object_component id="oc-249">
         <name>.common:rxFrameEnd</name>
         <uninitialized>true</uninitialized>
         <run_address>0x200033f0</run_address>
         <size>0x4</size>
      </object_component>
      <object_component id="oc-240">
         <name>.common:datalen$1</name>
         <uninitialized>true</uninitialized>
         <run_address>0x20003414</run_address>
         <size>0x2</size>
      </object_component>
      <object_component id="oc-280">
         <name>.common:Button_right_callback</name>
         <uninitialized>true</uninitialized>
         <run_address>0x200033a0</run_address>
         <size>0x4</size>
      </object_component>
      <object_component id="oc-283">
         <name>.common:Button_left_callback</name>
         <uninitialized>true</uninitialized>
         <run_address>0x20003384</run_address>
         <size>0x4</size>
      </object_component>
      <object_component id="oc-361">
         <name>.common:rxHead</name>
         <uninitialized>true</uninitialized>
         <run_address>0x20003416</run_address>
         <size>0x2</size>
      </object_component>
      <object_component id="oc-362">
         <name>.common:rxTail</name>
         <uninitialized>true</uninitialized>
         <run_address>0x20003418</run_address>
         <size>0x2</size>
      </object_component>
      <object_component id="oc-35a">
         <name>.common:txHead</name>
         <uninitialized>true</uninitialized>
         <run_address>0x2000341a</run_address>
         <size>0x2</size>
      </object_component>
      <object_component id="oc-357">
         <name>.common:txTail</name>
         <uninitialized>true</uninitialized>
         <run_address>0x2000341c</run_address>
         <size>0x2</size>
      </object_component>
      <object_component id="oc-367">
         <name>.common:hc05_SystemInfoType</name>
         <uninitialized>true</uninitialized>
         <run_address>0x20003422</run_address>
         <size>0x1</size>
      </object_component>
      <object_component id="oc-368">
         <name>.common:hc05_SystemInfoID</name>
         <uninitialized>true</uninitialized>
         <run_address>0x20003421</run_address>
         <size>0x1</size>
      </object_component>
      <object_component id="oc-36d">
         <name>.common:hc05_Timer_ID</name>
         <uninitialized>true</uninitialized>
         <run_address>0x20003423</run_address>
         <size>0x1</size>
      </object_component>
      <object_component id="oc-36c">
         <name>.common:hc05_EvtQueue</name>
         <uninitialized>true</uninitialized>
         <run_address>0x20003378</run_address>
         <size>0xc</size>
      </object_component>
      <object_component id="oc-36b">
         <name>.common:hc05_evt_w_index</name>
         <uninitialized>true</uninitialized>
         <run_address>0x20003425</run_address>
         <size>0x1</size>
      </object_component>
      <object_component id="oc-36a">
         <name>.common:hc05_evt_r_index</name>
         <uninitialized>true</uninitialized>
         <run_address>0x20003424</run_address>
         <size>0x1</size>
      </object_component>
      <object_component id="oc-369">
         <name>.common:hc05_IsEvtQueueFull</name>
         <uninitialized>true</uninitialized>
         <run_address>0x20003420</run_address>
         <size>0x1</size>
      </object_component>
      <object_component id="oc-366">
         <name>.common:HC05_Notify_Callbacks</name>
         <uninitialized>true</uninitialized>
         <run_address>0x20003344</run_address>
         <size>0x14</size>
      </object_component>
      <object_component id="oc-173">
         <name>.data</name>
         <load_address>0x20003838</load_address>
         <run_address>0x20003838</run_address>
         <size>0xc</size>
         <input_file_ref idref="fl-2"/>
      </object_component>
      <object_component id="oc-112">
         <name>.data</name>
         <load_address>0x20003872</load_address>
         <run_address>0x20003872</run_address>
         <size>0x1</size>
         <input_file_ref idref="fl-3"/>
      </object_component>
      <object_component id="oc-1f7">
         <name>.data</name>
         <load_address>0x200036b8</load_address>
         <run_address>0x200036b8</run_address>
         <size>0x46</size>
         <input_file_ref idref="fl-6"/>
      </object_component>
      <object_component id="oc-20b">
         <name>.data:pid_wall_right</name>
         <load_address>0x20003810</load_address>
         <run_address>0x20003810</run_address>
         <size>0x28</size>
         <input_file_ref idref="fl-6"/>
      </object_component>
      <object_component id="oc-201">
         <name>.data:pid_wall_left</name>
         <load_address>0x200037e8</load_address>
         <run_address>0x200037e8</run_address>
         <size>0x28</size>
         <input_file_ref idref="fl-6"/>
      </object_component>
      <object_component id="oc-212">
         <name>.data:pid_wall_both</name>
         <load_address>0x200037c0</load_address>
         <run_address>0x200037c0</run_address>
         <size>0x28</size>
         <input_file_ref idref="fl-6"/>
      </object_component>
      <object_component id="oc-217">
         <name>.data:pid_posLeft</name>
         <load_address>0x20003770</load_address>
         <run_address>0x20003770</run_address>
         <size>0x28</size>
         <input_file_ref idref="fl-6"/>
      </object_component>
      <object_component id="oc-21a">
         <name>.data:pid_posRight</name>
         <load_address>0x20003798</load_address>
         <run_address>0x20003798</run_address>
         <size>0x28</size>
         <input_file_ref idref="fl-6"/>
      </object_component>
      <object_component id="oc-29f">
         <name>.data</name>
         <load_address>0x20003740</load_address>
         <run_address>0x20003740</run_address>
         <size>0x30</size>
         <input_file_ref idref="fl-9"/>
      </object_component>
      <object_component id="oc-2a9">
         <name>.data</name>
         <load_address>0x20003700</load_address>
         <run_address>0x20003700</run_address>
         <size>0x40</size>
         <input_file_ref idref="fl-a"/>
      </object_component>
      <object_component id="oc-2aa">
         <name>.data:P_$3</name>
         <load_address>0x200034e0</load_address>
         <run_address>0x200034e0</run_address>
         <size>0x80</size>
         <input_file_ref idref="fl-a"/>
      </object_component>
      <object_component id="oc-2ab">
         <name>.data:P_$6</name>
         <load_address>0x20003560</load_address>
         <run_address>0x20003560</run_address>
         <size>0x80</size>
         <input_file_ref idref="fl-a"/>
      </object_component>
      <object_component id="oc-153">
         <name>.data</name>
         <load_address>0x20003660</load_address>
         <run_address>0x20003660</run_address>
         <size>0x55</size>
         <input_file_ref idref="fl-e"/>
      </object_component>
      <object_component id="oc-1a3">
         <name>.data</name>
         <load_address>0x20003844</load_address>
         <run_address>0x20003844</run_address>
         <size>0x8</size>
         <input_file_ref idref="fl-f"/>
      </object_component>
      <object_component id="oc-1da">
         <name>.data</name>
         <load_address>0x200036fe</load_address>
         <run_address>0x200036fe</run_address>
         <size>0x2</size>
         <input_file_ref idref="fl-10"/>
      </object_component>
      <object_component id="oc-24a">
         <name>.data</name>
         <load_address>0x200036b7</load_address>
         <run_address>0x200036b7</run_address>
         <size>0x1</size>
         <input_file_ref idref="fl-11"/>
      </object_component>
      <object_component id="oc-25b">
         <name>.data</name>
         <load_address>0x20003869</load_address>
         <run_address>0x20003869</run_address>
         <size>0x5</size>
         <input_file_ref idref="fl-13"/>
      </object_component>
      <object_component id="oc-284">
         <name>.data</name>
         <load_address>0x200036b5</load_address>
         <run_address>0x200036b5</run_address>
         <size>0x2</size>
         <input_file_ref idref="fl-14"/>
      </object_component>
      <object_component id="oc-35e">
         <name>.data</name>
         <load_address>0x2000386e</load_address>
         <run_address>0x2000386e</run_address>
         <size>0x4</size>
         <input_file_ref idref="fl-15"/>
      </object_component>
      <object_component id="oc-264">
         <name>.data</name>
         <load_address>0x20003864</load_address>
         <run_address>0x20003864</run_address>
         <size>0x5</size>
         <input_file_ref idref="fl-18"/>
      </object_component>
      <object_component id="oc-a8">
         <name>.data</name>
         <load_address>0x20003854</load_address>
         <run_address>0x20003854</run_address>
         <size>0x8</size>
         <input_file_ref idref="fl-143"/>
      </object_component>
      <object_component id="oc-70">
         <name>.data</name>
         <load_address>0x20003878</load_address>
         <run_address>0x20003878</run_address>
         <size>0x4</size>
         <input_file_ref idref="fl-14f"/>
      </object_component>
      <object_component id="oc-a5">
         <name>.data</name>
         <load_address>0x2000384c</load_address>
         <run_address>0x2000384c</run_address>
         <size>0x8</size>
         <input_file_ref idref="fl-153"/>
      </object_component>
      <object_component id="oc-50a">
         <name>.data</name>
         <load_address>0x200035e0</load_address>
         <run_address>0x200035e0</run_address>
         <size>0x80</size>
         <input_file_ref idref="fl-165"/>
      </object_component>
      <object_component id="oc-515">
         <name>.data</name>
         <load_address>0x20003874</load_address>
         <run_address>0x20003874</run_address>
         <size>0x4</size>
         <input_file_ref idref="fl-166"/>
      </object_component>
      <object_component id="oc-539">
         <name>.data</name>
         <load_address>0x2000385c</load_address>
         <run_address>0x2000385c</run_address>
         <size>0x8</size>
         <input_file_ref idref="fl-167"/>
      </object_component>
      <object_component id="oc-554">
         <name>.data:sigtable</name>
         <load_address>0x20003430</load_address>
         <run_address>0x20003430</run_address>
         <size>0xb0</size>
         <input_file_ref idref="fl-169"/>
      </object_component>
      <object_component id="oc-377">
         <name>.debug_info</name>
         <load_address>0x0</load_address>
         <run_address>0x0</run_address>
         <size>0x2b4</size>
         <input_file_ref idref="fl-2"/>
      </object_component>
      <object_component id="oc-174">
         <name>.debug_info</name>
         <load_address>0x2b4</load_address>
         <run_address>0x2b4</run_address>
         <size>0x12a</size>
         <input_file_ref idref="fl-2"/>
      </object_component>
      <object_component id="oc-d0">
         <name>.debug_info</name>
         <load_address>0x3de</load_address>
         <run_address>0x3de</run_address>
         <size>0x71b</size>
         <input_file_ref idref="fl-2"/>
      </object_component>
      <object_component id="oc-177">
         <name>.debug_info</name>
         <load_address>0xaf9</load_address>
         <run_address>0xaf9</run_address>
         <size>0x99</size>
         <input_file_ref idref="fl-2"/>
      </object_component>
      <object_component id="oc-1e9">
         <name>.debug_info</name>
         <load_address>0xb92</load_address>
         <run_address>0xb92</run_address>
         <size>0x147</size>
         <input_file_ref idref="fl-2"/>
      </object_component>
      <object_component id="oc-24e">
         <name>.debug_info</name>
         <load_address>0xcd9</load_address>
         <run_address>0xcd9</run_address>
         <size>0x14a</size>
         <input_file_ref idref="fl-2"/>
      </object_component>
      <object_component id="oc-288">
         <name>.debug_info</name>
         <load_address>0xe23</load_address>
         <run_address>0xe23</run_address>
         <size>0x51</size>
         <input_file_ref idref="fl-2"/>
      </object_component>
      <object_component id="oc-15b">
         <name>.debug_info</name>
         <load_address>0xe74</load_address>
         <run_address>0xe74</run_address>
         <size>0x48</size>
         <input_file_ref idref="fl-2"/>
      </object_component>
      <object_component id="oc-238">
         <name>.debug_info</name>
         <load_address>0xebc</load_address>
         <run_address>0xebc</run_address>
         <size>0x18e</size>
         <input_file_ref idref="fl-2"/>
      </object_component>
      <object_component id="oc-253">
         <name>.debug_info</name>
         <load_address>0x104a</load_address>
         <run_address>0x104a</run_address>
         <size>0x158</size>
         <input_file_ref idref="fl-2"/>
      </object_component>
      <object_component id="oc-2a1">
         <name>.debug_info</name>
         <load_address>0x11a2</load_address>
         <run_address>0x11a2</run_address>
         <size>0x326</size>
         <input_file_ref idref="fl-2"/>
      </object_component>
      <object_component id="oc-45d">
         <name>.debug_info</name>
         <load_address>0x14c8</load_address>
         <run_address>0x14c8</run_address>
         <size>0x136</size>
         <input_file_ref idref="fl-2"/>
      </object_component>
      <object_component id="oc-37c">
         <name>.debug_info</name>
         <load_address>0x15fe</load_address>
         <run_address>0x15fe</run_address>
         <size>0xfe</size>
         <input_file_ref idref="fl-2"/>
      </object_component>
      <object_component id="oc-446">
         <name>.debug_info</name>
         <load_address>0x16fc</load_address>
         <run_address>0x16fc</run_address>
         <size>0x5e</size>
         <input_file_ref idref="fl-2"/>
      </object_component>
      <object_component id="oc-b0">
         <name>.debug_info</name>
         <load_address>0x175a</load_address>
         <run_address>0x175a</run_address>
         <size>0x8b</size>
         <input_file_ref idref="fl-2"/>
      </object_component>
      <object_component id="oc-1f2">
         <name>.debug_info</name>
         <load_address>0x17e5</load_address>
         <run_address>0x17e5</run_address>
         <size>0x39</size>
         <input_file_ref idref="fl-2"/>
      </object_component>
      <object_component id="oc-7c">
         <name>.debug_info</name>
         <load_address>0x181e</load_address>
         <run_address>0x181e</run_address>
         <size>0x18b</size>
         <input_file_ref idref="fl-2"/>
      </object_component>
      <object_component id="oc-8c">
         <name>.debug_info</name>
         <load_address>0x19a9</load_address>
         <run_address>0x19a9</run_address>
         <size>0x2c</size>
         <input_file_ref idref="fl-2"/>
      </object_component>
      <object_component id="oc-36f">
         <name>.debug_info</name>
         <load_address>0x19d5</load_address>
         <run_address>0x19d5</run_address>
         <size>0x4e</size>
         <input_file_ref idref="fl-2"/>
      </object_component>
      <object_component id="oc-113">
         <name>.debug_info</name>
         <load_address>0x1a23</load_address>
         <run_address>0x1a23</run_address>
         <size>0xd5</size>
         <input_file_ref idref="fl-3"/>
      </object_component>
      <object_component id="oc-9e">
         <name>.debug_info</name>
         <load_address>0x1af8</load_address>
         <run_address>0x1af8</run_address>
         <size>0x6ea</size>
         <input_file_ref idref="fl-3"/>
      </object_component>
      <object_component id="oc-32">
         <name>.debug_info</name>
         <load_address>0x21e2</load_address>
         <run_address>0x21e2</run_address>
         <size>0xf5</size>
         <input_file_ref idref="fl-4"/>
      </object_component>
      <object_component id="oc-10">
         <name>.debug_info</name>
         <load_address>0x22d7</load_address>
         <run_address>0x22d7</run_address>
         <size>0xda</size>
         <input_file_ref idref="fl-4"/>
      </object_component>
      <object_component id="oc-2b">
         <name>.debug_info</name>
         <load_address>0x23b1</load_address>
         <run_address>0x23b1</run_address>
         <size>0x1ee</size>
         <input_file_ref idref="fl-4"/>
      </object_component>
      <object_component id="oc-77">
         <name>.debug_info</name>
         <load_address>0x259f</load_address>
         <run_address>0x259f</run_address>
         <size>0x84</size>
         <input_file_ref idref="fl-4"/>
      </object_component>
      <object_component id="oc-384">
         <name>.debug_info</name>
         <load_address>0x2623</load_address>
         <run_address>0x2623</run_address>
         <size>0x1a0</size>
         <input_file_ref idref="fl-5"/>
      </object_component>
      <object_component id="oc-205">
         <name>.debug_info</name>
         <load_address>0x27c3</load_address>
         <run_address>0x27c3</run_address>
         <size>0x32e</size>
         <input_file_ref idref="fl-5"/>
      </object_component>
      <object_component id="oc-1fb">
         <name>.debug_info</name>
         <load_address>0x2af1</load_address>
         <run_address>0x2af1</run_address>
         <size>0x7c7</size>
         <input_file_ref idref="fl-6"/>
      </object_component>
      <object_component id="oc-1f8">
         <name>.debug_info</name>
         <load_address>0x32b8</load_address>
         <run_address>0x32b8</run_address>
         <size>0x40f</size>
         <input_file_ref idref="fl-6"/>
      </object_component>
      <object_component id="oc-20c">
         <name>.debug_info</name>
         <load_address>0x36c7</load_address>
         <run_address>0x36c7</run_address>
         <size>0xe8</size>
         <input_file_ref idref="fl-6"/>
      </object_component>
      <object_component id="oc-202">
         <name>.debug_info</name>
         <load_address>0x37af</load_address>
         <run_address>0x37af</run_address>
         <size>0xe6</size>
         <input_file_ref idref="fl-6"/>
      </object_component>
      <object_component id="oc-213">
         <name>.debug_info</name>
         <load_address>0x3895</load_address>
         <run_address>0x3895</run_address>
         <size>0xe6</size>
         <input_file_ref idref="fl-6"/>
      </object_component>
      <object_component id="oc-218">
         <name>.debug_info</name>
         <load_address>0x397b</load_address>
         <run_address>0x397b</run_address>
         <size>0xe2</size>
         <input_file_ref idref="fl-6"/>
      </object_component>
      <object_component id="oc-21b">
         <name>.debug_info</name>
         <load_address>0x3a5d</load_address>
         <run_address>0x3a5d</run_address>
         <size>0xe4</size>
         <input_file_ref idref="fl-6"/>
      </object_component>
      <object_component id="oc-f5">
         <name>.debug_info</name>
         <load_address>0x3b41</load_address>
         <run_address>0x3b41</run_address>
         <size>0x2c6c</size>
         <input_file_ref idref="fl-6"/>
      </object_component>
      <object_component id="oc-376">
         <name>.debug_info</name>
         <load_address>0x67ad</load_address>
         <run_address>0x67ad</run_address>
         <size>0x1e2</size>
         <input_file_ref idref="fl-7"/>
      </object_component>
      <object_component id="oc-1ef">
         <name>.debug_info</name>
         <load_address>0x698f</load_address>
         <run_address>0x698f</run_address>
         <size>0xe1</size>
         <input_file_ref idref="fl-7"/>
      </object_component>
      <object_component id="oc-ef">
         <name>.debug_info</name>
         <load_address>0x6a70</load_address>
         <run_address>0x6a70</run_address>
[...]
         <object_component_ref idref="oc-1e1"/>
      </symbol>
      <symbol id="sm-88d">
         <name>HC05_GetSystemInfoType</name>
         <value>0x4a1d</value>
         <object_component_ref idref="oc-1e1"/>
      </symbol>
      <symbol id="sm-88e">
         <name>bluetooth_recv</name>
         <value>0x471d</value>
         <object_component_ref idref="oc-1e1"/>
      </symbol>
      <symbol id="sm-88f">
         <name>HC05_NotifyUpperLayer</name>
         <value>0x49d7</value>
         <object_component_ref idref="oc-1e1"/>
      </symbol>
      <symbol id="sm-890">
         <name>HC05_HandleTimeoutEvt</name>
         <value>0x4c3d</value>
         <object_component_ref idref="oc-1e1"/>
      </symbol>
      <symbol id="sm-891">
         <name>HC05_GetRxSize</name>
         <value>0x4937</value>
         <object_component_ref idref="oc-1e1"/>
      </symbol>
      <symbol id="sm-892">
         <name>HC05_EventProcessing</name>
         <value>0x4a29</value>
         <object_component_ref idref="oc-1e1"/>
      </symbol>
      <symbol id="sm-893">
         <name>HC05_ClearEvtQueue</name>
         <value>0x4c1d</value>
         <object_component_ref idref="oc-1e1"/>
      </symbol>
      <symbol id="sm-894">
         <name>bluetooth_init</name>
         <value>0x45e5</value>
         <object_component_ref idref="oc-1e1"/>
      </symbol>
      <symbol id="sm-8c8">
         <name>BatteryVoltage</name>
         <value>0x20003864</value>
         <object_component_ref idref="oc-264"/>
      </symbol>
      <symbol id="sm-8c9">
         <name>BattSenseTimerTimeout</name>
         <value>0x6b49</value>
         <object_component_ref idref="oc-106"/>
      </symbol>
      <symbol id="sm-8ca">
         <name>BattSense_init</name>
         <value>0x6abd</value>
         <object_component_ref idref="oc-106"/>
      </symbol>
      <symbol id="sm-8cb">
         <name>BattSenseISR</name>
         <value>0x6b61</value>
         <object_component_ref idref="oc-106"/>
      </symbol>
      <symbol id="sm-8dd">
         <name>_c_int00</name>
         <value>0x7fe1</value>
         <object_component_ref idref="oc-24"/>
      </symbol>
      <symbol id="sm-8de">
         <name>__stack</name>
         <value>0x2000026c</value>
         <object_component_ref idref="oc-29"/>
      </symbol>
      <symbol id="sm-8f5">
         <name>__TI_decompress_none</name>
         <value>0x87c3</value>
         <object_component_ref idref="oc-12"/>
      </symbol>
      <symbol id="sm-918">
         <name>__TI_decompress_rle24</name>
         <value>0x8863</value>
         <object_component_ref idref="oc-18"/>
      </symbol>
      <symbol id="sm-92a">
         <name>__TI_zero_init</name>
         <value>0x8801</value>
         <object_component_ref idref="oc-1e"/>
      </symbol>
      <symbol id="sm-949">
         <name>C$$EXIT</name>
         <value>0x82c5</value>
         <object_component_ref idref="oc-6a"/>
      </symbol>
      <symbol id="sm-94a">
         <name>abort</name>
         <value>0x82c9</value>
         <object_component_ref idref="oc-6a"/>
      </symbol>
      <symbol id="sm-94b">
         <name>exit</name>
         <value>0x82d1</value>
         <object_component_ref idref="oc-6a"/>
      </symbol>
      <symbol id="sm-94c">
         <name>__TI_dtors_ptr</name>
         <value>0x20003858</value>
         <object_component_ref idref="oc-a8"/>
      </symbol>
      <symbol id="sm-94d">
         <name>__TI_cleanup_ptr</name>
         <value>0x20003854</value>
         <object_component_ref idref="oc-a8"/>
      </symbol>
      <symbol id="sm-971">
         <name>__aeabi_dsub</name>
         <value>0x6c95</value>
         <object_component_ref idref="oc-25f"/>
      </symbol>
      <symbol id="sm-972">
         <name>__aeabi_dadd</name>
         <value>0x6c9f</value>
         <object_component_ref idref="oc-25f"/>
      </symbol>
      <symbol id="sm-999">
         <name>__aeabi_cdcmpeq</name>
         <value>0x7b6b</value>
         <object_component_ref idref="oc-29a"/>
      </symbol>
      <symbol id="sm-99a">
         <name>__aeabi_cdcmple</name>
         <value>0x7b6b</value>
         <object_component_ref idref="oc-29a"/>
      </symbol>
      <symbol id="sm-99b">
         <name>__aeabi_cdrcmple</name>
         <value>0x7bf1</value>
         <object_component_ref idref="oc-222"/>
      </symbol>
      <symbol id="sm-9bb">
         <name>__aeabi_ddiv</name>
         <value>0x7289</value>
         <object_component_ref idref="oc-21d"/>
      </symbol>
      <symbol id="sm-9d2">
         <name>__aeabi_dmul</name>
         <value>0x782d</value>
         <object_component_ref idref="oc-188"/>
      </symbol>
      <symbol id="sm-9e0">
         <name>__aeabi_d2iz</name>
         <value>0x81f1</value>
         <object_component_ref idref="oc-18d"/>
      </symbol>
      <symbol id="sm-9ec">
         <name>__aeabi_d2f</name>
         <value>0x8115</value>
         <object_component_ref idref="oc-143"/>
      </symbol>
      <symbol id="sm-9fa">
         <name>__aeabi_f2d</name>
         <value>0x8449</value>
         <object_component_ref idref="oc-148"/>
      </symbol>
      <symbol id="sm-a06">
         <name>__aeabi_i2d</name>
         <value>0x857d</value>
         <object_component_ref idref="oc-138"/>
      </symbol>
      <symbol id="sm-a21">
         <name>memcpy</name>
         <value>0x7acf</value>
         <object_component_ref idref="oc-33"/>
      </symbol>
      <symbol id="sm-a22">
         <name>__aeabi_memcpy</name>
         <value>0x7acf</value>
         <object_component_ref idref="oc-33"/>
      </symbol>
      <symbol id="sm-a23">
         <name>__aeabi_memcpy8</name>
         <value>0x7acf</value>
         <object_component_ref idref="oc-33"/>
      </symbol>
      <symbol id="sm-a24">
         <name>__aeabi_memcpy4</name>
         <value>0x7acf</value>
         <object_component_ref idref="oc-33"/>
      </symbol>
      <symbol id="sm-a33">
         <name>__aeabi_memset</name>
         <value>0x7c79</value>
         <object_component_ref idref="oc-4c"/>
      </symbol>
      <symbol id="sm-a34">
         <name>memset</name>
         <value>0x7c7f</value>
         <object_component_ref idref="oc-4c"/>
      </symbol>
      <symbol id="sm-a35">
         <name>__aeabi_memset8</name>
         <value>0x7c79</value>
         <object_component_ref idref="oc-4c"/>
      </symbol>
      <symbol id="sm-a36">
         <name>__aeabi_memset4</name>
         <value>0x7c79</value>
         <object_component_ref idref="oc-4c"/>
      </symbol>
      <symbol id="sm-a37">
         <name>__aeabi_memclr8</name>
         <value>0x7c77</value>
         <object_component_ref idref="oc-4c"/>
      </symbol>
      <symbol id="sm-a38">
         <name>__aeabi_memclr4</name>
         <value>0x7c77</value>
         <object_component_ref idref="oc-4c"/>
      </symbol>
      <symbol id="sm-a39">
         <name>__aeabi_memclr</name>
         <value>0x7c77</value>
         <object_component_ref idref="oc-4c"/>
      </symbol>
      <symbol id="sm-a43">
         <name>_system_pre_init</name>
         <value>0x8871</value>
         <object_component_ref idref="oc-58"/>
      </symbol>
      <symbol id="sm-a4b">
         <name>main_func_sp</name>
         <value>0x20003878</value>
         <object_component_ref idref="oc-70"/>
      </symbol>
      <symbol id="sm-a59">
         <name>strlen</name>
         <value>0x8751</value>
         <object_component_ref idref="oc-351"/>
      </symbol>
      <symbol id="sm-a76">
         <name>vsprintf</name>
         <value>0x8239</value>
         <object_component_ref idref="oc-34b"/>
      </symbol>
      <symbol id="sm-a8f">
         <name>_nop</name>
         <value>0x874b</value>
         <object_component_ref idref="oc-11d"/>
      </symbol>
      <symbol id="sm-a90">
         <name>_lock</name>
         <value>0x2000384c</value>
         <object_component_ref idref="oc-a5"/>
      </symbol>
      <symbol id="sm-a91">
         <name>_unlock</name>
         <value>0x20003850</value>
         <object_component_ref idref="oc-a5"/>
      </symbol>
      <symbol id="sm-a92">
         <name>_register_lock</name>
         <value>0x8743</value>
         <object_component_ref idref="oc-11d"/>
      </symbol>
      <symbol id="sm-a93">
         <name>_register_unlock</name>
         <value>0x873d</value>
         <object_component_ref idref="oc-11d"/>
      </symbol>
      <symbol id="sm-b98">
         <name>__TI_printfi</name>
         <value>0x315d</value>
         <object_component_ref idref="oc-422"/>
      </symbol>
      <symbol id="sm-bad">
         <name>_args_main</name>
         <value>0x86f9</value>
         <object_component_ref idref="oc-64"/>
      </symbol>
      <symbol id="sm-bc3">
         <name>atoi</name>
         <value>0x807d</value>
         <object_component_ref idref="oc-4a8"/>
      </symbol>
      <symbol id="sm-be9">
         <name>__TI_auto_init</name>
         <value>0x7cf1</value>
         <object_component_ref idref="oc-5e"/>
      </symbol>
      <symbol id="sm-c03">
         <name>copy_in</name>
         <value>0x80c9</value>
         <object_component_ref idref="oc-95"/>
      </symbol>
      <symbol id="sm-c0e">
         <name>_ctypes_</name>
         <value>0x8874</value>
         <object_component_ref idref="oc-4ee"/>
      </symbol>
      <symbol id="sm-c1b">
         <name>frexp</name>
         <value>0x8603</value>
         <object_component_ref idref="oc-48a"/>
      </symbol>
      <symbol id="sm-c2d">
         <name>ldexp</name>
         <value>0x7f3f</value>
         <object_component_ref idref="oc-490"/>
      </symbol>
      <symbol id="sm-c3c">
         <name>ltoa</name>
         <value>0x7ee9</value>
         <object_component_ref idref="oc-484"/>
      </symbol>
      <symbol id="sm-c4c">
         <name>memccpy</name>
         <value>0x8665</value>
         <object_component_ref idref="oc-4a2"/>
      </symbol>
      <symbol id="sm-c5c">
         <name>strchr</name>
         <value>0x8711</value>
         <object_component_ref idref="oc-496"/>
      </symbol>
      <symbol id="sm-c86">
         <name>__aeabi_uldivmod</name>
         <value>0x68c9</value>
         <object_component_ref idref="oc-47f"/>
      </symbol>
      <symbol id="sm-c94">
         <name>_Dclass</name>
         <value>0x851d</value>
         <object_component_ref idref="oc-49c"/>
      </symbol>
      <symbol id="sm-cb5">
         <name>_Dscale</name>
         <value>0x771d</value>
         <object_component_ref idref="oc-4da"/>
      </symbol>
      <symbol id="sm-cc9">
         <name>_Dunscale</name>
         <value>0x7dc7</value>
         <object_component_ref idref="oc-4d2"/>
      </symbol>
      <symbol id="sm-cd8">
         <name>_Feraise</name>
         <value>0x854d</value>
         <object_component_ref idref="oc-4e0"/>
      </symbol>
      <symbol id="sm-ce8">
         <name>_Rteps</name>
         <value>0x20003640</value>
         <object_component_ref idref="oc-50a"/>
      </symbol>
      <symbol id="sm-ce9">
         <name>_Zero</name>
         <value>0x20003658</value>
         <object_component_ref idref="oc-50a"/>
      </symbol>
      <symbol id="sm-cea">
         <name>_Hugeval</name>
         <value>0x20003600</value>
         <object_component_ref idref="oc-50a"/>
      </symbol>
      <symbol id="sm-ceb">
         <name>_Snan</name>
         <value>0x20003630</value>
         <object_component_ref idref="oc-50a"/>
      </symbol>
      <symbol id="sm-cec">
         <name>_Nan</name>
         <value>0x20003620</value>
         <object_component_ref idref="oc-50a"/>
      </symbol>
      <symbol id="sm-ced">
         <name>_Inf</name>
         <value>0x20003610</value>
         <object_component_ref idref="oc-50a"/>
      </symbol>
      <symbol id="sm-cee">
         <name>_Xbig</name>
         <value>0x20003650</value>
         <object_component_ref idref="oc-50a"/>
      </symbol>
      <symbol id="sm-cef">
         <name>_Eps</name>
         <value>0x200035f0</value>
         <object_component_ref idref="oc-50a"/>
      </symbol>
      <symbol id="sm-cf0">
         <name>_Denorm</name>
         <value>0x200035e0</value>
         <object_component_ref idref="oc-50a"/>
      </symbol>
      <symbol id="sm-cf8">
         <name>_Errno</name>
         <value>0x20003874</value>
         <object_component_ref idref="oc-515"/>
      </symbol>
      <symbol id="sm-d16">
         <name>feraiseexcept</name>
         <value>0x84e9</value>
         <object_component_ref idref="oc-50f"/>
      </symbol>
      <symbol id="sm-d17">
         <name>_Tls_setup__Fenv</name>
         <value>0x20003860</value>
         <object_component_ref idref="oc-539"/>
      </symbol>
      <symbol id="sm-d18">
         <name>_Fenv</name>
         <value>0x2000385c</value>
         <object_component_ref idref="oc-539"/>
      </symbol>
      <symbol id="sm-d2c">
         <name>raise</name>
         <value>0x85ab</value>
         <object_component_ref idref="oc-533"/>
      </symbol>
      <symbol id="sm-d46">
         <name>signal</name>
         <value>0x8409</value>
         <object_component_ref idref="oc-543"/>
      </symbol>
      <symbol id="sm-d5b">
         <name>_Dnorm</name>
         <value>0x7a11</value>
         <object_component_ref idref="oc-500"/>
      </symbol>
      <symbol id="sm-dee">
         <name>UARTCharPutNonBlocking</name>
         <value>0x87b5</value>
         <object_component_ref idref="oc-339"/>
      </symbol>
      <symbol id="sm-def">
         <name>UARTTxIntModeSet</name>
         <value>0x87f5</value>
         <object_component_ref idref="oc-327"/>
      </symbol>
      <symbol id="sm-df0">
         <name>UARTConfigSetExpClk</name>
         <value>0x8349</value>
         <object_component_ref idref="oc-315"/>
      </symbol>
      <symbol id="sm-df1">
         <name>UARTDisable</name>
         <value>0x8649</value>
         <object_component_ref idref="oc-406"/>
      </symbol>
      <symbol id="sm-df2">
         <name>UARTIntEnable</name>
         <value>0x8849</value>
         <object_component_ref idref="oc-321"/>
      </symbol>
      <symbol id="sm-df3">
         <name>UARTCharsAvail</name>
         <value>0x87e9</value>
         <object_component_ref idref="oc-345"/>
      </symbol>
      <symbol id="sm-df4">
         <name>UARTEnable</name>
         <value>0x8727</value>
         <object_component_ref idref="oc-40c"/>
      </symbol>
      <symbol id="sm-df5">
         <name>UARTIntClear</name>
         <value>0x886d</value>
         <object_component_ref idref="oc-333"/>
      </symbol>
      <symbol id="sm-df6">
         <name>UARTIntStatus</name>
         <value>0x8837</value>
         <object_component_ref idref="oc-32d"/>
      </symbol>
      <symbol id="sm-df7">
         <name>UARTCharGet</name>
         <value>0x882d</value>
         <object_component_ref idref="oc-33f"/>
      </symbol>
      <symbol id="sm-df8">
         <name>UARTIntRegister</name>
         <value>0x86e1</value>
         <object_component_ref idref="oc-31b"/>
      </symbol>
      <symbol id="sm-e56">
         <name>TimerLoadSet</name>
         <value>0x8777</value>
         <object_component_ref idref="oc-1b6"/>
      </symbol>
      <symbol id="sm-e57">
         <name>TimerIntRegister</name>
         <value>0x86c9</value>
         <object_component_ref idref="oc-1bc"/>
      </symbol>
      <symbol id="sm-e58">
         <name>TimerEnable</name>
         <value>0x87a7</value>
         <object_component_ref idref="oc-1d4"/>
      </symbol>
      <symbol id="sm-e59">
         <name>TimerIntEnable</name>
         <value>0x8841</value>
         <object_component_ref idref="oc-1c8"/>
      </symbol>
      <symbol id="sm-e5a">
         <name>TimerConfigure</name>
         <value>0x7e8d</value>
         <object_component_ref idref="oc-1b0"/>
      </symbol>
      <symbol id="sm-e5b">
         <name>TimerIntClear</name>
         <value>0x8869</value>
         <object_component_ref idref="oc-1ce"/>
      </symbol>
      <symbol id="sm-e6a">
         <name>SysTickIntRegister</name>
         <value>0x862d</value>
         <object_component_ref idref="oc-167"/>
      </symbol>
      <symbol id="sm-eb5">
         <name>SysCtlDelay</name>
         <value>0x885d</value>
         <object_component_ref idref="oc-e1"/>
      </symbol>
      <symbol id="sm-eb6">
         <name>SysCtlPeripheralEnable</name>
         <value>0x84b5</value>
         <object_component_ref idref="oc-17c"/>
      </symbol>
      <symbol id="sm-eb7">
         <name>SysCtlClockGet</name>
         <value>0x74f1</value>
         <object_component_ref idref="oc-db"/>
      </symbol>
      <symbol id="sm-eb8">
         <name>SysCtlPeripheralReset</name>
         <value>0x7f91</value>
         <object_component_ref idref="oc-2d2"/>
      </symbol>
      <symbol id="sm-ed7">
         <name>QEIIntRegister</name>
         <value>0x86b1</value>
         <object_component_ref idref="oc-19d"/>
      </symbol>
      <symbol id="sm-f19">
         <name>IntEnable</name>
         <value>0x7e2d</value>
         <object_component_ref idref="oc-1c2"/>
      </symbol>
      <symbol id="sm-f1a">
         <name>IntRegister</name>
         <value>0x8481</value>
         <object_component_ref idref="oc-2b9"/>
      </symbol>
      <symbol id="sm-f1b">
         <name>IntMasterDisable</name>
         <value>0x8823</value>
         <object_component_ref idref="oc-16d"/>
      </symbol>
      <symbol id="sm-f1c">
         <name>g_pfnRAMVectors</name>
         <value>0x20000000</value>
         <object_component_ref idref="oc-3d2"/>
      </symbol>
      <symbol id="sm-f9f">
         <name>GPIOIntRegister</name>
         <value>0x8699</value>
         <object_component_ref idref="oc-268"/>
      </symbol>
      <symbol id="sm-fa0">
         <name>GPIOPinConfigure</name>
         <value>0x8161</value>
         <object_component_ref idref="oc-309"/>
      </symbol>
      <symbol id="sm-fa1">
         <name>GPIOIntEnable</name>
         <value>0x87dd</value>
         <object_component_ref idref="oc-26e"/>
      </symbol>
      <symbol id="sm-fa2">
         <name>GPIOIntClear</name>
         <value>0x8851</value>
         <object_component_ref idref="oc-274"/>
      </symbol>
      <symbol id="sm-fa3">
         <name>GPIOPinTypeUART</name>
         <value>0x8765</value>
         <object_component_ref idref="oc-30f"/>
      </symbol>
      <symbol id="sm-fa4">
         <name>GPIOIntStatus</name>
         <value>0x8799</value>
         <object_component_ref idref="oc-27a"/>
      </symbol>
      <symbol id="sm-fa5">
         <name>GPIOPinRead</name>
         <value>0x8857</value>
         <object_component_ref idref="oc-c9"/>
      </symbol>
      <symbol id="sm-fa6">
         <name>GPIODirModeSet</name>
         <value>0x85d9</value>
         <object_component_ref idref="oc-3f9"/>
      </symbol>
      <symbol id="sm-fa7">
         <name>GPIOPadConfigSet</name>
         <value>0x73bf</value>
         <object_component_ref idref="oc-3ff"/>
      </symbol>
      <symbol id="sm-fc4">
         <name>EEPROMInit</name>
         <value>0x8309</value>
         <object_component_ref idref="oc-182"/>
      </symbol>
      <symbol id="sm-fce">
         <name>CPUcpsid</name>
         <value>0x87d1</value>
         <object_component_ref idref="oc-2c1"/>
      </symbol>
      <symbol id="sm-fec">
         <name>ADCIntRegister</name>
         <value>0x8681</value>
         <object_component_ref idref="oc-1aa"/>
      </symbol>
      <symbol id="sm-fed">
         <name>__TI_static_base__</name>
         <value>0x0</value>
      </symbol>
      <symbol id="sm-ff0">
         <name>SHT$$INIT_ARRAY$$Limit</name>
         <value>0x0</value>
      </symbol>
      <symbol id="sm-ff1">
         <name>SHT$$INIT_ARRAY$$Base</name>
         <value>0x0</value>
      </symbol>
   </symbol_table>
   <title>Link successful</title>
</link_info>
