<?xml version="1.0"?>
<link_info>
   <banner>TI ARM Linker PC v5.2.4</banner>
   <copyright>Copyright (c) 1996-2015 Texas Instruments Incorporated</copyright>
   <link_time>0x55cc6b7b</link_time>
   <link_errors>0x0</link_errors>
   <output_file>[RYA2015]CodeXin.out</output_file>
   <entry_point>
      <name>_c_int00</name>
      <address>0x7615</address>
   </entry_point>
   <input_file_list>
      <input_file id="fl-2">
         <path>.\</path>
         <kind>object</kind>
         <file>SystemConfig.obj</file>
         <name>SystemConfig.obj</name>
      </input_file>
      <input_file id="fl-3">
         <path>.\</path>
         <kind>object</kind>
         <file>main.obj</file>
         <name>main.obj</name>
      </input_file>
      <input_file id="fl-4">
         <path>.\</path>
         <kind>object</kind>
         <file>startup_ccs.obj</file>
         <name>startup_ccs.obj</name>
      </input_file>
      <input_file id="fl-5">
         <path>.\WallFollow\</path>
         <kind>object</kind>
         <file>PID.obj</file>
         <name>PID.obj</name>
      </input_file>
      <input_file id="fl-6">
         <path>.\WallFollow\</path>
         <kind>object</kind>
         <file>WallFollow.obj</file>
         <name>WallFollow.obj</name>
      </input_file>
      <input_file id="fl-7">
         <path>.\Timer\</path>
         <kind>object</kind>
         <file>Timer.obj</file>
         <name>Timer.obj</name>
      </input_file>
      <input_file id="fl-8">
         <path>.\STR\</path>
         <kind>object</kind>
         <file>Control_initialize.obj</file>
         <name>Control_initialize.obj</name>
      </input_file>
      <input_file id="fl-9">
         <path>.\STR\</path>
         <kind>object</kind>
         <file>STR_Indirect.obj</file>
         <name>STR_Indirect.obj</name>
      </input_file>
      <input_file id="fl-a">
         <path>.\STR\</path>
         <kind>object</kind>
         <file>Uocluong.obj</file>
         <name>Uocluong.obj</name>
      </input_file>
      <input_file id="fl-b">
         <path>.\STR\</path>
         <kind>object</kind>
         <file>rtGetInf.obj</file>
         <name>rtGetInf.obj</name>
      </input_file>
      <input_file id="fl-c">
         <path>.\STR\</path>
         <kind>object</kind>
         <file>rtGetNaN.obj</file>
         <name>rtGetNaN.obj</name>
      </input_file>
      <input_file id="fl-d">
         <path>.\STR\</path>
         <kind>object</kind>
         <file>rt_nonfinite.obj</file>
         <name>rt_nonfinite.obj</name>
      </input_file>
      <input_file id="fl-e">
         <path>.\STR\</path>
         <kind>object</kind>
         <file>speed_control.obj</file>
         <name>speed_control.obj</name>
      </input_file>
      <input_file id="fl-f">
         <path>.\QEI\</path>
         <kind>object</kind>
         <file>qei.obj</file>
         <name>qei.obj</name>
      </input_file>
      <input_file id="fl-10">
         <path>.\IR\</path>
         <kind>object</kind>
         <file>IR.obj</file>
         <name>IR.obj</name>
      </input_file>
      <input_file id="fl-11">
         <path>.\HostComm\</path>
         <kind>object</kind>
         <file>hostcomm.obj</file>
         <name>hostcomm.obj</name>
      </input_file>
      <input_file id="fl-12">
         <path>.\Eeprom\</path>
         <kind>object</kind>
         <file>EEPROM.obj</file>
         <name>EEPROM.obj</name>
      </input_file>
      <input_file id="fl-13">
         <path>.\Buzzer\</path>
         <kind>object</kind>
         <file>Buzzer.obj</file>
         <name>Buzzer.obj</name>
      </input_file>
      <input_file id="fl-14">
         <path>.\Button\</path>
         <kind>object</kind>
         <file>Button.obj</file>
         <name>Button.obj</name>
      </input_file>
      <input_file id="fl-15">
         <path>.\Bluetooth\</path>
         <kind>object</kind>
         <file>Bluetooth.obj</file>
         <name>Bluetooth.obj</name>
      </input_file>
      <input_file id="fl-16">
         <path>.\Bluetooth\</path>
         <kind>object</kind>
         <file>uartstdio.obj</file>
         <name>uartstdio.obj</name>
      </input_file>
      <input_file id="fl-17">
         <path>.\Bluetooth\</path>
         <kind>object</kind>
         <file>ustdlib.obj</file>
         <name>ustdlib.obj</name>
      </input_file>
      <input_file id="fl-18">
         <path>.\Battery\</path>
         <kind>object</kind>
         <file>Bettery.obj</file>
         <name>Bettery.obj</name>
      </input_file>
      <input_file id="fl-13f">
         <path>D:\TI\ccsv6\tools\compiler\ti-cgt-arm_5.2.4\lib\</path>
         <kind>archive</kind>
         <file>rtsv7M4_T_le_v4SPD16_eabi.lib</file>
         <name>boot.obj</name>
      </input_file>
      <input_file id="fl-140">
         <path>D:\TI\ccsv6\tools\compiler\ti-cgt-arm_5.2.4\lib\</path>
         <kind>archive</kind>
         <file>rtsv7M4_T_le_v4SPD16_eabi.lib</file>
         <name>copy_decompress_none.obj</name>
      </input_file>
      <input_file id="fl-141">
         <path>D:\TI\ccsv6\tools\compiler\ti-cgt-arm_5.2.4\lib\</path>
         <kind>archive</kind>
         <file>rtsv7M4_T_le_v4SPD16_eabi.lib</file>
         <name>copy_decompress_rle.obj</name>
      </input_file>
      <input_file id="fl-142">
         <path>D:\TI\ccsv6\tools\compiler\ti-cgt-arm_5.2.4\lib\</path>
         <kind>archive</kind>
         <file>rtsv7M4_T_le_v4SPD16_eabi.lib</file>
         <name>copy_zero_init.obj</name>
      </input_file>
      <input_file id="fl-143">
         <path>D:\TI\ccsv6\tools\compiler\ti-cgt-arm_5.2.4\lib\</path>
         <kind>archive</kind>
         <file>rtsv7M4_T_le_v4SPD16_eabi.lib</file>
         <name>exit.obj</name>
      </input_file>
      <input_file id="fl-144">
         <path>D:\TI\ccsv6\tools\compiler\ti-cgt-arm_5.2.4\lib\</path>
         <kind>archive</kind>
         <file>rtsv7M4_T_le_v4SPD16_eabi.lib</file>
         <name>fd_add_t2.obj</name>
      </input_file>
      <input_file id="fl-145">
         <path>D:\TI\ccsv6\tools\compiler\ti-cgt-arm_5.2.4\lib\</path>
         <kind>archive</kind>
         <file>rtsv7M4_T_le_v4SPD16_eabi.lib</file>
         <name>fd_cmp_t2.obj</name>
      </input_file>
      <input_file id="fl-146">
         <path>D:\TI\ccsv6\tools\compiler\ti-cgt-arm_5.2.4\lib\</path>
         <kind>archive</kind>
         <file>rtsv7M4_T_le_v4SPD16_eabi.lib</file>
         <name>fd_div_t2.obj</name>
      </input_file>
      <input_file id="fl-147">
         <path>D:\TI\ccsv6\tools\compiler\ti-cgt-arm_5.2.4\lib\</path>
         <kind>archive</kind>
         <file>rtsv7M4_T_le_v4SPD16_eabi.lib</file>
         <name>fd_mul_t2.obj</name>
      </input_file>
      <input_file id="fl-148">
         <path>D:\TI\ccsv6\tools\compiler\ti-cgt-arm_5.2.4\lib\</path>
         <kind>archive</kind>
         <file>rtsv7M4_T_le_v4SPD16_eabi.lib</file>
         <name>fd_toi_t2.obj</name>
      </input_file>
      <input_file id="fl-149">
         <path>D:\TI\ccsv6\tools\compiler\ti-cgt-arm_5.2.4\lib\</path>
         <kind>archive</kind>
         <file>rtsv7M4_T_le_v4SPD16_eabi.lib</file>
         <name>fd_tos_t2.obj</name>
      </input_file>
      <input_file id="fl-14a">
         <path>D:\TI\ccsv6\tools\compiler\ti-cgt-arm_5.2.4\lib\</path>
         <kind>archive</kind>
         <file>rtsv7M4_T_le_v4SPD16_eabi.lib</file>
         <name>fs_tod_t2.obj</name>
      </input_file>
      <input_file id="fl-14b">
         <path>D:\TI\ccsv6\tools\compiler\ti-cgt-arm_5.2.4\lib\</path>
         <kind>archive</kind>
         <file>rtsv7M4_T_le_v4SPD16_eabi.lib</file>
         <name>i_tofd_t2.obj</name>
      </input_file>
      <input_file id="fl-14c">
         <path>D:\TI\ccsv6\tools\compiler\ti-cgt-arm_5.2.4\lib\</path>
         <kind>archive</kind>
         <file>rtsv7M4_T_le_v4SPD16_eabi.lib</file>
         <name>memcpy_t2.obj</name>
      </input_file>
      <input_file id="fl-14d">
         <path>D:\TI\ccsv6\tools\compiler\ti-cgt-arm_5.2.4\lib\</path>
         <kind>archive</kind>
         <file>rtsv7M4_T_le_v4SPD16_eabi.lib</file>
         <name>memset_t2.obj</name>
      </input_file>
      <input_file id="fl-14e">
         <path>D:\TI\ccsv6\tools\compiler\ti-cgt-arm_5.2.4\lib\</path>
         <kind>archive</kind>
         <file>rtsv7M4_T_le_v4SPD16_eabi.lib</file>
         <name>pre_init.obj</name>
      </input_file>
      <input_file id="fl-14f">
         <path>D:\TI\ccsv6\tools\compiler\ti-cgt-arm_5.2.4\lib\</path>
         <kind>archive</kind>
         <file>rtsv7M4_T_le_v4SPD16_eabi.lib</file>
         <name>stkdepth_vars.obj</name>
      </input_file>
      <input_file id="fl-150">
         <path>D:\TI\ccsv6\tools\compiler\ti-cgt-arm_5.2.4\lib\</path>
         <kind>archive</kind>
         <file>rtsv7M4_T_le_v4SPD16_eabi.lib</file>
         <name>strlen.obj</name>
      </input_file>
      <input_file id="fl-151">
         <path>D:\TI\ccsv6\tools\compiler\ti-cgt-arm_5.2.4\lib\</path>
         <kind>archive</kind>
         <file>rtsv7M4_T_le_v4SPD16_eabi.lib</file>
         <name>u_divt2.obj</name>
      </input_file>
      <input_file id="fl-152">
         <path>D:\TI\ccsv6\tools\compiler\ti-cgt-arm_5.2.4\lib\</path>
         <kind>archive</kind>
         <file>rtsv7M4_T_le_v4SPD16_eabi.lib</file>
         <name>vsprintf.obj</name>
      </input_file>
      <input_file id="fl-153">
         <path>D:\TI\ccsv6\tools\compiler\ti-cgt-arm_5.2.4\lib\</path>
         <kind>archive</kind>
         <file>rtsv7M4_T_le_v4SPD16_eabi.lib</file>
         <name>_lock.obj</name>
      </input_file>
      <input_file id="fl-154">
         <path>D:\TI\ccsv6\tools\compiler\ti-cgt-arm_5.2.4\lib\</path>
         <kind>archive</kind>
         <file>rtsv7M4_T_le_v4SPD16_eabi.lib</file>
         <name>_printfi.obj</name>
      </input_file>
      <input_file id="fl-155">
         <path>D:\TI\ccsv6\tools\compiler\ti-cgt-arm_5.2.4\lib\</path>
         <kind>archive</kind>
         <file>rtsv7M4_T_le_v4SPD16_eabi.lib</file>
         <name>args_main.obj</name>
      </input_file>
      <input_file id="fl-156">
         <path>D:\TI\ccsv6\tools\compiler\ti-cgt-arm_5.2.4\lib\</path>
         <kind>archive</kind>
         <file>rtsv7M4_T_le_v4SPD16_eabi.lib</file>
         <name>atoi.obj</name>
      </input_file>
      <input_file id="fl-157">
         <path>D:\TI\ccsv6\tools\compiler\ti-cgt-arm_5.2.4\lib\</path>
         <kind>archive</kind>
         <file>rtsv7M4_T_le_v4SPD16_eabi.lib</file>
         <name>autoinit.obj</name>
      </input_file>
      <input_file id="fl-158">
         <path>D:\TI\ccsv6\tools\compiler\ti-cgt-arm_5.2.4\lib\</path>
         <kind>archive</kind>
         <file>rtsv7M4_T_le_v4SPD16_eabi.lib</file>
         <name>cpy_tbl.obj</name>
      </input_file>
      <input_file id="fl-159">
         <path>D:\TI\ccsv6\tools\compiler\ti-cgt-arm_5.2.4\lib\</path>
         <kind>archive</kind>
         <file>rtsv7M4_T_le_v4SPD16_eabi.lib</file>
         <name>ctype.obj</name>
      </input_file>
      <input_file id="fl-15a">
         <path>D:\TI\ccsv6\tools\compiler\ti-cgt-arm_5.2.4\lib\</path>
         <kind>archive</kind>
         <file>rtsv7M4_T_le_v4SPD16_eabi.lib</file>
         <name>frexp.obj</name>
      </input_file>
      <input_file id="fl-15b">
         <path>D:\TI\ccsv6\tools\compiler\ti-cgt-arm_5.2.4\lib\</path>
         <kind>archive</kind>
         <file>rtsv7M4_T_le_v4SPD16_eabi.lib</file>
         <name>i_div0.obj</name>
      </input_file>
      <input_file id="fl-15c">
         <path>D:\TI\ccsv6\tools\compiler\ti-cgt-arm_5.2.4\lib\</path>
         <kind>archive</kind>
         <file>rtsv7M4_T_le_v4SPD16_eabi.lib</file>
         <name>ldexp.obj</name>
      </input_file>
      <input_file id="fl-15d">
         <path>D:\TI\ccsv6\tools\compiler\ti-cgt-arm_5.2.4\lib\</path>
         <kind>archive</kind>
         <file>rtsv7M4_T_le_v4SPD16_eabi.lib</file>
         <name>ltoa.obj</name>
      </input_file>
      <input_file id="fl-15e">
         <path>D:\TI\ccsv6\tools\compiler\ti-cgt-arm_5.2.4\lib\</path>
         <kind>archive</kind>
         <file>rtsv7M4_T_le_v4SPD16_eabi.lib</file>
         <name>memccpy.obj</name>
      </input_file>
      <input_file id="fl-15f">
         <path>D:\TI\ccsv6\tools\compiler\ti-cgt-arm_5.2.4\lib\</path>
         <kind>archive</kind>
         <file>rtsv7M4_T_le_v4SPD16_eabi.lib</file>
         <name>strchr.obj</name>
      </input_file>
      <input_file id="fl-160">
         <path>D:\TI\ccsv6\tools\compiler\ti-cgt-arm_5.2.4\lib\</path>
         <kind>archive</kind>
         <file>rtsv7M4_T_le_v4SPD16_eabi.lib</file>
         <name>ull_div_t2.obj</name>
      </input_file>
      <input_file id="fl-161">
         <path>D:\TI\ccsv6\tools\compiler\ti-cgt-arm_5.2.4\lib\</path>
         <kind>archive</kind>
         <file>rtsv7M4_T_le_v4SPD16_eabi.lib</file>
         <name>xdclass.obj</name>
      </input_file>
      <input_file id="fl-162">
         <path>D:\TI\ccsv6\tools\compiler\ti-cgt-arm_5.2.4\lib\</path>
         <kind>archive</kind>
         <file>rtsv7M4_T_le_v4SPD16_eabi.lib</file>
         <name>xdscale.obj</name>
      </input_file>
      <input_file id="fl-163">
         <path>D:\TI\ccsv6\tools\compiler\ti-cgt-arm_5.2.4\lib\</path>
         <kind>archive</kind>
         <file>rtsv7M4_T_le_v4SPD16_eabi.lib</file>
         <name>xdunscal.obj</name>
      </input_file>
      <input_file id="fl-164">
         <path>D:\TI\ccsv6\tools\compiler\ti-cgt-arm_5.2.4\lib\</path>
         <kind>archive</kind>
         <file>rtsv7M4_T_le_v4SPD16_eabi.lib</file>
         <name>xferaise.obj</name>
      </input_file>
      <input_file id="fl-165">
         <path>D:\TI\ccsv6\tools\compiler\ti-cgt-arm_5.2.4\lib\</path>
         <kind>archive</kind>
         <file>rtsv7M4_T_le_v4SPD16_eabi.lib</file>
         <name>xvalues.obj</name>
      </input_file>
      <input_file id="fl-166">
         <path>D:\TI\ccsv6\tools\compiler\ti-cgt-arm_5.2.4\lib\</path>
         <kind>archive</kind>
         <file>rtsv7M4_T_le_v4SPD16_eabi.lib</file>
         <name>errno.obj</name>
      </input_file>
      <input_file id="fl-167">
         <path>D:\TI\ccsv6\tools\compiler\ti-cgt-arm_5.2.4\lib\</path>
         <kind>archive</kind>
         <file>rtsv7M4_T_le_v4SPD16_eabi.lib</file>
         <name>feraiseexcept.obj</name>
      </input_file>
      <input_file id="fl-168">
         <path>D:\TI\ccsv6\tools\compiler\ti-cgt-arm_5.2.4\lib\</path>
         <kind>archive</kind>
         <file>rtsv7M4_T_le_v4SPD16_eabi.lib</file>
         <name>raise.obj</name>
      </input_file>
      <input_file id="fl-169">
         <path>D:\TI\ccsv6\tools\compiler\ti-cgt-arm_5.2.4\lib\</path>
         <kind>archive</kind>
         <file>rtsv7M4_T_le_v4SPD16_eabi.lib</file>
         <name>signal.obj</name>
      </input_file>
      <input_file id="fl-16a">
         <path>D:\TI\ccsv6\tools\compiler\ti-cgt-arm_5.2.4\lib\</path>
         <kind>archive</kind>
         <file>rtsv7M4_T_le_v4SPD16_eabi.lib</file>
         <name>xdnorm.obj</name>
      </input_file>
      <input_file id="fl-16b">
         <path>D:\TI\TivaWare\driverlib\ccs\Debug\</path>
         <kind>archive</kind>
         <file>driverlib.lib</file>
         <name>uart.obj</name>
      </input_file>
      <input_file id="fl-16c">
         <path>D:\TI\TivaWare\driverlib\ccs\Debug\</path>
         <kind>archive</kind>
         <file>driverlib.lib</file>
         <name>timer.obj</name>
      </input_file>
      <input_file id="fl-16d">
         <path>D:\TI\TivaWare\driverlib\ccs\Debug\</path>
         <kind>archive</kind>
         <file>driverlib.lib</file>
         <name>systick.obj</name>
      </input_file>
      <input_file id="fl-16e">
         <path>D:\TI\TivaWare\driverlib\ccs\Debug\</path>
         <kind>archive</kind>
         <file>driverlib.lib</file>
         <name>sysctl.obj</name>
      </input_file>
      <input_file id="fl-16f">
         <path>D:\TI\TivaWare\driverlib\ccs\Debug\</path>
         <kind>archive</kind>
         <file>driverlib.lib</file>
         <name>qei.obj</name>
      </input_file>
      <input_file id="fl-170">
         <path>D:\TI\TivaWare\driverlib\ccs\Debug\</path>
         <kind>archive</kind>
         <file>driverlib.lib</file>
         <name>interrupt.obj</name>
      </input_file>
      <input_file id="fl-171">
         <path>D:\TI\TivaWare\driverlib\ccs\Debug\</path>
         <kind>archive</kind>
         <file>driverlib.lib</file>
         <name>gpio.obj</name>
      </input_file>
      <input_file id="fl-172">
         <path>D:\TI\TivaWare\driverlib\ccs\Debug\</path>
         <kind>archive</kind>
         <file>driverlib.lib</file>
         <name>eeprom.obj</name>
      </input_file>
      <input_file id="fl-173">
         <path>D:\TI\TivaWare\driverlib\ccs\Debug\</path>
         <kind>archive</kind>
         <file>driverlib.lib</file>
         <name>cpu.obj</name>
      </input_file>
      <input_file id="fl-174">
         <path>D:\TI\TivaWare\driverlib\ccs\Debug\</path>
         <kind>archive</kind>
         <file>driverlib.lib</file>
         <name>adc.obj</name>
      </input_file>
   </input_file_list>
   <object_component_list>
      <object_component id="oc-f">
         <name>.intvecs</name>
         <load_address>0x0</load_address>
         <run_address>0x0</run_address>
         <size>0x26c</size>
         <input_file_ref idref="fl-4"/>
      </object_component>
      <object_component id="oc-f4">
         <name>.text</name>
         <load_address>0x26c</load_address>
         <run_address>0x26c</run_address>
         <size>0x17e4</size>
         <input_file_ref idref="fl-6"/>
      </object_component>
      <object_component id="oc-3ea">
         <name>.text</name>
         <load_address>0x1a50</load_address>
         <run_address>0x1a50</run_address>
         <size>0x10ba</size>
         <input_file_ref idref="fl-154"/>
      </object_component>
      <object_component id="oc-14d">
         <name>.text</name>
         <load_address>0x2b0c</load_address>
         <run_address>0x2b0c</run_address>
         <size>0xac8</size>
         <input_file_ref idref="fl-a"/>
      </object_component>
      <object_component id="oc-e8">
         <name>.text</name>
         <load_address>0x35d4</load_address>
         <run_address>0x35d4</run_address>
         <size>0x6ac</size>
         <input_file_ref idref="fl-10"/>
      </object_component>
      <object_component id="oc-1b7">
         <name>.text</name>
         <load_address>0x3c80</load_address>
         <run_address>0x3c80</run_address>
         <size>0x6a4</size>
         <input_file_ref idref="fl-15"/>
      </object_component>
      <object_component id="oc-c3">
         <name>.text</name>
         <load_address>0x4324</load_address>
         <run_address>0x4324</run_address>
         <size>0x580</size>
         <input_file_ref idref="fl-e"/>
      </object_component>
      <object_component id="oc-fa">
         <name>.text</name>
         <load_address>0x48a4</load_address>
         <run_address>0x48a4</run_address>
         <size>0x344</size>
         <input_file_ref idref="fl-11"/>
      </object_component>
      <object_component id="oc-9d">
         <name>.text</name>
         <load_address>0x4be8</load_address>
         <run_address>0x4be8</run_address>
         <size>0x32c</size>
         <input_file_ref idref="fl-3"/>
      </object_component>
      <object_component id="oc-e2">
         <name>.text</name>
         <load_address>0x4f14</load_address>
         <run_address>0x4f14</run_address>
         <size>0x314</size>
         <input_file_ref idref="fl-f"/>
      </object_component>
      <object_component id="oc-13d">
         <name>.text</name>
         <load_address>0x5228</load_address>
         <run_address>0x5228</run_address>
         <size>0x2e0</size>
         <input_file_ref idref="fl-9"/>
      </object_component>
      <object_component id="oc-cf">
         <name>.text</name>
         <load_address>0x5508</load_address>
         <run_address>0x5508</run_address>
         <size>0x2d0</size>
         <input_file_ref idref="fl-2"/>
      </object_component>
      <object_component id="oc-100">
         <name>.text</name>
         <load_address>0x57d8</load_address>
         <run_address>0x57d8</run_address>
         <size>0x2c8</size>
         <input_file_ref idref="fl-13"/>
      </object_component>
      <object_component id="oc-d5">
         <name>.text</name>
         <load_address>0x5aa0</load_address>
         <run_address>0x5aa0</run_address>
         <size>0x2bc</size>
         <input_file_ref idref="fl-12"/>
      </object_component>
      <object_component id="oc-10c">
         <name>.text</name>
         <load_address>0x5d5c</load_address>
         <run_address>0x5d5c</run_address>
         <size>0x1fc</size>
         <input_file_ref idref="fl-14"/>
      </object_component>
      <object_component id="oc-450">
         <name>.text</name>
         <load_address>0x5f58</load_address>
         <run_address>0x5f58</run_address>
         <size>0x1f4</size>
         <input_file_ref idref="fl-160"/>
      </object_component>
      <object_component id="oc-106">
         <name>.text</name>
         <load_address>0x614c</load_address>
         <run_address>0x614c</run_address>
         <size>0x1d8</size>
         <input_file_ref idref="fl-18"/>
      </object_component>
      <object_component id="oc-233">
         <name>.text</name>
         <load_address>0x6324</load_address>
         <run_address>0x6324</run_address>
         <size>0x1b6</size>
         <input_file_ref idref="fl-144"/>
      </object_component>
      <object_component id="oc-ee">
         <name>.text</name>
         <load_address>0x64dc</load_address>
         <run_address>0x64dc</run_address>
         <size>0x1b4</size>
         <input_file_ref idref="fl-7"/>
      </object_component>
      <object_component id="oc-389">
         <name>.text</name>
         <load_address>0x6690</load_address>
         <run_address>0x6690</run_address>
         <size>0x148</size>
         <input_file_ref idref="fl-b"/>
      </object_component>
      <object_component id="oc-1d6">
         <name>.text</name>
         <load_address>0x67d8</load_address>
         <run_address>0x67d8</run_address>
         <size>0x140</size>
         <input_file_ref idref="fl-5"/>
      </object_component>
      <object_component id="oc-1f4">
         <name>.text</name>
         <load_address>0x6918</load_address>
         <run_address>0x6918</run_address>
         <size>0x136</size>
         <input_file_ref idref="fl-146"/>
      </object_component>
      <object_component id="oc-3c7">
         <name>.text:GPIOPadConfigSet</name>
         <load_address>0x6a4e</load_address>
         <run_address>0x6a4e</run_address>
         <size>0x130</size>
         <input_file_ref idref="fl-171"/>
      </object_component>
      <object_component id="oc-db">
         <name>.text:SysCtlClockGet</name>
         <load_address>0x6b80</load_address>
         <run_address>0x6b80</run_address>
         <size>0x118</size>
         <input_file_ref idref="fl-16e"/>
      </object_component>
      <object_component id="oc-266">
         <name>.text</name>
         <load_address>0x6c98</load_address>
         <run_address>0x6c98</run_address>
         <size>0x114</size>
         <input_file_ref idref="fl-d"/>
      </object_component>
      <object_component id="oc-4af">
         <name>.text</name>
         <load_address>0x6dac</load_address>
         <run_address>0x6dac</run_address>
         <size>0x110</size>
         <input_file_ref idref="fl-162"/>
      </object_component>
      <object_component id="oc-188">
         <name>.text</name>
         <load_address>0x6ebc</load_address>
         <run_address>0x6ebc</run_address>
         <size>0xfc</size>
         <input_file_ref idref="fl-147"/>
      </object_component>
      <object_component id="oc-383">
         <name>.text</name>
         <load_address>0x6fb8</load_address>
         <run_address>0x6fb8</run_address>
         <size>0xe8</size>
         <input_file_ref idref="fl-c"/>
      </object_component>
      <object_component id="oc-4d5">
         <name>.text</name>
         <load_address>0x70a0</load_address>
         <run_address>0x70a0</run_address>
         <size>0xbe</size>
         <input_file_ref idref="fl-16a"/>
      </object_component>
      <object_component id="oc-33">
         <name>.text</name>
         <load_address>0x715e</load_address>
         <run_address>0x715e</run_address>
         <size>0x9c</size>
         <input_file_ref idref="fl-14c"/>
      </object_component>
      <object_component id="oc-26e">
         <name>.text:__aeabi_cdcmple</name>
         <load_address>0x71fa</load_address>
         <run_address>0x71fa</run_address>
         <size>0x86</size>
         <input_file_ref idref="fl-145"/>
      </object_component>
      <object_component id="oc-1f9">
         <name>.text:__aeabi_cdrcmple</name>
         <load_address>0x7280</load_address>
         <run_address>0x7280</run_address>
         <size>0x86</size>
         <input_file_ref idref="fl-145"/>
      </object_component>
      <object_component id="oc-4c">
         <name>.text</name>
         <load_address>0x7306</load_address>
         <run_address>0x7306</run_address>
         <size>0x7a</size>
         <input_file_ref idref="fl-14d"/>
      </object_component>
      <object_component id="oc-5e">
         <name>.text</name>
         <load_address>0x7380</load_address>
         <run_address>0x7380</run_address>
         <size>0x6c</size>
         <input_file_ref idref="fl-157"/>
      </object_component>
      <object_component id="oc-3f">
         <name>.text</name>
         <load_address>0x73ec</load_address>
         <run_address>0x73ec</run_address>
         <size>0x6a</size>
         <input_file_ref idref="fl-141"/>
      </object_component>
      <object_component id="oc-4a7">
         <name>.text</name>
         <load_address>0x7456</load_address>
         <run_address>0x7456</run_address>
         <size>0x66</size>
         <input_file_ref idref="fl-163"/>
      </object_component>
      <object_component id="oc-2b9">
         <name>.text:IntEnable</name>
         <load_address>0x74bc</load_address>
         <run_address>0x74bc</run_address>
         <size>0x60</size>
         <input_file_ref idref="fl-170"/>
      </object_component>
      <object_component id="oc-455">
         <name>.text</name>
         <load_address>0x751c</load_address>
         <run_address>0x751c</run_address>
         <size>0x56</size>
         <input_file_ref idref="fl-15d"/>
      </object_component>
      <object_component id="oc-461">
         <name>.text</name>
         <load_address>0x7572</load_address>
         <run_address>0x7572</run_address>
         <size>0x52</size>
         <input_file_ref idref="fl-15c"/>
      </object_component>
      <object_component id="oc-2a6">
         <name>.text:SysCtlPeripheralReset</name>
         <load_address>0x75c4</load_address>
         <run_address>0x75c4</run_address>
         <size>0x50</size>
         <input_file_ref idref="fl-16e"/>
      </object_component>
      <object_component id="oc-24">
         <name>.text</name>
         <load_address>0x7614</load_address>
         <run_address>0x7614</run_address>
         <size>0x50</size>
         <input_file_ref idref="fl-13f"/>
      </object_component>
      <object_component id="oc-33d">
         <name>.text:_TimerIntNumberGet</name>
         <load_address>0x7664</load_address>
         <run_address>0x7664</run_address>
         <size>0x4c</size>
         <input_file_ref idref="fl-16c"/>
      </object_component>
      <object_component id="oc-479">
         <name>.text</name>
         <load_address>0x76b0</load_address>
         <run_address>0x76b0</run_address>
         <size>0x4c</size>
         <input_file_ref idref="fl-156"/>
      </object_component>
      <object_component id="oc-95">
         <name>.text</name>
         <load_address>0x76fc</load_address>
         <run_address>0x76fc</run_address>
         <size>0x4c</size>
         <input_file_ref idref="fl-158"/>
      </object_component>
      <object_component id="oc-143">
         <name>.text</name>
         <load_address>0x7748</load_address>
         <run_address>0x7748</run_address>
         <size>0x4a</size>
         <input_file_ref idref="fl-149"/>
      </object_component>
      <object_component id="oc-2d1">
         <name>.text:GPIOPinConfigure</name>
         <load_address>0x7794</load_address>
         <run_address>0x7794</run_address>
         <size>0x48</size>
         <input_file_ref idref="fl-171"/>
      </object_component>
      <object_component id="oc-2b3">
         <name>.text:_QEIIntNumberGet</name>
         <load_address>0x77dc</load_address>
         <run_address>0x77dc</run_address>
         <size>0x48</size>
         <input_file_ref idref="fl-16f"/>
      </object_component>
      <object_component id="oc-18d">
         <name>.text</name>
         <load_address>0x7824</load_address>
         <run_address>0x7824</run_address>
         <size>0x48</size>
         <input_file_ref idref="fl-148"/>
      </object_component>
      <object_component id="oc-313">
         <name>.text</name>
         <load_address>0x786c</load_address>
         <run_address>0x786c</run_address>
         <size>0x48</size>
         <input_file_ref idref="fl-152"/>
      </object_component>
      <object_component id="oc-2c5">
         <name>.text:_ADCIntNumberGet</name>
         <load_address>0x78b4</load_address>
         <run_address>0x78b4</run_address>
         <size>0x44</size>
         <input_file_ref idref="fl-174"/>
      </object_component>
      <object_component id="oc-6a">
         <name>.text</name>
         <load_address>0x78f8</load_address>
         <run_address>0x78f8</run_address>
         <size>0x44</size>
         <input_file_ref idref="fl-143"/>
      </object_component>
      <object_component id="oc-182">
         <name>.text:EEPROMInit</name>
         <load_address>0x793c</load_address>
         <run_address>0x793c</run_address>
         <size>0x40</size>
         <input_file_ref idref="fl-172"/>
      </object_component>
      <object_component id="oc-2dd">
         <name>.text:UARTConfigSetExpClk</name>
         <load_address>0x797c</load_address>
         <run_address>0x797c</run_address>
         <size>0x40</size>
         <input_file_ref idref="fl-16b"/>
      </object_component>
      <object_component id="oc-375">
         <name>.text:_GPIOIntNumberGet</name>
         <load_address>0x79bc</load_address>
         <run_address>0x79bc</run_address>
         <size>0x40</size>
         <input_file_ref idref="fl-171"/>
      </object_component>
      <object_component id="oc-3dc">
         <name>.text:_UARTIntNumberGet</name>
         <load_address>0x79fc</load_address>
         <run_address>0x79fc</run_address>
         <size>0x40</size>
         <input_file_ref idref="fl-16b"/>
      </object_component>
      <object_component id="oc-518">
         <name>.text</name>
         <load_address>0x7a3c</load_address>
         <run_address>0x7a3c</run_address>
         <size>0x40</size>
         <input_file_ref idref="fl-169"/>
      </object_component>
      <object_component id="oc-148">
         <name>.text</name>
         <load_address>0x7a7c</load_address>
         <run_address>0x7a7c</run_address>
         <size>0x38</size>
         <input_file_ref idref="fl-14a"/>
      </object_component>
      <object_component id="oc-28d">
         <name>.text:IntRegister</name>
         <load_address>0x7ab4</load_address>
         <run_address>0x7ab4</run_address>
         <size>0x34</size>
         <input_file_ref idref="fl-170"/>
      </object_component>
      <object_component id="oc-17c">
         <name>.text:SysCtlPeripheralEnable</name>
         <load_address>0x7ae8</load_address>
         <run_address>0x7ae8</run_address>
         <size>0x34</size>
         <input_file_ref idref="fl-16e"/>
      </object_component>
      <object_component id="oc-4e4">
         <name>.text</name>
         <load_address>0x7b1c</load_address>
         <run_address>0x7b1c</run_address>
         <size>0x34</size>
         <input_file_ref idref="fl-167"/>
      </object_component>
      <object_component id="oc-46d">
         <name>.text</name>
         <load_address>0x7b50</load_address>
         <run_address>0x7b50</run_address>
         <size>0x30</size>
         <input_file_ref idref="fl-161"/>
      </object_component>
      <object_component id="oc-4b5">
         <name>.text</name>
         <load_address>0x7b80</load_address>
         <run_address>0x7b80</run_address>
         <size>0x30</size>
         <input_file_ref idref="fl-164"/>
      </object_component>
      <object_component id="oc-138">
         <name>.text</name>
         <load_address>0x7bb0</load_address>
         <run_address>0x7bb0</run_address>
         <size>0x2e</size>
         <input_file_ref idref="fl-14b"/>
      </object_component>
      <object_component id="oc-508">
         <name>.text</name>
         <load_address>0x7bde</load_address>
         <run_address>0x7bde</run_address>
         <size>0x2e</size>
         <input_file_ref idref="fl-168"/>
      </object_component>
      <object_component id="oc-3c1">
         <name>.text:GPIODirModeSet</name>
         <load_address>0x7c0c</load_address>
         <run_address>0x7c0c</run_address>
         <size>0x2a</size>
         <input_file_ref idref="fl-171"/>
      </object_component>
      <object_component id="oc-45b">
         <name>.text</name>
         <load_address>0x7c36</load_address>
         <run_address>0x7c36</run_address>
         <size>0x2a</size>
         <input_file_ref idref="fl-15a"/>
      </object_component>
      <object_component id="oc-167">
         <name>.text:SysTickIntRegister</name>
         <load_address>0x7c60</load_address>
         <run_address>0x7c60</run_address>
         <size>0x1c</size>
         <input_file_ref idref="fl-16d"/>
      </object_component>
      <object_component id="oc-3ce">
         <name>.text:UARTDisable</name>
         <load_address>0x7c7c</load_address>
         <run_address>0x7c7c</run_address>
         <size>0x1c</size>
         <input_file_ref idref="fl-16b"/>
      </object_component>
      <object_component id="oc-473">
         <name>.text</name>
         <load_address>0x7c98</load_address>
         <run_address>0x7c98</run_address>
         <size>0x1c</size>
         <input_file_ref idref="fl-15e"/>
      </object_component>
      <object_component id="oc-1aa">
         <name>.text:ADCIntRegister</name>
         <load_address>0x7cb4</load_address>
         <run_address>0x7cb4</run_address>
         <size>0x18</size>
         <input_file_ref idref="fl-174"/>
      </object_component>
      <object_component id="oc-23c">
         <name>.text:GPIOIntRegister</name>
         <load_address>0x7ccc</load_address>
         <run_address>0x7ccc</run_address>
         <size>0x18</size>
         <input_file_ref idref="fl-171"/>
      </object_component>
      <object_component id="oc-19d">
         <name>.text:QEIIntRegister</name>
         <load_address>0x7ce4</load_address>
         <run_address>0x7ce4</run_address>
         <size>0x18</size>
         <input_file_ref idref="fl-16f"/>
      </object_component>
      <object_component id="oc-1c9">
         <name>.text:TimerIntRegister</name>
         <load_address>0x7cfc</load_address>
         <run_address>0x7cfc</run_address>
         <size>0x18</size>
         <input_file_ref idref="fl-16c"/>
      </object_component>
      <object_component id="oc-2e3">
         <name>.text:UARTIntRegister</name>
         <load_address>0x7d14</load_address>
         <run_address>0x7d14</run_address>
         <size>0x18</size>
         <input_file_ref idref="fl-16b"/>
      </object_component>
      <object_component id="oc-64">
         <name>.text</name>
         <load_address>0x7d2c</load_address>
         <run_address>0x7d2c</run_address>
         <size>0x18</size>
         <input_file_ref idref="fl-155"/>
      </object_component>
      <object_component id="oc-467">
         <name>.text</name>
         <load_address>0x7d44</load_address>
         <run_address>0x7d44</run_address>
         <size>0x16</size>
         <input_file_ref idref="fl-15f"/>
      </object_component>
      <object_component id="oc-3d4">
         <name>.text:UARTEnable</name>
         <load_address>0x7d5a</load_address>
         <run_address>0x7d5a</run_address>
         <size>0x14</size>
         <input_file_ref idref="fl-16b"/>
      </object_component>
      <object_component id="oc-11d">
         <name>.text</name>
         <load_address>0x7d70</load_address>
         <run_address>0x7d70</run_address>
         <size>0x14</size>
         <input_file_ref idref="fl-153"/>
      </object_component>
      <object_component id="oc-319">
         <name>.text</name>
         <load_address>0x7d84</load_address>
         <run_address>0x7d84</run_address>
         <size>0x14</size>
         <input_file_ref idref="fl-150"/>
      </object_component>
      <object_component id="oc-2d7">
         <name>.text:GPIOPinTypeUART</name>
         <load_address>0x7d98</load_address>
         <run_address>0x7d98</run_address>
         <size>0x12</size>
         <input_file_ref idref="fl-171"/>
      </object_component>
      <object_component id="oc-2a0">
         <name>.text:_EEPROMWaitForDone</name>
         <load_address>0x7dac</load_address>
         <run_address>0x7dac</run_address>
         <size>0x10</size>
         <input_file_ref idref="fl-172"/>
      </object_component>
      <object_component id="oc-24e">
         <name>.text:GPIOIntStatus</name>
         <load_address>0x7dbc</load_address>
         <run_address>0x7dbc</run_address>
         <size>0xe</size>
         <input_file_ref idref="fl-171"/>
      </object_component>
      <object_component id="oc-301">
         <name>.text:UARTCharPutNonBlocking</name>
         <load_address>0x7dca</load_address>
         <run_address>0x7dca</run_address>
         <size>0xe</size>
         <input_file_ref idref="fl-16b"/>
      </object_component>
      <object_component id="oc-12">
         <name>.text:decompress:none</name>
         <load_address>0x7dd8</load_address>
         <run_address>0x7dd8</run_address>
         <size>0xe</size>
         <input_file_ref idref="fl-140"/>
      </object_component>
      <object_component id="oc-295">
         <name>.text:CPUcpsid</name>
         <load_address>0x7de6</load_address>
         <run_address>0x7de6</run_address>
         <size>0xc</size>
         <input_file_ref idref="fl-173"/>
      </object_component>
      <object_component id="oc-242">
         <name>.text:GPIOIntEnable</name>
         <load_address>0x7df2</load_address>
         <run_address>0x7df2</run_address>
         <size>0xc</size>
         <input_file_ref idref="fl-171"/>
      </object_component>
      <object_component id="oc-30d">
         <name>.text:UARTCharsAvail</name>
         <load_address>0x7dfe</load_address>
         <run_address>0x7dfe</run_address>
         <size>0xc</size>
         <input_file_ref idref="fl-16b"/>
      </object_component>
      <object_component id="oc-2ef">
         <name>.text:UARTTxIntModeSet</name>
         <load_address>0x7e0a</load_address>
         <run_address>0x7e0a</run_address>
         <size>0xc</size>
         <input_file_ref idref="fl-16b"/>
      </object_component>
      <object_component id="oc-1e">
         <name>.text:decompress:ZI</name>
         <load_address>0x7e16</load_address>
         <run_address>0x7e16</run_address>
         <size>0xc</size>
         <input_file_ref idref="fl-142"/>
      </object_component>
      <object_component id="oc-2a">
         <name>.text</name>
         <load_address>0x7e22</load_address>
         <run_address>0x7e22</run_address>
         <size>0xc</size>
         <input_file_ref idref="fl-4"/>
      </object_component>
      <object_component id="oc-132">
         <name>.text</name>
         <load_address>0x7e2e</load_address>
         <run_address>0x7e2e</run_address>
         <size>0xa</size>
         <input_file_ref idref="fl-8"/>
      </object_component>
      <object_component id="oc-16d">
         <name>.text:IntMasterDisable</name>
         <load_address>0x7e38</load_address>
         <run_address>0x7e38</run_address>
         <size>0xa</size>
         <input_file_ref idref="fl-170"/>
      </object_component>
      <object_component id="oc-307">
         <name>.text:UARTCharGet</name>
         <load_address>0x7e42</load_address>
         <run_address>0x7e42</run_address>
         <size>0xa</size>
         <input_file_ref idref="fl-16b"/>
      </object_component>
      <object_component id="oc-2f5">
         <name>.text:UARTIntStatus</name>
         <load_address>0x7e4c</load_address>
         <run_address>0x7e4c</run_address>
         <size>0xa</size>
         <input_file_ref idref="fl-16b"/>
      </object_component>
      <object_component id="oc-2e9">
         <name>.text:UARTIntEnable</name>
         <load_address>0x7e56</load_address>
         <run_address>0x7e56</run_address>
         <size>0x8</size>
         <input_file_ref idref="fl-16b"/>
      </object_component>
      <object_component id="oc-248">
         <name>.text:GPIOIntClear</name>
         <load_address>0x7e5e</load_address>
         <run_address>0x7e5e</run_address>
         <size>0x6</size>
         <input_file_ref idref="fl-171"/>
      </object_component>
      <object_component id="oc-c9">
         <name>.text:GPIOPinRead</name>
         <load_address>0x7e64</load_address>
         <run_address>0x7e64</run_address>
         <size>0x6</size>
         <input_file_ref idref="fl-171"/>
      </object_component>
      <object_component id="oc-e1">
         <name>.text:SysCtlDelay</name>
         <load_address>0x7e6a</load_address>
         <run_address>0x7e6a</run_address>
         <size>0x6</size>
         <input_file_ref idref="fl-16e"/>
      </object_component>
      <object_component id="oc-18">
         <name>.text:decompress:rle24</name>
         <load_address>0x7e70</load_address>
         <run_address>0x7e70</run_address>
         <size>0x6</size>
         <input_file_ref idref="fl-141"/>
      </object_component>
      <object_component id="oc-2fb">
         <name>.text:UARTIntClear</name>
         <load_address>0x7e76</load_address>
         <run_address>0x7e76</run_address>
         <size>0x4</size>
         <input_file_ref idref="fl-16b"/>
      </object_component>
      <object_component id="oc-58">
         <name>.text</name>
         <load_address>0x7e7a</load_address>
         <run_address>0x7e7a</run_address>
         <size>0x4</size>
         <input_file_ref idref="fl-14e"/>
      </object_component>
      <object_component id="oc-4c3">
         <name>.const:.string:_ctypes_</name>
         <load_address>0x7e80</load_address>
         <run_address>0x7e80</run_address>
         <size>0x101</size>
         <input_file_ref idref="fl-159"/>
      </object_component>
      <object_component id="oc-41e">
         <name>.const:g_ppui32GPIOIntMapBlizzard</name>
         <load_address>0x7f84</load_address>
         <run_address>0x7f84</run_address>
         <size>0xc0</size>
         <input_file_ref idref="fl-171"/>
      </object_component>
      <object_component id="oc-421">
         <name>.const:g_ppui32GPIOIntMapSnowflake</name>
         <load_address>0x8044</load_address>
         <run_address>0x8044</run_address>
         <size>0xc0</size>
         <input_file_ref idref="fl-171"/>
      </object_component>
      <object_component id="oc-3bd">
         <name>.const:g_pui32GPIOBaseAddrs</name>
         <load_address>0x8104</load_address>
         <run_address>0x8104</run_address>
         <size>0x90</size>
         <input_file_ref idref="fl-171"/>
      </object_component>
      <object_component id="oc-3b4">
         <name>.const</name>
         <load_address>0x8194</load_address>
         <run_address>0x8194</run_address>
         <size>0x70</size>
         <input_file_ref idref="fl-170"/>
      </object_component>
      <object_component id="oc-199">
         <name>.const:g_pui32Xtals</name>
         <load_address>0x8204</load_address>
         <run_address>0x8204</run_address>
         <size>0x6c</size>
         <input_file_ref idref="fl-16e"/>
      </object_component>
      <object_component id="oc-403">
         <name>.const:g_ppui32TimerIntMap</name>
         <load_address>0x8270</load_address>
         <run_address>0x8270</run_address>
         <size>0x60</size>
         <input_file_ref idref="fl-16c"/>
      </object_component>
      <object_component id="oc-406">
         <name>.const:g_ppui32TimerIntMapSnowflake</name>
         <load_address>0x82d0</load_address>
         <run_address>0x82d0</run_address>
         <size>0x40</size>
         <input_file_ref idref="fl-16c"/>
      </object_component>
      <object_component id="oc-449">
         <name>.const:g_ppui32UARTIntMap</name>
         <load_address>0x8310</load_address>
         <run_address>0x8310</run_address>
         <size>0x40</size>
         <input_file_ref idref="fl-16b"/>
      </object_component>
      <object_component id="oc-44c">
         <name>.const:g_ppui32UARTIntMapSnowflake</name>
         <load_address>0x8350</load_address>
         <run_address>0x8350</run_address>
         <size>0x40</size>
         <input_file_ref idref="fl-16b"/>
      </object_component>
      <object_component id="oc-22c">
         <name>.const</name>
         <load_address>0x8390</load_address>
         <run_address>0x8390</run_address>
         <size>0x20</size>
         <input_file_ref idref="fl-13"/>
      </object_component>
      <object_component id="oc-425">
         <name>.const</name>
         <load_address>0x83b0</load_address>
         <run_address>0x83b0</run_address>
         <size>0x4</size>
         <input_file_ref idref="fl-c"/>
      </object_component>
      <object_component id="oc-55f">
         <name>.cinit..data.load</name>
         <load_address>0x83b8</load_address>
         <run_address>0x83b8</run_address>
         <size>0x148</size>
      </object_component>
      <object_component id="oc-55c">
         <name>__TI_handler_table</name>
         <load_address>0x8500</load_address>
         <run_address>0x8500</run_address>
         <size>0xc</size>
      </object_component>
      <object_component id="oc-560">
         <name>.cinit..bss.load</name>
         <load_address>0x8510</load_address>
         <run_address>0x8510</run_address>
         <size>0x8</size>
      </object_component>
      <object_component id="oc-55e">
         <name>.cinit..vtable.load</name>
         <load_address>0x8518</load_address>
         <run_address>0x8518</run_address>
         <size>0x8</size>
      </object_component>
      <object_component id="oc-55d">
         <name>__TI_cinit_table</name>
         <load_address>0x8520</load_address>
         <run_address>0x8520</run_address>
         <size>0x18</size>
      </object_component>
      <object_component id="oc-3a2">
         <name>.vtable</name>
         <uninitialized>true</uninitialized>
         <run_address>0x20000000</run_address>
         <size>0x26c</size>
         <input_file_ref idref="fl-170"/>
      </object_component>
      <object_component id="oc-29">
         <name>.stack</name>
         <uninitialized>true</uninitialized>
         <run_address>0x200013fc</run_address>
         <size>0x0</size>
         <input_file_ref idref="fl-13f"/>
      </object_component>
      <object_component id="oc-561">
         <name>.stack</name>
         <uninitialized>true</uninitialized>
         <run_address>0x200013fc</run_address>
         <size>0x0</size>
      </object_component>
      <object_component id="oc-1cf">
         <name>.bss:timer_event_list</name>
         <uninitialized>true</uninitialized>
         <run_address>0x20001278</run_address>
         <size>0x50</size>
         <input_file_ref idref="fl-7"/>
      </object_component>
      <object_component id="oc-215">
         <name>.bss:HostComm_RxBuf</name>
         <uninitialized>true</uninitialized>
         <run_address>0x20000e28</run_address>
         <size>0x400</size>
         <input_file_ref idref="fl-11"/>
      </object_component>
      <object_component id="oc-211">
         <name>.bss:hostcom_event_list</name>
         <uninitialized>true</uninitialized>
         <run_address>0x20001228</run_address>
         <size>0x50</size>
         <input_file_ref idref="fl-11"/>
      </object_component>
      <object_component id="oc-32b">
         <name>.bss:rxBuffer</name>
         <uninitialized>true</uninitialized>
         <run_address>0x20000270</run_address>
         <size>0x5dc</size>
         <input_file_ref idref="fl-15"/>
      </object_component>
      <object_component id="oc-323">
         <name>.bss:txBuffer</name>
         <uninitialized>true</uninitialized>
         <run_address>0x2000084c</run_address>
         <size>0x5dc</size>
         <input_file_ref idref="fl-15"/>
      </object_component>
      <object_component id="oc-203">
         <name>.common:leftError</name>
         <uninitialized>true</uninitialized>
         <run_address>0x200013a0</run_address>
         <size>0x4</size>
      </object_component>
      <object_component id="oc-204">
         <name>.common:rightError</name>
         <uninitialized>true</uninitialized>
         <run_address>0x200013b0</run_address>
         <size>0x4</size>
      </object_component>
      <object_component id="oc-1df">
         <name>.common:avrSpeed</name>
         <uninitialized>true</uninitialized>
         <run_address>0x20001388</run_address>
         <size>0x4</size>
      </object_component>
      <object_component id="oc-200">
         <name>.common:avrSpeedTmp</name>
         <uninitialized>true</uninitialized>
         <run_address>0x2000138c</run_address>
         <size>0x4</size>
      </object_component>
      <object_component id="oc-20a">
         <name>.common:fwdPulse</name>
         <uninitialized>true</uninitialized>
         <run_address>0x20001394</run_address>
         <size>0x4</size>
      </object_component>
      <object_component id="oc-1e8">
         <name>.common:isWallLeft</name>
         <uninitialized>true</uninitialized>
         <run_address>0x200013f7</run_address>
         <size>0x1</size>
      </object_component>
      <object_component id="oc-1e7">
         <name>.common:isWallRight</name>
         <uninitialized>true</uninitialized>
         <run_address>0x200013f8</run_address>
         <size>0x1</size>
      </object_component>
      <object_component id="oc-201">
         <name>.common:isWallFrontLeft</name>
         <uninitialized>true</uninitialized>
         <run_address>0x200013f5</run_address>
         <size>0x1</size>
      </object_component>
      <object_component id="oc-202">
         <name>.common:isWallFrontRight</name>
         <uninitialized>true</uninitialized>
         <run_address>0x200013f6</run_address>
         <size>0x1</size>
      </object_component>
      <object_component id="oc-208">
         <name>.common:isWallFront</name>
         <uninitialized>true</uninitialized>
         <run_address>0x200013f4</run_address>
         <size>0x1</size>
      </object_component>
      <object_component id="oc-1e5">
         <name>.common:error$1</name>
         <uninitialized>true</uninitialized>
         <run_address>0x20001390</run_address>
         <size>0x4</size>
      </object_component>
      <object_component id="oc-1e6">
         <name>.common:u$2</name>
         <uninitialized>true</uninitialized>
         <run_address>0x200013d0</run_address>
         <size>0x4</size>
      </object_component>
      <object_component id="oc-1ec">
         <name>.common:origLeft$5</name>
         <uninitialized>true</uninitialized>
         <run_address>0x200013a4</run_address>
         <size>0x4</size>
      </object_component>
      <object_component id="oc-1ed">
         <name>.common:origRight$6</name>
         <uninitialized>true</uninitialized>
         <run_address>0x200013a8</run_address>
         <size>0x4</size>
      </object_component>
      <object_component id="oc-1fe">
         <name>.common:vt$8</name>
         <uninitialized>true</uninitialized>
         <run_address>0x200013e0</run_address>
         <size>0x4</size>
      </object_component>
      <object_component id="oc-1ff">
         <name>.common:vp$9</name>
         <uninitialized>true</uninitialized>
         <run_address>0x200013d8</run_address>
         <size>0x4</size>
      </object_component>
      <object_component id="oc-206">
         <name>.common:vt$10</name>
         <uninitialized>true</uninitialized>
         <run_address>0x200013dc</run_address>
         <size>0x4</size>
      </object_component>
      <object_component id="oc-205">
         <name>.common:vp$11</name>
         <uninitialized>true</uninitialized>
         <run_address>0x200013d4</run_address>
         <size>0x4</size>
      </object_component>
      <object_component id="oc-209">
         <name>.common:i$12</name>
         <uninitialized>true</uninitialized>
         <run_address>0x20001398</run_address>
         <size>0x4</size>
      </object_component>
      <object_component id="oc-207">
         <name>.common:k$13</name>
         <uninitialized>true</uninitialized>
         <run_address>0x2000139c</run_address>
         <size>0x4</size>
      </object_component>
      <object_component id="oc-393">
         <name>.common:rtInf</name>
         <uninitialized>true</uninitialized>
         <run_address>0x20001368</run_address>
         <size>0x8</size>
      </object_component>
      <object_component id="oc-395">
         <name>.common:rtMinusInf</name>
         <uninitialized>true</uninitialized>
         <run_address>0x20001370</run_address>
         <size>0x8</size>
      </object_component>
      <object_component id="oc-38f">
         <name>.common:rtNaN</name>
         <uninitialized>true</uninitialized>
         <run_address>0x20001378</run_address>
         <size>0x8</size>
      </object_component>
      <object_component id="oc-394">
         <name>.common:rtInfF</name>
         <uninitialized>true</uninitialized>
         <run_address>0x200013b4</run_address>
         <size>0x4</size>
      </object_component>
      <object_component id="oc-396">
         <name>.common:rtMinusInfF</name>
         <uninitialized>true</uninitialized>
         <run_address>0x200013b8</run_address>
         <size>0x4</size>
      </object_component>
      <object_component id="oc-392">
         <name>.common:rtNaNF</name>
         <uninitialized>true</uninitialized>
         <run_address>0x200013bc</run_address>
         <size>0x4</size>
      </object_component>
      <object_component id="oc-156">
         <name>.common:Theta</name>
         <uninitialized>true</uninitialized>
         <run_address>0x200012c8</run_address>
         <size>0x20</size>
      </object_component>
      <object_component id="oc-159">
         <name>.common:Theta2</name>
         <uninitialized>true</uninitialized>
         <run_address>0x200012e8</run_address>
         <size>0x20</size>
      </object_component>
      <object_component id="oc-1a6">
         <name>.common:qei_velocity_timeout</name>
         <uninitialized>true</uninitialized>
         <run_address>0x200013ac</run_address>
         <size>0x4</size>
      </object_component>
      <object_component id="oc-1bd">
         <name>.common:ir_calib_values</name>
         <uninitialized>true</uninitialized>
         <run_address>0x20001308</run_address>
         <size>0x20</size>
      </object_component>
      <object_component id="oc-1b3">
         <name>.common:IR_Result</name>
         <uninitialized>true</uninitialized>
         <run_address>0x2000133c</run_address>
         <size>0x10</size>
      </object_component>
      <object_component id="oc-1b6">
         <name>.common:IR_ResultTmp</name>
         <uninitialized>true</uninitialized>
         <run_address>0x2000134c</run_address>
         <size>0x10</size>
      </object_component>
      <object_component id="oc-21b">
         <name>.common:rxHead</name>
         <uninitialized>true</uninitialized>
         <run_address>0x200013c8</run_address>
         <size>0x4</size>
      </object_component>
      <object_component id="oc-218">
         <name>.common:rxTail</name>
         <uninitialized>true</uninitialized>
         <run_address>0x200013cc</run_address>
         <size>0x4</size>
      </object_component>
      <object_component id="oc-21c">
         <name>.common:rxFrameStart</name>
         <uninitialized>true</uninitialized>
         <run_address>0x200013c4</run_address>
         <size>0x4</size>
      </object_component>
      <object_component id="oc-21d">
         <name>.common:rxFrameEnd</name>
         <uninitialized>true</uninitialized>
         <run_address>0x200013c0</run_address>
         <size>0x4</size>
      </object_component>
      <object_component id="oc-214">
         <name>.common:datalen$1</name>
         <uninitialized>true</uninitialized>
         <run_address>0x200013e4</run_address>
         <size>0x2</size>
      </object_component>
      <object_component id="oc-254">
         <name>.common:Button_right_callback</name>
         <uninitialized>true</uninitialized>
         <run_address>0x20001384</run_address>
         <size>0x4</size>
      </object_component>
      <object_component id="oc-257">
         <name>.common:Button_left_callback</name>
         <uninitialized>true</uninitialized>
         <run_address>0x20001380</run_address>
         <size>0x4</size>
      </object_component>
      <object_component id="oc-329">
         <name>.common:rxHead</name>
         <uninitialized>true</uninitialized>
         <run_address>0x200013e6</run_address>
         <size>0x2</size>
      </object_component>
      <object_component id="oc-32a">
         <name>.common:rxTail</name>
         <uninitialized>true</uninitialized>
         <run_address>0x200013e8</run_address>
         <size>0x2</size>
      </object_component>
      <object_component id="oc-322">
         <name>.common:txHead</name>
         <uninitialized>true</uninitialized>
         <run_address>0x200013ea</run_address>
         <size>0x2</size>
      </object_component>
      <object_component id="oc-31f">
         <name>.common:txTail</name>
         <uninitialized>true</uninitialized>
         <run_address>0x200013ec</run_address>
         <size>0x2</size>
      </object_component>
      <object_component id="oc-32f">
         <name>.common:hc05_SystemInfoType</name>
         <uninitialized>true</uninitialized>
         <run_address>0x200013f0</run_address>
         <size>0x1</size>
      </object_component>
      <object_component id="oc-330">
         <name>.common:hc05_SystemInfoID</name>
         <uninitialized>true</uninitialized>
         <run_address>0x200013ef</run_address>
         <size>0x1</size>
      </object_component>
      <object_component id="oc-335">
         <name>.common:hc05_Timer_ID</name>
         <uninitialized>true</uninitialized>
         <run_address>0x200013f1</run_address>
         <size>0x1</size>
      </object_component>
      <object_component id="oc-334">
         <name>.common:hc05_EvtQueue</name>
         <uninitialized>true</uninitialized>
         <run_address>0x2000135c</run_address>
         <size>0xc</size>
      </object_component>
      <object_component id="oc-333">
         <name>.common:hc05_evt_w_index</name>
         <uninitialized>true</uninitialized>
         <run_address>0x200013f3</run_address>
         <size>0x1</size>
      </object_component>
      <object_component id="oc-332">
         <name>.common:hc05_evt_r_index</name>
         <uninitialized>true</uninitialized>
         <run_address>0x200013f2</run_address>
         <size>0x1</size>
      </object_component>
      <object_component id="oc-331">
         <name>.common:hc05_IsEvtQueueFull</name>
         <uninitialized>true</uninitialized>
         <run_address>0x200013ee</run_address>
         <size>0x1</size>
      </object_component>
      <object_component id="oc-32e">
         <name>.common:HC05_Notify_Callbacks</name>
         <uninitialized>true</uninitialized>
         <run_address>0x20001328</run_address>
         <size>0x14</size>
      </object_component>
      <object_component id="oc-173">
         <name>.data</name>
         <load_address>0x20002800</load_address>
         <run_address>0x20002800</run_address>
         <size>0xc</size>
         <input_file_ref idref="fl-2"/>
      </object_component>
      <object_component id="oc-112">
         <name>.data</name>
         <load_address>0x2000283a</load_address>
         <run_address>0x2000283a</run_address>
         <size>0x1</size>
         <input_file_ref idref="fl-3"/>
      </object_component>
      <object_component id="oc-1d3">
         <name>.data</name>
         <load_address>0x200026c8</load_address>
         <run_address>0x200026c8</run_address>
         <size>0x3e</size>
         <input_file_ref idref="fl-6"/>
      </object_component>
      <object_component id="oc-1e2">
         <name>.data:pid_wall_right</name>
         <load_address>0x200027d8</load_address>
         <run_address>0x200027d8</run_address>
         <size>0x28</size>
         <input_file_ref idref="fl-6"/>
      </object_component>
      <object_component id="oc-1dc">
         <name>.data:pid_wall_left</name>
         <load_address>0x200027b0</load_address>
         <run_address>0x200027b0</run_address>
         <size>0x28</size>
         <input_file_ref idref="fl-6"/>
      </object_component>
      <object_component id="oc-1e9">
         <name>.data:pid_wall_both</name>
         <load_address>0x20002788</load_address>
         <run_address>0x20002788</run_address>
         <size>0x28</size>
         <input_file_ref idref="fl-6"/>
      </object_component>
      <object_component id="oc-1ee">
         <name>.data:pid_posLeft</name>
         <load_address>0x20002738</load_address>
         <run_address>0x20002738</run_address>
         <size>0x28</size>
         <input_file_ref idref="fl-6"/>
      </object_component>
      <object_component id="oc-1f1">
         <name>.data:pid_posRight</name>
         <load_address>0x20002760</load_address>
         <run_address>0x20002760</run_address>
         <size>0x28</size>
         <input_file_ref idref="fl-6"/>
      </object_component>
      <object_component id="oc-273">
         <name>.data</name>
         <load_address>0x20002708</load_address>
         <run_address>0x20002708</run_address>
         <size>0x30</size>
         <input_file_ref idref="fl-9"/>
      </object_component>
      <object_component id="oc-27d">
         <name>.data</name>
         <load_address>0x20002688</load_address>
         <run_address>0x20002688</run_address>
         <size>0x40</size>
         <input_file_ref idref="fl-a"/>
      </object_component>
      <object_component id="oc-27e">
         <name>.data:P_$3</name>
         <load_address>0x200024b0</load_address>
         <run_address>0x200024b0</run_address>
         <size>0x80</size>
         <input_file_ref idref="fl-a"/>
      </object_component>
      <object_component id="oc-27f">
         <name>.data:P_$6</name>
         <load_address>0x20002530</load_address>
         <run_address>0x20002530</run_address>
         <size>0x80</size>
         <input_file_ref idref="fl-a"/>
      </object_component>
      <object_component id="oc-153">
         <name>.data</name>
         <load_address>0x20002630</load_address>
         <run_address>0x20002630</run_address>
         <size>0x55</size>
         <input_file_ref idref="fl-e"/>
      </object_component>
      <object_component id="oc-1a3">
         <name>.data</name>
         <load_address>0x2000280c</load_address>
         <run_address>0x2000280c</run_address>
         <size>0x8</size>
         <input_file_ref idref="fl-f"/>
      </object_component>
      <object_component id="oc-1b0">
         <name>.data</name>
         <load_address>0x20002706</load_address>
         <run_address>0x20002706</run_address>
         <size>0x2</size>
         <input_file_ref idref="fl-10"/>
      </object_component>
      <object_component id="oc-21e">
         <name>.data</name>
         <load_address>0x20002687</load_address>
         <run_address>0x20002687</run_address>
         <size>0x1</size>
         <input_file_ref idref="fl-11"/>
      </object_component>
      <object_component id="oc-22f">
         <name>.data</name>
         <load_address>0x20002831</load_address>
         <run_address>0x20002831</run_address>
         <size>0x5</size>
         <input_file_ref idref="fl-13"/>
      </object_component>
      <object_component id="oc-258">
         <name>.data</name>
         <load_address>0x20002685</load_address>
         <run_address>0x20002685</run_address>
         <size>0x2</size>
         <input_file_ref idref="fl-14"/>
      </object_component>
      <object_component id="oc-326">
         <name>.data</name>
         <load_address>0x20002836</load_address>
         <run_address>0x20002836</run_address>
         <size>0x4</size>
         <input_file_ref idref="fl-15"/>
      </object_component>
      <object_component id="oc-238">
         <name>.data</name>
         <load_address>0x2000282c</load_address>
         <run_address>0x2000282c</run_address>
         <size>0x5</size>
         <input_file_ref idref="fl-18"/>
      </object_component>
      <object_component id="oc-a8">
         <name>.data</name>
         <load_address>0x2000281c</load_address>
         <run_address>0x2000281c</run_address>
         <size>0x8</size>
         <input_file_ref idref="fl-143"/>
      </object_component>
      <object_component id="oc-70">
         <name>.data</name>
         <load_address>0x20002840</load_address>
         <run_address>0x20002840</run_address>
         <size>0x4</size>
         <input_file_ref idref="fl-14f"/>
      </object_component>
      <object_component id="oc-a5">
         <name>.data</name>
         <load_address>0x20002814</load_address>
         <run_address>0x20002814</run_address>
         <size>0x8</size>
         <input_file_ref idref="fl-153"/>
      </object_component>
      <object_component id="oc-4df">
         <name>.data</name>
         <load_address>0x200025b0</load_address>
         <run_address>0x200025b0</run_address>
         <size>0x80</size>
         <input_file_ref idref="fl-165"/>
      </object_component>
      <object_component id="oc-4ea">
         <name>.data</name>
         <load_address>0x2000283c</load_address>
         <run_address>0x2000283c</run_address>
         <size>0x4</size>
         <input_file_ref idref="fl-166"/>
      </object_component>
      <object_component id="oc-50e">
         <name>.data</name>
         <load_address>0x20002824</load_address>
         <run_address>0x20002824</run_address>
         <size>0x8</size>
         <input_file_ref idref="fl-167"/>
      </object_component>
      <object_component id="oc-529">
         <name>.data:sigtable</name>
         <load_address>0x20002400</load_address>
         <run_address>0x20002400</run_address>
         <size>0xb0</size>
         <input_file_ref idref="fl-169"/>
      </object_component>
      <object_component id="oc-33c">
         <name>.debug_info</name>
         <load_address>0x0</load_address>
         <run_address>0x0</run_address>
         <size>0x28d</size>
         <input_file_ref idref="fl-2"/>
      </object_component>
      <object_component id="oc-174">
         <name>.debug_info</name>
         <load_address>0x28d</load_address>
         <run_address>0x28d</run_address>
         <size>0x121</size>
         <input_file_ref idref="fl-2"/>
      </object_component>
      <object_component id="oc-d0">
         <name>.debug_info</name>
         <load_address>0x3ae</load_address>
         <run_address>0x3ae</run_address>
         <size>0x700</size>
         <input_file_ref idref="fl-2"/>
      </object_component>
      <object_component id="oc-177">
         <name>.debug_info</name>
         <load_address>0xaae</load_address>
         <run_address>0xaae</run_address>
         <size>0x99</size>
         <input_file_ref idref="fl-2"/>
      </object_component>
      <object_component id="oc-1bf">
         <name>.debug_info</name>
         <load_address>0xb47</load_address>
         <run_address>0xb47</run_address>
         <size>0x147</size>
         <input_file_ref idref="fl-2"/>
      </object_component>
      <object_component id="oc-222">
         <name>.debug_info</name>
         <load_address>0xc8e</load_address>
         <run_address>0xc8e</run_address>
         <size>0x14a</size>
         <input_file_ref idref="fl-2"/>
      </object_component>
      <object_component id="oc-25c">
         <name>.debug_info</name>
         <load_address>0xdd8</load_address>
         <run_address>0xdd8</run_address>
         <size>0x51</size>
         <input_file_ref idref="fl-2"/>
      </object_component>
      <object_component id="oc-15b">
         <name>.debug_info</name>
         <load_address>0xe29</load_address>
         <run_address>0xe29</run_address>
         <size>0x48</size>
         <input_file_ref idref="fl-2"/>
      </object_component>
      <object_component id="oc-20c">
         <name>.debug_info</name>
         <load_address>0xe71</load_address>
         <run_address>0xe71</run_address>
         <size>0xeb</size>
         <input_file_ref idref="fl-2"/>
      </object_component>
      <object_component id="oc-227">
         <name>.debug_info</name>
         <load_address>0xf5c</load_address>
         <run_address>0xf5c</run_address>
         <size>0x158</size>
         <input_file_ref idref="fl-2"/>
      </object_component>
      <object_component id="oc-275">
         <name>.debug_info</name>
         <load_address>0x10b4</load_address>
         <run_address>0x10b4</run_address>
         <size>0x326</size>
         <input_file_ref idref="fl-2"/>
      </object_component>
      <object_component id="oc-42e">
         <name>.debug_info</name>
         <load_address>0x13da</load_address>
         <run_address>0x13da</run_address>
         <size>0x136</size>
         <input_file_ref idref="fl-2"/>
      </object_component>
      <object_component id="oc-34e">
         <name>.debug_info</name>
         <load_address>0x1510</load_address>
         <run_address>0x1510</run_address>
         <size>0xfe</size>
         <input_file_ref idref="fl-2"/>
      </object_component>
      <object_component id="oc-417">
         <name>.debug_info</name>
         <load_address>0x160e</load_address>
         <run_address>0x160e</run_address>
         <size>0x5e</size>
         <input_file_ref idref="fl-2"/>
      </object_component>
      <object_component id="oc-b0">
         <name>.debug_info</name>
         <load_address>0x166c</load_address>
         <run_address>0x166c</run_address>
         <size>0x8b</size>
         <input_file_ref idref="fl-2"/>
      </object_component>
      <object_component id="oc-1c4">
         <name>.debug_info</name>
         <load_address>0x16f7</load_address>
         <run_address>0x16f7</run_address>
         <size>0x39</size>
         <input_file_ref idref="fl-2"/>
      </object_component>
      <object_component id="oc-7c">
         <name>.debug_info</name>
         <load_address>0x1730</load_address>
         <run_address>0x1730</run_address>
         <size>0x18b</size>
         <input_file_ref idref="fl-2"/>
      </object_component>
      <object_component id="oc-8c">
         <name>.debug_info</name>
         <load_address>0x18bb</load_address>
         <run_address>0x18bb</run_address>
         <size>0x2c</size>
         <input_file_ref idref="fl-2"/>
      </object_component>
      <object_component id="oc-337">
         <name>.debug_info</name>
         <load_address>0x18e7</load_address>
         <run_address>0x18e7</run_address>
         <size>0x4e</size>
         <input_file_ref idref="fl-2"/>
      </object_component>
      <object_component id="oc-113">
         <name>.debug_info</name>
         <load_address>0x1935</load_address>
         <run_address>0x1935</run_address>
         <size>0xcc</size>
         <input_file_ref idref="fl-3"/>
      </object_component>
      <object_component id="oc-9e">
         <name>.debug_info</name>
         <load_address>0x1a01</load_address>
         <run_address>0x1a01</run_address>
         <size>0x6d3</size>
         <input_file_ref idref="fl-3"/>
      </object_component>
      <object_component id="oc-32">
         <name>.debug_info</name>
         <load_address>0x20d4</load_address>
         <run_address>0x20d4</run_address>
         <size>0xec</size>
         <input_file_ref idref="fl-4"/>
      </object_component>
      <object_component id="oc-10">
         <name>.debug_info</name>
         <load_address>0x21c0</load_address>
         <run_address>0x21c0</run_address>
         <size>0xd1</size>
         <input_file_ref idref="fl-4"/>
      </object_component>
      <object_component id="oc-2b">
         <name>.debug_info</name>
         <load_address>0x2291</load_address>
         <run_address>0x2291</run_address>
         <size>0x1e5</size>
         <input_file_ref idref="fl-4"/>
      </object_component>
      <object_component id="oc-77">
         <name>.debug_info</name>
         <load_address>0x2476</load_address>
         <run_address>0x2476</run_address>
         <size>0x84</size>
         <input_file_ref idref="fl-4"/>
      </object_component>
      <object_component id="oc-34b">
         <name>.debug_info</name>
         <load_address>0x24fa</load_address>
         <run_address>0x24fa</run_address>
         <size>0x197</size>
         <input_file_ref idref="fl-5"/>
      </object_component>
      <object_component id="oc-1d7">
         <name>.debug_info</name>
         <load_address>0x2691</load_address>
         <run_address>0x2691</run_address>
         <size>0x325</size>
         <input_file_ref idref="fl-5"/>
      </object_component>
      <object_component id="oc-1e0">
         <name>.debug_info</name>
         <load_address>0x29b6</load_address>
         <run_address>0x29b6</run_address>
         <size>0x609</size>
         <input_file_ref idref="fl-6"/>
      </object_component>
      <object_component id="oc-1d4">
         <name>.debug_info</name>
         <load_address>0x2fbf</load_address>
         <run_address>0x2fbf</run_address>
         <size>0x310</size>
         <input_file_ref idref="fl-6"/>
      </object_component>
      <object_component id="oc-1e3">
         <name>.debug_info</name>
         <load_address>0x32cf</load_address>
         <run_address>0x32cf</run_address>
         <size>0xdf</size>
         <input_file_ref idref="fl-6"/>
      </object_component>
      <object_component id="oc-1dd">
         <name>.debug_info</name>
         <load_address>0x33ae</load_address>
         <run_address>0x33ae</run_address>
         <size>0xdd</size>
         <input_file_ref idref="fl-6"/>
      </object_component>
      <object_component id="oc-1ea">
         <name>.debug_info</name>
         <load_address>0x348b</load_address>
         <run_address>0x348b</run_address>
         <size>0xdd</size>
         <input_file_ref idref="fl-6"/>
      </object_component>
      <object_component id="oc-1ef">
         <name>.debug_info</name>
         <load_address>0x3568</load_address>
         <run_address>0x3568</run_address>
         <size>0xd9</size>
         <input_file_ref idref="fl-6"/>
      </object_component>
      <object_component id="oc-1f2">
         <name>.debug_info</name>
         <load_address>0x3641</load_address>
         <run_address>0x3641</run_address>
         <size>0xdb</size>
         <input_file_ref idref="fl-6"/>
      </object_component>
      <object_component id="oc-f5">
         <name>.debug_info</name>
         <load_address>0x371c</load_address>
         <run_address>0x371c</run_address>
         <size>0x22a1</size>
         <input_file_ref idref="fl-6"/>
      </object_component>
      <object_component id="oc-347">
         <name>.debug_info</name>
         <load_address>0x59bd</load_address>
         <run_address>0x59bd</run_address>
         <size>0x1d9</size>
         <input_file_ref idref="fl-7"/>
      </object_component>
      <object_component id="oc-1d0">
         <name>.debug_info</name>
         <load_address>0x5b96</load_address>
         <run_address>0x5b96</run_address>
         <size>0xd8</size>
         <input_file_ref idref="fl-7"/>
      </object_component>
      <object_component id="oc-ef">
         <name>.debug_info</name>
         <load_address>0x5c6e</load_address>
         <run_address>0x5c6e</run_address>
         <size>0x33f</size>
         <input_file_ref idref="fl-7"/>
      </object_component>
      <object_component id="oc-40e">
         <name>.debug_info</name>
         <load_address>0x5fad</load_address>
         <run_address>0x5fad</run_address>
         <size>0x6b</size>
         <input_file_ref idref="fl-7"/>
      </object_component>
      <object_component id="oc-133">
         <name>.debug_info</name>
         <load_address>0x6018</load_address>
         <run_address>0x6018</run_address>
         <size>0x14d</size>
         <input_file_ref idref="fl-8"/>
      </object_component>
      <object_component id="oc-398">
         <name>.debug_info</name>
         <load_address>0x6165</load_address>
         <run_address>0x6165</run_address>
         <size>0x46</size>
         <input_file_ref idref="fl-8"/>
      </object_component>
      <object_component id="oc-27a">
         <name>.debug_info</name>
         <load_address>0x61ab</load_address>
         <run_address>0x61ab</run_address>
         <size>0x166</size>
         <input_file_ref idref="fl-9"/>
      </object_component>
      <object_component id="oc-13e">
         <name>.debug_info</name>
         <load_address>0x6311</load_address>
         <run_address>0x6311</run_address>
         <size>0x583</size>
         <input_file_ref idref="fl-9"/>
      </object_component>
      <object_component id="oc-281">
         <name>.debug_info</name>
         <load_address>0x6894</load_address>
         <run_address>0x6894</run_address>
         <size>0x19f</size>
         <input_file_ref idref="fl-a"/>
      </object_component>
      <object_component id="oc-14e">
         <name>.debug_info</name>
         <load_address>0x6a33</load_address>
         <run_address>0x6a33</run_address>
         <size>0x82d</size>
         <input_file_ref idref="fl-a"/>
      </object_component>
      <object_component id="oc-49f">
         <name>.debug_info</name>
         <load_address>0x7260</load_address>
         <run_address>0x7260</run_address>
         <size>0xb5</size>
         <input_file_ref idref="fl-b"/>
      </object_component>
      <object_component id="oc-38a">
         <name>.debug_info</name>
         <load_address>0x7315</load_address>
         <run_address>0x7315</run_address>
         <size>0x40a</size>
         <input_file_ref idref="fl-b"/>
      </object_component>
      <object_component id="oc-434">
         <name>.debug_info</name>
         <load_address>0x771f</load_address>
         <run_address>0x771f</run_address>
         <size>0x12c</size>
         <input_file_ref idref="fl-b"/>
      </object_component>
      <object_component id="oc-49e">
         <name>.debug_info</name>
         <load_address>0x784b</load_address>
         <run_address>0x784b</run_address>
         <size>0xba</size>
         <input_file_ref idref="fl-c"/>
      </object_component>
      <object_component id="oc-426">
         <name>.debug_info</name>
         <load_address>0x7905</load_address>
         <run_address>0x7905</run_address>
         <size>0xc7</size>
         <input_file_ref idref="fl-c"/>
[...]
         <object_component_ref idref="oc-1b7"/>
      </symbol>
      <symbol id="sm-7c1">
         <name>HC05_UnregisterEvtNotify</name>
         <value>0x4035</value>
         <object_component_ref idref="oc-1b7"/>
      </symbol>
      <symbol id="sm-7c2">
         <name>bluetooth_send</name>
         <value>0x3e93</value>
         <object_component_ref idref="oc-1b7"/>
      </symbol>
      <symbol id="sm-7c3">
         <name>HC05_GetSystemInfoID</name>
         <value>0x40bf</value>
         <object_component_ref idref="oc-1b7"/>
      </symbol>
      <symbol id="sm-7c4">
         <name>bluetooth_print</name>
         <value>0x3f29</value>
         <object_component_ref idref="oc-1b7"/>
      </symbol>
      <symbol id="sm-7c5">
         <name>HC05_RunTimeout</name>
         <value>0x42e3</value>
         <object_component_ref idref="oc-1b7"/>
      </symbol>
      <symbol id="sm-7c6">
         <name>HC05_GetSystemInfoType</name>
         <value>0x40b9</value>
         <object_component_ref idref="oc-1b7"/>
      </symbol>
      <symbol id="sm-7c7">
         <name>bluetooth_recv</name>
         <value>0x3db9</value>
         <object_component_ref idref="oc-1b7"/>
      </symbol>
      <symbol id="sm-7c8">
         <name>HC05_NotifyUpperLayer</name>
         <value>0x4073</value>
         <object_component_ref idref="oc-1b7"/>
      </symbol>
      <symbol id="sm-7c9">
         <name>HC05_HandleTimeoutEvt</name>
         <value>0x42d9</value>
         <object_component_ref idref="oc-1b7"/>
      </symbol>
      <symbol id="sm-7ca">
         <name>HC05_GetRxSize</name>
         <value>0x3fd3</value>
         <object_component_ref idref="oc-1b7"/>
      </symbol>
      <symbol id="sm-7cb">
         <name>HC05_EventProcessing</name>
         <value>0x40c5</value>
         <object_component_ref idref="oc-1b7"/>
      </symbol>
      <symbol id="sm-7cc">
         <name>HC05_ClearEvtQueue</name>
         <value>0x42b9</value>
         <object_component_ref idref="oc-1b7"/>
      </symbol>
      <symbol id="sm-7cd">
         <name>bluetooth_init</name>
         <value>0x3c81</value>
         <object_component_ref idref="oc-1b7"/>
      </symbol>
      <symbol id="sm-801">
         <name>BatteryVoltage</name>
         <value>0x2000282c</value>
         <object_component_ref idref="oc-238"/>
      </symbol>
      <symbol id="sm-802">
         <name>BattSenseTimerTimeout</name>
         <value>0x61d9</value>
         <object_component_ref idref="oc-106"/>
      </symbol>
      <symbol id="sm-803">
         <name>BattSense_init</name>
         <value>0x614d</value>
         <object_component_ref idref="oc-106"/>
      </symbol>
      <symbol id="sm-804">
         <name>BattSenseISR</name>
         <value>0x61f1</value>
         <object_component_ref idref="oc-106"/>
      </symbol>
      <symbol id="sm-816">
         <name>_c_int00</name>
         <value>0x7615</value>
         <object_component_ref idref="oc-24"/>
      </symbol>
      <symbol id="sm-817">
         <name>__stack</name>
         <value>0x200013fc</value>
         <object_component_ref idref="oc-29"/>
      </symbol>
      <symbol id="sm-82e">
         <name>__TI_decompress_none</name>
         <value>0x7dd9</value>
         <object_component_ref idref="oc-12"/>
      </symbol>
      <symbol id="sm-851">
         <name>__TI_decompress_rle24</name>
         <value>0x7e71</value>
         <object_component_ref idref="oc-18"/>
      </symbol>
      <symbol id="sm-863">
         <name>__TI_zero_init</name>
         <value>0x7e17</value>
         <object_component_ref idref="oc-1e"/>
      </symbol>
      <symbol id="sm-882">
         <name>C$$EXIT</name>
         <value>0x78f9</value>
         <object_component_ref idref="oc-6a"/>
      </symbol>
      <symbol id="sm-883">
         <name>abort</name>
         <value>0x78fd</value>
         <object_component_ref idref="oc-6a"/>
      </symbol>
      <symbol id="sm-884">
         <name>exit</name>
         <value>0x7905</value>
         <object_component_ref idref="oc-6a"/>
      </symbol>
      <symbol id="sm-885">
         <name>__TI_dtors_ptr</name>
         <value>0x20002820</value>
         <object_component_ref idref="oc-a8"/>
      </symbol>
      <symbol id="sm-886">
         <name>__TI_cleanup_ptr</name>
         <value>0x2000281c</value>
         <object_component_ref idref="oc-a8"/>
      </symbol>
      <symbol id="sm-8aa">
         <name>__aeabi_dsub</name>
         <value>0x6325</value>
         <object_component_ref idref="oc-233"/>
      </symbol>
      <symbol id="sm-8ab">
         <name>__aeabi_dadd</name>
         <value>0x632f</value>
         <object_component_ref idref="oc-233"/>
      </symbol>
      <symbol id="sm-8d2">
         <name>__aeabi_cdcmpeq</name>
         <value>0x71fb</value>
         <object_component_ref idref="oc-26e"/>
      </symbol>
      <symbol id="sm-8d3">
         <name>__aeabi_cdcmple</name>
         <value>0x71fb</value>
         <object_component_ref idref="oc-26e"/>
      </symbol>
      <symbol id="sm-8d4">
         <name>__aeabi_cdrcmple</name>
         <value>0x7281</value>
         <object_component_ref idref="oc-1f9"/>
      </symbol>
      <symbol id="sm-8f4">
         <name>__aeabi_ddiv</name>
         <value>0x6919</value>
         <object_component_ref idref="oc-1f4"/>
      </symbol>
      <symbol id="sm-90b">
         <name>__aeabi_dmul</name>
         <value>0x6ebd</value>
         <object_component_ref idref="oc-188"/>
      </symbol>
      <symbol id="sm-919">
         <name>__aeabi_d2iz</name>
         <value>0x7825</value>
         <object_component_ref idref="oc-18d"/>
      </symbol>
      <symbol id="sm-925">
         <name>__aeabi_d2f</name>
         <value>0x7749</value>
         <object_component_ref idref="oc-143"/>
      </symbol>
      <symbol id="sm-933">
         <name>__aeabi_f2d</name>
         <value>0x7a7d</value>
         <object_component_ref idref="oc-148"/>
      </symbol>
      <symbol id="sm-93f">
         <name>__aeabi_i2d</name>
         <value>0x7bb1</value>
         <object_component_ref idref="oc-138"/>
      </symbol>
      <symbol id="sm-95a">
         <name>memcpy</name>
         <value>0x715f</value>
         <object_component_ref idref="oc-33"/>
      </symbol>
      <symbol id="sm-95b">
         <name>__aeabi_memcpy</name>
         <value>0x715f</value>
         <object_component_ref idref="oc-33"/>
      </symbol>
      <symbol id="sm-95c">
         <name>__aeabi_memcpy8</name>
         <value>0x715f</value>
         <object_component_ref idref="oc-33"/>
      </symbol>
      <symbol id="sm-95d">
         <name>__aeabi_memcpy4</name>
         <value>0x715f</value>
         <object_component_ref idref="oc-33"/>
      </symbol>
      <symbol id="sm-96c">
         <name>__aeabi_memset</name>
         <value>0x7309</value>
         <object_component_ref idref="oc-4c"/>
      </symbol>
      <symbol id="sm-96d">
         <name>memset</name>
         <value>0x730f</value>
         <object_component_ref idref="oc-4c"/>
      </symbol>
      <symbol id="sm-96e">
         <name>__aeabi_memset8</name>
         <value>0x7309</value>
         <object_component_ref idref="oc-4c"/>
      </symbol>
      <symbol id="sm-96f">
         <name>__aeabi_memset4</name>
         <value>0x7309</value>
         <object_component_ref idref="oc-4c"/>
      </symbol>
      <symbol id="sm-970">
         <name>__aeabi_memclr8</name>
         <value>0x7307</value>
         <object_component_ref idref="oc-4c"/>
      </symbol>
      <symbol id="sm-971">
         <name>__aeabi_memclr4</name>
         <value>0x7307</value>
         <object_component_ref idref="oc-4c"/>
      </symbol>
      <symbol id="sm-972">
         <name>__aeabi_memclr</name>
         <value>0x7307</value>
         <object_component_ref idref="oc-4c"/>
      </symbol>
      <symbol id="sm-97c">
         <name>_system_pre_init</name>
         <value>0x7e7b</value>
         <object_component_ref idref="oc-58"/>
      </symbol>
      <symbol id="sm-984">
         <name>main_func_sp</name>
         <value>0x20002840</value>
         <object_component_ref idref="oc-70"/>
      </symbol>
      <symbol id="sm-992">
         <name>strlen</name>
         <value>0x7d85</value>
         <object_component_ref idref="oc-319"/>
      </symbol>
      <symbol id="sm-9af">
         <name>vsprintf</name>
         <value>0x786d</value>
         <object_component_ref idref="oc-313"/>
      </symbol>
      <symbol id="sm-9c8">
         <name>_nop</name>
         <value>0x7d7f</value>
         <object_component_ref idref="oc-11d"/>
      </symbol>
      <symbol id="sm-9c9">
         <name>_lock</name>
         <value>0x20002814</value>
         <object_component_ref idref="oc-a5"/>
      </symbol>
      <symbol id="sm-9ca">
         <name>_unlock</name>
         <value>0x20002818</value>
         <object_component_ref idref="oc-a5"/>
      </symbol>
      <symbol id="sm-9cb">
         <name>_register_lock</name>
         <value>0x7d77</value>
         <object_component_ref idref="oc-11d"/>
      </symbol>
      <symbol id="sm-9cc">
         <name>_register_unlock</name>
         <value>0x7d71</value>
         <object_component_ref idref="oc-11d"/>
      </symbol>
      <symbol id="sm-ad1">
         <name>__TI_printfi</name>
         <value>0x2805</value>
         <object_component_ref idref="oc-3ea"/>
      </symbol>
      <symbol id="sm-ae6">
         <name>_args_main</name>
         <value>0x7d2d</value>
         <object_component_ref idref="oc-64"/>
      </symbol>
      <symbol id="sm-afc">
         <name>atoi</name>
         <value>0x76b1</value>
         <object_component_ref idref="oc-479"/>
      </symbol>
      <symbol id="sm-b22">
         <name>__TI_auto_init</name>
         <value>0x7381</value>
         <object_component_ref idref="oc-5e"/>
      </symbol>
      <symbol id="sm-b3c">
         <name>copy_in</name>
         <value>0x76fd</value>
         <object_component_ref idref="oc-95"/>
      </symbol>
      <symbol id="sm-b47">
         <name>_ctypes_</name>
         <value>0x7e80</value>
         <object_component_ref idref="oc-4c3"/>
      </symbol>
      <symbol id="sm-b54">
         <name>frexp</name>
         <value>0x7c37</value>
         <object_component_ref idref="oc-45b"/>
      </symbol>
      <symbol id="sm-b66">
         <name>ldexp</name>
         <value>0x7573</value>
         <object_component_ref idref="oc-461"/>
      </symbol>
      <symbol id="sm-b75">
         <name>ltoa</name>
         <value>0x751d</value>
         <object_component_ref idref="oc-455"/>
      </symbol>
      <symbol id="sm-b85">
         <name>memccpy</name>
         <value>0x7c99</value>
         <object_component_ref idref="oc-473"/>
      </symbol>
      <symbol id="sm-b95">
         <name>strchr</name>
         <value>0x7d45</value>
         <object_component_ref idref="oc-467"/>
      </symbol>
      <symbol id="sm-bbf">
         <name>__aeabi_uldivmod</name>
         <value>0x5f59</value>
         <object_component_ref idref="oc-450"/>
      </symbol>
      <symbol id="sm-bcd">
         <name>_Dclass</name>
         <value>0x7b51</value>
         <object_component_ref idref="oc-46d"/>
      </symbol>
      <symbol id="sm-bee">
         <name>_Dscale</name>
         <value>0x6dad</value>
         <object_component_ref idref="oc-4af"/>
      </symbol>
      <symbol id="sm-c02">
         <name>_Dunscale</name>
         <value>0x7457</value>
         <object_component_ref idref="oc-4a7"/>
      </symbol>
      <symbol id="sm-c11">
         <name>_Feraise</name>
         <value>0x7b81</value>
         <object_component_ref idref="oc-4b5"/>
      </symbol>
      <symbol id="sm-c21">
         <name>_Rteps</name>
         <value>0x20002610</value>
         <object_component_ref idref="oc-4df"/>
      </symbol>
      <symbol id="sm-c22">
         <name>_Zero</name>
         <value>0x20002628</value>
         <object_component_ref idref="oc-4df"/>
      </symbol>
      <symbol id="sm-c23">
         <name>_Hugeval</name>
         <value>0x200025d0</value>
         <object_component_ref idref="oc-4df"/>
      </symbol>
      <symbol id="sm-c24">
         <name>_Snan</name>
         <value>0x20002600</value>
         <object_component_ref idref="oc-4df"/>
      </symbol>
      <symbol id="sm-c25">
         <name>_Nan</name>
         <value>0x200025f0</value>
         <object_component_ref idref="oc-4df"/>
      </symbol>
      <symbol id="sm-c26">
         <name>_Inf</name>
         <value>0x200025e0</value>
         <object_component_ref idref="oc-4df"/>
      </symbol>
      <symbol id="sm-c27">
         <name>_Xbig</name>
         <value>0x20002620</value>
         <object_component_ref idref="oc-4df"/>
      </symbol>
      <symbol id="sm-c28">
         <name>_Eps</name>
         <value>0x200025c0</value>
         <object_component_ref idref="oc-4df"/>
      </symbol>
      <symbol id="sm-c29">
         <name>_Denorm</name>
         <value>0x200025b0</value>
         <object_component_ref idref="oc-4df"/>
      </symbol>
      <symbol id="sm-c31">
         <name>_Errno</name>
         <value>0x2000283c</value>
         <object_component_ref idref="oc-4ea"/>
      </symbol>
      <symbol id="sm-c4f">
         <name>feraiseexcept</name>
         <value>0x7b1d</value>
         <object_component_ref idref="oc-4e4"/>
      </symbol>
      <symbol id="sm-c50">
         <name>_Tls_setup__Fenv</name>
         <value>0x20002828</value>
         <object_component_ref idref="oc-50e"/>
      </symbol>
      <symbol id="sm-c51">
         <name>_Fenv</name>
         <value>0x20002824</value>
         <object_component_ref idref="oc-50e"/>
      </symbol>
      <symbol id="sm-c65">
         <name>raise</name>
         <value>0x7bdf</value>
         <object_component_ref idref="oc-508"/>
      </symbol>
      <symbol id="sm-c7f">
         <name>signal</name>
         <value>0x7a3d</value>
         <object_component_ref idref="oc-518"/>
      </symbol>
      <symbol id="sm-c94">
         <name>_Dnorm</name>
         <value>0x70a1</value>
         <object_component_ref idref="oc-4d5"/>
      </symbol>
      <symbol id="sm-d27">
         <name>UARTCharPutNonBlocking</name>
         <value>0x7dcb</value>
         <object_component_ref idref="oc-301"/>
      </symbol>
      <symbol id="sm-d28">
         <name>UARTTxIntModeSet</name>
         <value>0x7e0b</value>
         <object_component_ref idref="oc-2ef"/>
      </symbol>
      <symbol id="sm-d29">
         <name>UARTConfigSetExpClk</name>
         <value>0x797d</value>
         <object_component_ref idref="oc-2dd"/>
      </symbol>
      <symbol id="sm-d2a">
         <name>UARTDisable</name>
         <value>0x7c7d</value>
         <object_component_ref idref="oc-3ce"/>
      </symbol>
      <symbol id="sm-d2b">
         <name>UARTIntEnable</name>
         <value>0x7e57</value>
         <object_component_ref idref="oc-2e9"/>
      </symbol>
      <symbol id="sm-d2c">
         <name>UARTCharsAvail</name>
         <value>0x7dff</value>
         <object_component_ref idref="oc-30d"/>
      </symbol>
      <symbol id="sm-d2d">
         <name>UARTEnable</name>
         <value>0x7d5b</value>
         <object_component_ref idref="oc-3d4"/>
      </symbol>
      <symbol id="sm-d2e">
         <name>UARTIntClear</name>
         <value>0x7e77</value>
         <object_component_ref idref="oc-2fb"/>
      </symbol>
      <symbol id="sm-d2f">
         <name>UARTIntStatus</name>
         <value>0x7e4d</value>
         <object_component_ref idref="oc-2f5"/>
      </symbol>
      <symbol id="sm-d30">
         <name>UARTCharGet</name>
         <value>0x7e43</value>
         <object_component_ref idref="oc-307"/>
      </symbol>
      <symbol id="sm-d31">
         <name>UARTIntRegister</name>
         <value>0x7d15</value>
         <object_component_ref idref="oc-2e3"/>
      </symbol>
      <symbol id="sm-d61">
         <name>TimerIntRegister</name>
         <value>0x7cfd</value>
         <object_component_ref idref="oc-1c9"/>
      </symbol>
      <symbol id="sm-d70">
         <name>SysTickIntRegister</name>
         <value>0x7c61</value>
         <object_component_ref idref="oc-167"/>
      </symbol>
      <symbol id="sm-dbb">
         <name>SysCtlDelay</name>
         <value>0x7e6b</value>
         <object_component_ref idref="oc-e1"/>
      </symbol>
      <symbol id="sm-dbc">
         <name>SysCtlPeripheralEnable</name>
         <value>0x7ae9</value>
         <object_component_ref idref="oc-17c"/>
      </symbol>
      <symbol id="sm-dbd">
         <name>SysCtlClockGet</name>
         <value>0x6b81</value>
         <object_component_ref idref="oc-db"/>
      </symbol>
      <symbol id="sm-dbe">
         <name>SysCtlPeripheralReset</name>
         <value>0x75c5</value>
         <object_component_ref idref="oc-2a6"/>
      </symbol>
      <symbol id="sm-ddd">
         <name>QEIIntRegister</name>
         <value>0x7ce5</value>
         <object_component_ref idref="oc-19d"/>
      </symbol>
      <symbol id="sm-e1f">
         <name>IntEnable</name>
         <value>0x74bd</value>
         <object_component_ref idref="oc-2b9"/>
      </symbol>
      <symbol id="sm-e20">
         <name>IntRegister</name>
         <value>0x7ab5</value>
         <object_component_ref idref="oc-28d"/>
      </symbol>
      <symbol id="sm-e21">
         <name>IntMasterDisable</name>
         <value>0x7e39</value>
         <object_component_ref idref="oc-16d"/>
      </symbol>
      <symbol id="sm-e22">
         <name>g_pfnRAMVectors</name>
         <value>0x20000000</value>
         <object_component_ref idref="oc-3a2"/>
      </symbol>
      <symbol id="sm-ea5">
         <name>GPIOIntRegister</name>
         <value>0x7ccd</value>
         <object_component_ref idref="oc-23c"/>
      </symbol>
      <symbol id="sm-ea6">
         <name>GPIOPinConfigure</name>
         <value>0x7795</value>
         <object_component_ref idref="oc-2d1"/>
      </symbol>
      <symbol id="sm-ea7">
         <name>GPIOIntEnable</name>
         <value>0x7df3</value>
         <object_component_ref idref="oc-242"/>
      </symbol>
      <symbol id="sm-ea8">
         <name>GPIOIntClear</name>
         <value>0x7e5f</value>
         <object_component_ref idref="oc-248"/>
      </symbol>
      <symbol id="sm-ea9">
         <name>GPIOPinTypeUART</name>
         <value>0x7d99</value>
         <object_component_ref idref="oc-2d7"/>
      </symbol>
      <symbol id="sm-eaa">
         <name>GPIOIntStatus</name>
         <value>0x7dbd</value>
         <object_component_ref idref="oc-24e"/>
      </symbol>
      <symbol id="sm-eab">
         <name>GPIOPinRead</name>
         <value>0x7e65</value>
         <object_component_ref idref="oc-c9"/>
      </symbol>
      <symbol id="sm-eac">
         <name>GPIODirModeSet</name>
         <value>0x7c0d</value>
         <object_component_ref idref="oc-3c1"/>
      </symbol>
      <symbol id="sm-ead">
         <name>GPIOPadConfigSet</name>
         <value>0x6a4f</value>
         <object_component_ref idref="oc-3c7"/>
      </symbol>
      <symbol id="sm-eca">
         <name>EEPROMInit</name>
         <value>0x793d</value>
         <object_component_ref idref="oc-182"/>
      </symbol>
      <symbol id="sm-ed4">
         <name>CPUcpsid</name>
         <value>0x7de7</value>
         <object_component_ref idref="oc-295"/>
      </symbol>
      <symbol id="sm-ef2">
         <name>ADCIntRegister</name>
         <value>0x7cb5</value>
         <object_component_ref idref="oc-1aa"/>
      </symbol>
      <symbol id="sm-ef3">
         <name>__TI_static_base__</name>
         <value>0x0</value>
      </symbol>
      <symbol id="sm-ef6">
         <name>SHT$$INIT_ARRAY$$Limit</name>
         <value>0x0</value>
      </symbol>
      <symbol id="sm-ef7">
         <name>SHT$$INIT_ARRAY$$Base</name>
         <value>0x0</value>
      </symbol>
   </symbol_table>
   <title>Link successful</title>
</link_info>
