******************************************************************************
                  TI ARM Linker PC v5.2.4                      
******************************************************************************
>> Linked Sun Sep 27 14:27:14 2015

OUTPUT FILE NAME:   <[TSLM]UART_Test.out>
ENTRY POINT SYMBOL: "_c_int00"  address: 00000fdd


MEMORY CONFIGURATION

         name            origin    length      used     unused   attr    fill
----------------------  --------  ---------  --------  --------  ----  --------
  FLASH                 00000000   00040000  00001718  0003e8e8  R  X
  SRAM                  20000000   00008000  000032cc  00004d34  RW X


SEGMENT ALLOCATION MAP

run origin  load origin   length   init length attrs members
----------  ----------- ---------- ----------- ----- -------
00000000    00000000    00001718   00001718    r-x
  00000000    00000000    0000026c   0000026c    r-- .intvecs
  0000026c    0000026c    0000115c   0000115c    r-x .text
  000013c8    000013c8    00000300   00000300    r-- .const
  000016c8    000016c8    00000050   00000050    r-- .cinit
20000000    20000000    000032cc   00000000    rw-
  20000000    20000000    0000026c   00000000    rw- .vtable
  2000026c    2000026c    00002000   00000000    rw- .stack
  2000226c    2000226c    00001040   00000000    rw- .bss
  200032ac    200032ac    00000020   00000000    rw- .data


SECTION ALLOCATION MAP

 output                                  attributes/
section   page    origin      length       input sections
--------  ----  ----------  ----------   ----------------
.intvecs   0    00000000    0000026c     
                  00000000    0000026c     startup_ccs.obj (.intvecs)

.text      0    0000026c    0000115c     
                  0000026c    00000338     long_uart.obj (.text)
                  000005a4    000002fc     SystemConfig.obj (.text)
                  000008a0    00000148     Button.obj (.text)
                  000009e8    00000130     driverlib.lib : gpio.obj (.text:GPIOPadConfigSet)
                  00000b18    00000104     ringbuf.obj (.text)
                  00000c1c    000000b4     Timer.obj (.text)
                  00000cd0    0000009c     rtsv7M4_T_le_v4SPD16_eabi.lib : memcpy_t2.obj (.text)
                  00000d6c    0000007a                                   : memset_t2.obj (.text)
                  00000de6    00000002     --HOLE-- [fill = 0]
                  00000de8    0000006c                                   : autoinit.obj (.text)
                  00000e54    0000006a                                   : copy_decompress_rle.obj (.text)
                  00000ebe    00000002     --HOLE-- [fill = 0]
                  00000ec0    00000060     driverlib.lib : interrupt.obj (.text:IntDisable)
                  00000f20    00000060                   : interrupt.obj (.text:IntEnable)
                  00000f80    0000005c     main.obj (.text)
                  00000fdc    00000050     rtsv7M4_T_le_v4SPD16_eabi.lib : boot.obj (.text)
                  0000102c    0000004c                                   : cpy_tbl.obj (.text)
                  00001078    00000048     driverlib.lib : gpio.obj (.text:GPIOPinConfigure)
                  000010c0    00000044     rtsv7M4_T_le_v4SPD16_eabi.lib : exit.obj (.text)
                  00001104    00000040     driverlib.lib : uart.obj (.text:UARTConfigSetExpClk)
                  00001144    00000040                   : gpio.obj (.text:_GPIOIntNumberGet)
                  00001184    00000040                   : uart.obj (.text:_UARTIntNumberGet)
                  000011c4    00000034                   : interrupt.obj (.text:IntRegister)
                  000011f8    00000034                   : sysctl.obj (.text:SysCtlPeripheralEnable)
                  0000122c    0000002a                   : gpio.obj (.text:GPIODirModeSet)
                  00001256    00000002     --HOLE-- [fill = 0]
                  00001258    0000001c                   : systick.obj (.text:SysTickIntRegister)
                  00001274    0000001c                   : uart.obj (.text:UARTDisable)
                  00001290    00000018                   : gpio.obj (.text:GPIOIntRegister)
                  000012a8    00000018                   : uart.obj (.text:UARTIntRegister)
                  000012c0    00000018     rtsv7M4_T_le_v4SPD16_eabi.lib : args_main.obj (.text)
                  000012d8    00000014     driverlib.lib : uart.obj (.text:UARTEnable)
                  000012ec    00000014     rtsv7M4_T_le_v4SPD16_eabi.lib : _lock.obj (.text)
                  00001300    00000012     driverlib.lib : gpio.obj (.text:GPIOPinTypeUART)
                  00001312    0000000e                   : gpio.obj (.text:GPIOIntStatus)
                  00001320    0000000e                   : uart.obj (.text:UARTCharPutNonBlocking)
                  0000132e    0000000e     rtsv7M4_T_le_v4SPD16_eabi.lib : copy_decompress_none.obj (.text:decompress:none)
                  0000133c    0000000c     driverlib.lib : cpu.obj (.text:CPUcpsid)
                  00001348    0000000c                   : gpio.obj (.text:GPIOIntEnable)
                  00001354    0000000c                   : uart.obj (.text:UARTCharsAvail)
                  00001360    0000000c                   : uart.obj (.text:UARTTxIntModeSet)
                  0000136c    0000000c     rtsv7M4_T_le_v4SPD16_eabi.lib : copy_zero_init.obj (.text:decompress:ZI)
                  00001378    0000000c     startup_ccs.obj (.text)
                  00001384    0000000a     driverlib.lib : interrupt.obj (.text:IntMasterDisable)
                  0000138e    0000000a                   : uart.obj (.text:UARTCharGet)
                  00001398    0000000a                   : uart.obj (.text:UARTIntDisable)
                  000013a2    0000000a                   : uart.obj (.text:UARTIntStatus)
                  000013ac    00000008                   : uart.obj (.text:UARTIntEnable)
                  000013b4    00000006                   : gpio.obj (.text:GPIOIntClear)
                  000013ba    00000006     rtsv7M4_T_le_v4SPD16_eabi.lib : copy_decompress_rle.obj (.text:decompress:rle24)
                  000013c0    00000004     driverlib.lib : uart.obj (.text:UARTIntClear)
                  000013c4    00000004     rtsv7M4_T_le_v4SPD16_eabi.lib : pre_init.obj (.text)

.const     0    000013c8    00000300     
                  000013c8    000000c0     driverlib.lib : gpio.obj (.const:g_ppui32GPIOIntMapBlizzard)
                  00001488    000000c0                   : gpio.obj (.const:g_ppui32GPIOIntMapSnowflake)
                  00001548    00000090                   : gpio.obj (.const:g_pui32GPIOBaseAddrs)
                  000015d8    00000070                   : interrupt.obj (.const)
                  00001648    00000040                   : uart.obj (.const:g_ppui32UARTIntMap)
                  00001688    00000040                   : uart.obj (.const:g_ppui32UARTIntMapSnowflake)

.cinit     0    000016c8    00000050     
                  000016c8    00000019     (.cinit..data.load) [load image, compression = rle]
                  000016e1    00000003     --HOLE-- [fill = 0]
                  000016e4    0000000c     (__TI_handler_table)
                  000016f0    00000008     (.cinit..bss.load) [load image, compression = zero_init]
                  000016f8    00000008     (.cinit..vtable.load) [load image, compression = zero_init]
                  00001700    00000018     (__TI_cinit_table)

.init_array 
*          0    00000000    00000000     UNINITIALIZED

.vtable    0    20000000    0000026c     UNINITIALIZED
                  20000000    0000026c     driverlib.lib : interrupt.obj (.vtable)

.stack     0    2000026c    00002000     UNINITIALIZED
                  2000026c    00002000     --HOLE--

.bss       0    2000226c    00001040     UNINITIALIZED
                  2000226c    00000400     long_uart.obj (.bss:long_Uart0_RxBuf)
                  2000266c    00000400     long_uart.obj (.bss:long_Uart0_TxBuf)
                  20002a6c    00000400     long_uart.obj (.bss:long_Uart2_RxBuf)
                  20002e6c    00000400     long_uart.obj (.bss:long_Uart2_TxBuf)
                  2000326c    00000010     (.common:long_Uart0_RxRingBuf)
                  2000327c    00000010     (.common:long_Uart0_TxRingBuf)
                  2000328c    00000010     (.common:long_Uart2_RxRingBuf)
                  2000329c    00000010     (.common:long_Uart2_TxRingBuf)

.TI.noinit 
*          0    2000226c    00000000     UNINITIALIZED

.data      0    200032ac    00000020     UNINITIALIZED
                  200032ac    0000000c     SystemConfig.obj (.data)
                  200032b8    00000008     rtsv7M4_T_le_v4SPD16_eabi.lib : _lock.obj (.data)
                  200032c0    00000008                                   : exit.obj (.data)
                  200032c8    00000004                                   : stkdepth_vars.obj (.data)

.TI.persistent 
*          0    200032ac    00000000     UNINITIALIZED


LINKER GENERATED COPY TABLES

__TI_cinit_table @ 00001700 records: 3, size/record: 8, table size: 24
	.data: load addr=000016c8, load size=00000019 bytes, run addr=200032ac, run size=00000020 bytes, compression=rle
	.bss: load addr=000016f0, load size=00000008 bytes, run addr=2000226c, run size=00001040 bytes, compression=zero_init
	.vtable: load addr=000016f8, load size=00000008 bytes, run addr=20000000, run size=0000026c bytes, compression=zero_init


LINKER GENERATED HANDLER TABLE

__TI_handler_table @ 000016e4 records: 3, size/record: 4, table size: 12
	index: 0, handler: __TI_zero_init
	index: 1, handler: __TI_decompress_rle24
	index: 2, handler: __TI_decompress_none


GLOBAL SYMBOLS: SORTED ALPHABETICALLY BY Name 

address   name                       
-------   ----                       
000008ef  Button_init                
000010c1  C$$EXIT                    
0000133d  CPUcpsid                   
000005d1  Config_Pins                
000005ab  Config_System              
0000122d  GPIODirModeSet             
000013b5  GPIOIntClear               
00001349  GPIOIntEnable              
00001291  GPIOIntRegister            
00001313  GPIOIntStatus              
000009e9  GPIOPadConfigSet           
00001079  GPIOPinConfigure           
00001301  GPIOPinTypeUART            
000008a1  GPIOPinUnlockGPIO          
00000ec1  IntDisable                 
00000f21  IntEnable                  
00001385  IntMasterDisable           
000011c5  IntRegister                
000006b5  LED_Display_init           
00000409  Long_Uart0_GetChar         
0000026d  Long_Uart0_Init            
00000369  Long_Uart0_PutChar         
000003cd  Long_Uart0_PutString       
00000417  Long_Uart2_GetChar         
000002ed  Long_Uart2_Init            
0000039b  Long_Uart2_PutChar         
000003eb  Long_Uart2_PutString       
00000ba3  RINGBUF_Get                
00000beb  RINGBUF_GetFill            
00000b19  RINGBUF_Init               
00000b55  RINGBUF_Put                
00001379  ResetISR                   
UNDEFED   SHT$$INIT_ARRAY$$Base      
UNDEFED   SHT$$INIT_ARRAY$$Limit     
000011f9  SysCtlPeripheralEnable     
00001259  SysTickIntRegister         
00000c9f  TIMER_ISR                  
00000c1d  Timer_Init                 
0000138f  UARTCharGet                
00001321  UARTCharPutNonBlocking     
00001355  UARTCharsAvail             
00001105  UARTConfigSetExpClk        
00001275  UARTDisable                
000012d9  UARTEnable                 
000013c1  UARTIntClear               
00001399  UARTIntDisable             
000013ad  UARTIntEnable              
000012a9  UARTIntRegister            
000013a3  UARTIntStatus              
00001361  UARTTxIntModeSet           
2000226c  __STACK_END                
00002000  __STACK_SIZE               
2000046c  __STACK_TOP                
00001700  __TI_CINIT_Base            
00001718  __TI_CINIT_Limit           
000016e4  __TI_Handler_Table_Base    
000016f0  __TI_Handler_Table_Limit   
00000de9  __TI_auto_init             
200032c0  __TI_cleanup_ptr           
0000132f  __TI_decompress_none       
000013bb  __TI_decompress_rle24      
200032c4  __TI_dtors_ptr             
00000000  __TI_static_base__         
0000136d  __TI_zero_init             
00000d6d  __aeabi_memclr             
00000d6d  __aeabi_memclr4            
00000d6d  __aeabi_memclr8            
00000cd1  __aeabi_memcpy             
00000cd1  __aeabi_memcpy4            
00000cd1  __aeabi_memcpy8            
00000d6f  __aeabi_memset             
00000d6f  __aeabi_memset4            
00000d6f  __aeabi_memset8            
ffffffff  __binit__                  
ffffffff  __c_args__                 
2000026c  __stack                    
000012c1  _args_main                 
00000fdd  _c_int00                   
200032b8  _lock                      
000012fb  _nop                       
000012f3  _register_lock             
000012ed  _register_unlock           
000013c5  _system_pre_init           
200032bc  _unlock                    
000010c5  abort                      
ffffffff  binit                      
0000102d  copy_in                    
000010cd  exit                       
20000000  g_pfnRAMVectors            
00000000  g_pfnVectors               
00000f81  main                       
200032c8  main_func_sp               
00000cd1  memcpy                     
00000d75  memset                     
00000681  system_Enable_BoostCircuit 
00000737  system_GetState            
00000751  system_Process_System_State
0000073d  system_SetState            
000005a5  u32_UsrSystemClockGet      


GLOBAL SYMBOLS: SORTED BY Symbol Address 

address   name                       
-------   ----                       
00000000  __TI_static_base__         
00000000  g_pfnVectors               
0000026d  Long_Uart0_Init            
000002ed  Long_Uart2_Init            
00000369  Long_Uart0_PutChar         
0000039b  Long_Uart2_PutChar         
000003cd  Long_Uart0_PutString       
000003eb  Long_Uart2_PutString       
00000409  Long_Uart0_GetChar         
00000417  Long_Uart2_GetChar         
000005a5  u32_UsrSystemClockGet      
000005ab  Config_System              
000005d1  Config_Pins                
00000681  system_Enable_BoostCircuit 
000006b5  LED_Display_init           
00000737  system_GetState            
0000073d  system_SetState            
00000751  system_Process_System_State
000008a1  GPIOPinUnlockGPIO          
000008ef  Button_init                
000009e9  GPIOPadConfigSet           
00000b19  RINGBUF_Init               
00000b55  RINGBUF_Put                
00000ba3  RINGBUF_Get                
00000beb  RINGBUF_GetFill            
00000c1d  Timer_Init                 
00000c9f  TIMER_ISR                  
00000cd1  __aeabi_memcpy             
00000cd1  __aeabi_memcpy4            
00000cd1  __aeabi_memcpy8            
00000cd1  memcpy                     
00000d6d  __aeabi_memclr             
00000d6d  __aeabi_memclr4            
00000d6d  __aeabi_memclr8            
00000d6f  __aeabi_memset             
00000d6f  __aeabi_memset4            
00000d6f  __aeabi_memset8            
00000d75  memset                     
00000de9  __TI_auto_init             
00000ec1  IntDisable                 
00000f21  IntEnable                  
00000f81  main                       
00000fdd  _c_int00                   
0000102d  copy_in                    
00001079  GPIOPinConfigure           
000010c1  C$$EXIT                    
000010c5  abort                      
000010cd  exit                       
00001105  UARTConfigSetExpClk        
000011c5  IntRegister                
000011f9  SysCtlPeripheralEnable     
0000122d  GPIODirModeSet             
00001259  SysTickIntRegister         
00001275  UARTDisable                
00001291  GPIOIntRegister            
000012a9  UARTIntRegister            
000012c1  _args_main                 
000012d9  UARTEnable                 
000012ed  _register_unlock           
000012f3  _register_lock             
000012fb  _nop                       
00001301  GPIOPinTypeUART            
00001313  GPIOIntStatus              
00001321  UARTCharPutNonBlocking     
0000132f  __TI_decompress_none       
0000133d  CPUcpsid                   
00001349  GPIOIntEnable              
00001355  UARTCharsAvail             
00001361  UARTTxIntModeSet           
0000136d  __TI_zero_init             
00001379  ResetISR                   
00001385  IntMasterDisable           
0000138f  UARTCharGet                
00001399  UARTIntDisable             
000013a3  UARTIntStatus              
000013ad  UARTIntEnable              
000013b5  GPIOIntClear               
000013bb  __TI_decompress_rle24      
000013c1  UARTIntClear               
000013c5  _system_pre_init           
000016e4  __TI_Handler_Table_Base    
000016f0  __TI_Handler_Table_Limit   
00001700  __TI_CINIT_Base            
00001718  __TI_CINIT_Limit           
00002000  __STACK_SIZE               
20000000  g_pfnRAMVectors            
2000026c  __stack                    
2000046c  __STACK_TOP                
2000226c  __STACK_END                
200032b8  _lock                      
200032bc  _unlock                    
200032c0  __TI_cleanup_ptr           
200032c4  __TI_dtors_ptr             
200032c8  main_func_sp               
ffffffff  __binit__                  
ffffffff  __c_args__                 
ffffffff  binit                      
UNDEFED   SHT$$INIT_ARRAY$$Base      
UNDEFED   SHT$$INIT_ARRAY$$Limit     

[99 symbols]
